Archive member included to satisfy reference by file (symbol)

D:\GITHUB\STM32\EDS_2023\MCAL_F40x\Debug\libMCAL.a(mcalGPIO.o)
                              ./Src/I2C.o (gpioInitPort)
D:\GITHUB\STM32\EDS_2023\MCAL_F40x\Debug\libMCAL.a(mcalI2C.o)
                              ./Src/I2C.o (i2cInitI2C)
D:\GITHUB\STM32\EDS_2023\MCAL_F40x\Debug\libMCAL.a(mcalRCC.o)
                              D:\GITHUB\STM32\EDS_2023\MCAL_F40x\Debug\libMCAL.a(mcalI2C.o) (rccGetPclk1Freq)
D:\GITHUB\STM32\EDS_2023\MCAL_F40x\Debug\libMCAL.a(mcalSPI.o)
                              ./Src/hw_config.o (spiInitSPI)
D:\GITHUB\STM32\EDS_2023\MCAL_F40x\Debug\libMCAL.a(mcalSysTick.o)
                              ./Src/main.o (systickSetMillis)
c:/st/stm32cubeide_1.12.0/stm32cubeide/plugins/com.st.stm32cube.ide.mcu.externaltools.gnu-tools-for-stm32.10.3-2021.10.win32_1.0.200.202301161003/tools/bin/../lib/gcc/arm-none-eabi/10.3.1/../../../../arm-none-eabi/lib/thumb/v7e-m+fp/hard\libc_nano.a(lib_a-errno.o)
                              ./Src/syscalls.o (__errno)
c:/st/stm32cubeide_1.12.0/stm32cubeide/plugins/com.st.stm32cube.ide.mcu.externaltools.gnu-tools-for-stm32.10.3-2021.10.win32_1.0.200.202301161003/tools/bin/../lib/gcc/arm-none-eabi/10.3.1/../../../../arm-none-eabi/lib/thumb/v7e-m+fp/hard\libc_nano.a(lib_a-exit.o)
                              c:/st/stm32cubeide_1.12.0/stm32cubeide/plugins/com.st.stm32cube.ide.mcu.externaltools.gnu-tools-for-stm32.10.3-2021.10.win32_1.0.200.202301161003/tools/bin/../lib/gcc/arm-none-eabi/10.3.1/../../../../arm-none-eabi/lib/thumb/v7e-m+fp/hard/crt0.o (exit)
c:/st/stm32cubeide_1.12.0/stm32cubeide/plugins/com.st.stm32cube.ide.mcu.externaltools.gnu-tools-for-stm32.10.3-2021.10.win32_1.0.200.202301161003/tools/bin/../lib/gcc/arm-none-eabi/10.3.1/../../../../arm-none-eabi/lib/thumb/v7e-m+fp/hard\libc_nano.a(lib_a-impure.o)
                              c:/st/stm32cubeide_1.12.0/stm32cubeide/plugins/com.st.stm32cube.ide.mcu.externaltools.gnu-tools-for-stm32.10.3-2021.10.win32_1.0.200.202301161003/tools/bin/../lib/gcc/arm-none-eabi/10.3.1/../../../../arm-none-eabi/lib/thumb/v7e-m+fp/hard\libc_nano.a(lib_a-exit.o) (_global_impure_ptr)
c:/st/stm32cubeide_1.12.0/stm32cubeide/plugins/com.st.stm32cube.ide.mcu.externaltools.gnu-tools-for-stm32.10.3-2021.10.win32_1.0.200.202301161003/tools/bin/../lib/gcc/arm-none-eabi/10.3.1/../../../../arm-none-eabi/lib/thumb/v7e-m+fp/hard\libc_nano.a(lib_a-init.o)
                              c:/st/stm32cubeide_1.12.0/stm32cubeide/plugins/com.st.stm32cube.ide.mcu.externaltools.gnu-tools-for-stm32.10.3-2021.10.win32_1.0.200.202301161003/tools/bin/../lib/gcc/arm-none-eabi/10.3.1/../../../../arm-none-eabi/lib/thumb/v7e-m+fp/hard/crt0.o (__libc_init_array)
c:/st/stm32cubeide_1.12.0/stm32cubeide/plugins/com.st.stm32cube.ide.mcu.externaltools.gnu-tools-for-stm32.10.3-2021.10.win32_1.0.200.202301161003/tools/bin/../lib/gcc/arm-none-eabi/10.3.1/../../../../arm-none-eabi/lib/thumb/v7e-m+fp/hard\libc_nano.a(lib_a-malloc.o)
                              ./Src/ST7735.o (malloc)
c:/st/stm32cubeide_1.12.0/stm32cubeide/plugins/com.st.stm32cube.ide.mcu.externaltools.gnu-tools-for-stm32.10.3-2021.10.win32_1.0.200.202301161003/tools/bin/../lib/gcc/arm-none-eabi/10.3.1/../../../../arm-none-eabi/lib/thumb/v7e-m+fp/hard\libc_nano.a(lib_a-memset.o)
                              c:/st/stm32cubeide_1.12.0/stm32cubeide/plugins/com.st.stm32cube.ide.mcu.externaltools.gnu-tools-for-stm32.10.3-2021.10.win32_1.0.200.202301161003/tools/bin/../lib/gcc/arm-none-eabi/10.3.1/../../../../arm-none-eabi/lib/thumb/v7e-m+fp/hard/crt0.o (memset)
c:/st/stm32cubeide_1.12.0/stm32cubeide/plugins/com.st.stm32cube.ide.mcu.externaltools.gnu-tools-for-stm32.10.3-2021.10.win32_1.0.200.202301161003/tools/bin/../lib/gcc/arm-none-eabi/10.3.1/../../../../arm-none-eabi/lib/thumb/v7e-m+fp/hard\libc_nano.a(lib_a-nano-freer.o)
                              c:/st/stm32cubeide_1.12.0/stm32cubeide/plugins/com.st.stm32cube.ide.mcu.externaltools.gnu-tools-for-stm32.10.3-2021.10.win32_1.0.200.202301161003/tools/bin/../lib/gcc/arm-none-eabi/10.3.1/../../../../arm-none-eabi/lib/thumb/v7e-m+fp/hard\libc_nano.a(lib_a-malloc.o) (_free_r)
c:/st/stm32cubeide_1.12.0/stm32cubeide/plugins/com.st.stm32cube.ide.mcu.externaltools.gnu-tools-for-stm32.10.3-2021.10.win32_1.0.200.202301161003/tools/bin/../lib/gcc/arm-none-eabi/10.3.1/../../../../arm-none-eabi/lib/thumb/v7e-m+fp/hard\libc_nano.a(lib_a-nano-mallocr.o)
                              c:/st/stm32cubeide_1.12.0/stm32cubeide/plugins/com.st.stm32cube.ide.mcu.externaltools.gnu-tools-for-stm32.10.3-2021.10.win32_1.0.200.202301161003/tools/bin/../lib/gcc/arm-none-eabi/10.3.1/../../../../arm-none-eabi/lib/thumb/v7e-m+fp/hard\libc_nano.a(lib_a-malloc.o) (_malloc_r)
[...]
Memory Configuration

Name             Origin             Length             Attributes
RAM              0x0000000020000000 0x0000000000018000 xrw
FLASH            0x0000000008000000 0x0000000000080000 xr
*default*        0x0000000000000000 0xffffffffffffffff

Linker script and memory map

LOAD c:/st/stm32cubeide_1.12.0/stm32cubeide/plugins/com.st.stm32cube.ide.mcu.externaltools.gnu-tools-for-stm32.10.3-2021.10.win32_1.0.200.202301161003/tools/bin/../lib/gcc/arm-none-eabi/10.3.1/thumb/v7e-m+fp/hard/crti.o
LOAD c:/st/stm32cubeide_1.12.0/stm32cubeide/plugins/com.st.stm32cube.ide.mcu.externaltools.gnu-tools-for-stm32.10.3-2021.10.win32_1.0.200.202301161003/tools/bin/../lib/gcc/arm-none-eabi/10.3.1/thumb/v7e-m+fp/hard/crtbegin.o
LOAD c:/st/stm32cubeide_1.12.0/stm32cubeide/plugins/com.st.stm32cube.ide.mcu.externaltools.gnu-tools-for-stm32.10.3-2021.10.win32_1.0.200.202301161003/tools/bin/../lib/gcc/arm-none-eabi/10.3.1/../../../../arm-none-eabi/lib/thumb/v7e-m+fp/hard/crt0.o
LOAD ./Src/DefaultFonts.o
LOAD ./Src/I2C.o
LOAD ./Src/ST7735.o
LOAD ./Src/hw_config.o
LOAD ./Src/main.o
LOAD ./Src/syscalls.o
LOAD ./Src/sysmem.o
LOAD ./Src/system_stm32f4xx.o
LOAD ./Startup/startup_stm32f401retx.o
LOAD D:\GITHUB\STM32\EDS_2023\MCAL_F40x\Debug\libMCAL.a
START GROUP
LOAD c:/st/stm32cubeide_1.12.0/stm32cubeide/plugins/com.st.stm32cube.ide.mcu.externaltools.gnu-tools-for-stm32.10.3-2021.10.win32_1.0.200.202301161003/tools/bin/../lib/gcc/arm-none-eabi/10.3.1/../../../../arm-none-eabi/lib/thumb/v7e-m+fp/hard\libc_nano.a
LOAD c:/st/stm32cubeide_1.12.0/stm32cubeide/plugins/com.st.stm32cube.ide.mcu.externaltools.gnu-tools-for-stm32.10.3-2021.10.win32_1.0.200.202301161003/tools/bin/../lib/gcc/arm-none-eabi/10.3.1/../../../../arm-none-eabi/lib/thumb/v7e-m+fp/hard\libm.a
END GROUP
START GROUP
LOAD c:/st/stm32cubeide_1.12.0/stm32cubeide/plugins/com.st.stm32cube.ide.mcu.externaltools.gnu-tools-for-stm32.10.3-2021.10.win32_1.0.200.202301161003/tools/bin/../lib/gcc/arm-none-eabi/10.3.1/thumb/v7e-m+fp/hard\libgcc.a
LOAD c:/st/stm32cubeide_1.12.0/stm32cubeide/plugins/com.st.stm32cube.ide.mcu.externaltools.gnu-tools-for-stm32.10.3-2021.10.win32_1.0.200.202301161003/tools/bin/../lib/gcc/arm-none-eabi/10.3.1/../../../../arm-none-eabi/lib/thumb/v7e-m+fp/hard\libc_nano.a
END GROUP
START GROUP
LOAD c:/st/stm32cubeide_1.12.0/stm32cubeide/plugins/com.st.stm32cube.ide.mcu.externaltools.gnu-tools-for-stm32.10.3-2021.10.win32_1.0.200.202301161003/tools/bin/../lib/gcc/arm-none-eabi/10.3.1/thumb/v7e-m+fp/hard\libgcc.a
LOAD c:/st/stm32cubeide_1.12.0/stm32cubeide/plugins/com.st.stm32cube.ide.mcu.externaltools.gnu-tools-for-stm32.10.3-2021.10.win32_1.0.200.202301161003/tools/bin/../lib/gcc/arm-none-eabi/10.3.1/../../../../arm-none-eabi/lib/thumb/v7e-m+fp/hard\libc_nano.a
LOAD c:/st/stm32cubeide_1.12.0/stm32cubeide/plugins/com.st.stm32cube.ide.mcu.externaltools.gnu-tools-for-stm32.10.3-2021.10.win32_1.0.200.202301161003/tools/bin/../lib/gcc/arm-none-eabi/10.3.1/../../../../arm-none-eabi/lib/thumb/v7e-m+fp/hard\libnosys.a
END GROUP
START GROUP
LOAD c:/st/stm32cubeide_1.12.0/stm32cubeide/plugins/com.st.stm32cube.ide.mcu.externaltools.gnu-tools-for-stm32.10.3-2021.10.win32_1.0.200.202301161003/tools/bin/../lib/gcc/arm-none-eabi/10.3.1/thumb/v7e-m+fp/hard\libgcc.a
LOAD c:/st/stm32cubeide_1.12.0/stm32cubeide/plugins/com.st.stm32cube.ide.mcu.externaltools.gnu-tools-for-stm32.10.3-2021.10.win32_1.0.200.202301161003/tools/bin/../lib/gcc/arm-none-eabi/10.3.1/../../../../arm-none-eabi/lib/thumb/v7e-m+fp/hard\libc_nano.a
LOAD c:/st/stm32cubeide_1.12.0/stm32cubeide/plugins/com.st.stm32cube.ide.mcu.externaltools.gnu-tools-for-stm32.10.3-2021.10.win32_1.0.200.202301161003/tools/bin/../lib/gcc/arm-none-eabi/10.3.1/../../../../arm-none-eabi/lib/thumb/v7e-m+fp/hard\libnosys.a
END GROUP
LOAD c:/st/stm32cubeide_1.12.0/stm32cubeide/plugins/com.st.stm32cube.ide.mcu.externaltools.gnu-tools-for-stm32.10.3-2021.10.win32_1.0.200.202301161003/tools/bin/../lib/gcc/arm-none-eabi/10.3.1/thumb/v7e-m+fp/hard/crtend.o
LOAD c:/st/stm32cubeide_1.12.0/stm32cubeide/plugins/com.st.stm32cube.ide.mcu.externaltools.gnu-tools-for-stm32.10.3-2021.10.win32_1.0.200.202301161003/tools/bin/../lib/gcc/arm-none-eabi/10.3.1/thumb/v7e-m+fp/hard/crtn.o
                0x0000000020018000                _estack = (ORIGIN (RAM) + LENGTH (RAM))
                0x0000000000000200                _Min_Heap_Size = 0x200
                0x0000000000000400                _Min_Stack_Size = 0x400

.isr_vector     0x0000000008000000      0x194
                0x0000000008000000                . = ALIGN (0x4)
 *(.isr_vector)
 .isr_vector    0x0000000008000000      0x194 ./Startup/startup_stm32f401retx.o
                0x0000000008000000                g_pfnVectors
                0x0000000008000194                . = ALIGN (0x4)

.text           0x00000000080001a0     0x7904
                0x00000000080001a0                . = ALIGN (0x4)
 *(.text)
 .text          0x00000000080001a0       0x40 c:/st/stm32cubeide_1.12.0/stm32cubeide/plugins/com.st.stm32cube.ide.mcu.externaltools.gnu-tools-for-stm32.10.3-2021.10.win32_1.0.200.202301161003/tools/bin/../lib/gcc/arm-none-eabi/10.3.1/thumb/v7e-m+fp/hard/crtbegin.o
 .text          0x00000000080001e0       0x10 c:/st/stm32cubeide_1.12.0/stm32cubeide/plugins/com.st.stm32cube.ide.mcu.externaltools.gnu-tools-for-stm32.10.3-2021.10.win32_1.0.200.202301161003/tools/bin/../lib/gcc/arm-none-eabi/10.3.1/../../../../arm-none-eabi/lib/thumb/v7e-m+fp/hard\libc_nano.a(lib_a-strlen.o)
                0x00000000080001e0                strlen
 .text          0x00000000080001f0       0xa0 c:/st/stm32cubeide_1.12.0/stm32cubeide/plugins/com.st.stm32cube.ide.mcu.externaltools.gnu-tools-for-stm32.10.3-2021.10.win32_1.0.200.202301161003/tools/bin/../lib/gcc/arm-none-eabi/10.3.1/../../../../arm-none-eabi/lib/thumb/v7e-m+fp/hard\libc_nano.a(lib_a-memchr.o)
                0x00000000080001f0                memchr
 .text          0x0000000008000290      0x378 c:/st/stm32cubeide_1.12.0/stm32cubeide/plugins/com.st.stm32cube.ide.mcu.externaltools.gnu-tools-for-stm32.10.3-2021.10.win32_1.0.200.202301161003/tools/bin/../lib/gcc/arm-none-eabi/10.3.1/thumb/v7e-m+fp/hard\libgcc.a(_arm_addsubdf3.o)
                0x0000000008000290                __aeabi_drsub
                0x0000000008000298                __aeabi_dsub
                0x0000000008000298                __subdf3
                0x000000000800029c                __aeabi_dadd
                0x000000000800029c                __adddf3
                0x0000000008000514                __floatunsidf
                0x0000000008000514                __aeabi_ui2d
                0x0000000008000534                __floatsidf
                0x0000000008000534                __aeabi_i2d
                0x0000000008000558                __aeabi_f2d
                0x0000000008000558                __extendsfdf2
                0x000000000800059c                __floatundidf
                0x000000000800059c                __aeabi_ul2d
                0x00000000080005ac                __floatdidf
                0x00000000080005ac                __aeabi_l2d
 .text          0x0000000008000608      0x424 c:/st/stm32cubeide_1.12.0/stm32cubeide/plugins/com.st.stm32cube.ide.mcu.externaltools.gnu-tools-for-stm32.10.3-2021.10.win32_1.0.200.202301161003/tools/bin/../lib/gcc/arm-none-eabi/10.3.1/thumb/v7e-m+fp/hard\libgcc.a(_arm_muldivdf3.o)
                0x0000000008000608                __aeabi_dmul
                0x0000000008000608                __muldf3
                0x000000000800085c                __divdf3
                0x000000000800085c                __aeabi_ddiv
 .text          0x0000000008000a2c      0x110 c:/st/stm32cubeide_1.12.0/stm32cubeide/plugins/com.st.stm32cube.ide.mcu.externaltools.gnu-tools-for-stm32.10.3-2021.10.win32_1.0.200.202301161003/tools/bin/../lib/gcc/arm-none-eabi/10.3.1/thumb/v7e-m+fp/hard\libgcc.a(_arm_cmpdf2.o)
                0x0000000008000a2c                __gtdf2
                0x0000000008000a2c                __gedf2
                0x0000000008000a34                __ltdf2
                0x0000000008000a34                __ledf2
                0x0000000008000a3c                __nedf2
                0x0000000008000a3c                __eqdf2
                0x0000000008000a3c                __cmpdf2
                0x0000000008000ab8                __aeabi_cdrcmple
                0x0000000008000ac8                __aeabi_cdcmpeq
                0x0000000008000ac8                __aeabi_cdcmple
                0x0000000008000ad8                __aeabi_dcmpeq
                0x0000000008000aec                __aeabi_dcmplt
                0x0000000008000b00                __aeabi_dcmple
                0x0000000008000b14                __aeabi_dcmpge
                0x0000000008000b28                __aeabi_dcmpgt
 .text          0x0000000008000b3c       0x2c c:/st/stm32cubeide_1.12.0/stm32cubeide/plugins/com.st.stm32cube.ide.mcu.externaltools.gnu-tools-for-stm32.10.3-2021.10.win32_1.0.200.202301161003/tools/bin/../lib/gcc/arm-none-eabi/10.3.1/thumb/v7e-m+fp/hard\libgcc.a(_arm_unorddf2.o)
                0x0000000008000b3c                __unorddf2
                0x0000000008000b3c                __aeabi_dcmpun
 .text          0x0000000008000b68       0x50 c:/st/stm32cubeide_1.12.0/stm32cubeide/plugins/com.st.stm32cube.ide.mcu.externaltools.gnu-tools-for-stm32.10.3-2021.10.win32_1.0.200.202301161003/tools/bin/../lib/gcc/arm-none-eabi/10.3.1/thumb/v7e-m+fp/hard\libgcc.a(_arm_fixdfsi.o)
                0x0000000008000b68                __aeabi_d2iz
                0x0000000008000b68                __fixdfsi
 .text          0x0000000008000bb8       0x30 c:/st/stm32cubeide_1.12.0/stm32cubeide/plugins/com.st.stm32cube.ide.mcu.externaltools.gnu-tools-for-stm32.10.3-2021.10.win32_1.0.200.202301161003/tools/bin/../lib/gcc/arm-none-eabi/10.3.1/thumb/v7e-m+fp/hard\libgcc.a(_aeabi_uldivmod.o)
                0x0000000008000bb8                __aeabi_uldivmod
 .text          0x0000000008000be8      0x2d0 c:/st/stm32cubeide_1.12.0/stm32cubeide/plugins/com.st.stm32cube.ide.mcu.externaltools.gnu-tools-for-stm32.10.3-2021.10.win32_1.0.200.202301161003/tools/bin/../lib/gcc/arm-none-eabi/10.3.1/thumb/v7e-m+fp/hard\libgcc.a(_udivmoddi4.o)
                0x0000000008000be8                __udivmoddi4
 .text          0x0000000008000eb8        0x4 c:/st/stm32cubeide_1.12.0/stm32cubeide/plugins/com.st.stm32cube.ide.mcu.externaltools.gnu-tools-for-stm32.10.3-2021.10.win32_1.0.200.202301161003/tools/bin/../lib/gcc/arm-none-eabi/10.3.1/thumb/v7e-m+fp/hard\libgcc.a(_dvmd_tls.o)
                0x0000000008000eb8                __aeabi_idiv0
                0x0000000008000eb8                __aeabi_ldiv0
 *(.text*)
 .text.i2c_activate_pb89
                0x0000000008000ebc       0x74 ./Src/I2C.o
                0x0000000008000ebc                i2c_activate_pb89
 .text.convDecByteToHex
                0x0000000008000f30       0x60 ./Src/I2C.o
                0x0000000008000f30                convDecByteToHex
 .text.LIS3DH_init
                0x0000000008000f90       0x5a ./Src/I2C.o
                0x0000000008000f90                LIS3DH_init
 .text.LIS3DH_XYZ
                0x0000000008000fea       0x7a ./Src/I2C.o
                0x0000000008000fea                LIS3DH_XYZ
 .text.LIS3DH_Temp
                0x0000000008001064       0x38 ./Src/I2C.o
                0x0000000008001064                LIS3DH_Temp
 .text.RFID_LED
                0x000000000800109c       0x3c ./Src/I2C.o
                0x000000000800109c                RFID_LED
 .text.RFID_readFWVersion
                0x00000000080010d8       0xc4 ./Src/I2C.o
                0x00000000080010d8                RFID_readFWVersion
 .text.commandList
                0x000000000800119c       0x90 ./Src/ST7735.o
 .text.commonInit
                0x000000000800122c       0x44 ./Src/ST7735.o
 .text.lcd7735_initR
                0x0000000008001270       0x70 ./Src/ST7735.o
                0x0000000008001270                lcd7735_initR
 .text.lcd7735_setAddrWindow
                0x00000000080012e0       0xa0 ./Src/ST7735.o
                0x00000000080012e0                lcd7735_setAddrWindow
 .text.lcd7735_pushColor
                0x0000000008001380       0x38 ./Src/ST7735.o
                0x0000000008001380                lcd7735_pushColor
 .text.lcd7735_fillRect
                0x00000000080013b8      0x10c ./Src/ST7735.o
                0x00000000080013b8                lcd7735_fillRect
 .text.lcd7735_setFont
                0x00000000080014c4       0x44 ./Src/ST7735.o
                0x00000000080014c4                lcd7735_setFont
 .text.printChar
                0x0000000008001508      0x1f0 ./Src/ST7735.o
                0x0000000008001508                printChar
 .text.rotateChar
                0x00000000080016f8      0x278 ./Src/ST7735.o
                0x00000000080016f8                rotateChar
 .text.lcd7735_print
                0x0000000008001970       0xc4 ./Src/ST7735.o
                0x0000000008001970                lcd7735_print
 .text.lcd7735_fillScreen
                0x0000000008001a34       0x34 ./Src/ST7735.o
                0x0000000008001a34                lcd7735_fillScreen
 .text.lcd7735_setRotation
                0x0000000008001a68       0xa0 ./Src/ST7735.o
                0x0000000008001a68                lcd7735_setRotation
 .text.delay_ms
                0x0000000008001b08       0x30 ./Src/hw_config.o
                0x0000000008001b08                delay_ms
 .text.lcd7735_senddata
                0x0000000008001b38       0x28 ./Src/hw_config.o
                0x0000000008001b38                lcd7735_senddata
 .text.lcd7735_sendCmd
                0x0000000008001b60       0x28 ./Src/hw_config.o
                0x0000000008001b60                lcd7735_sendCmd
 .text.lcd7735_sendData
                0x0000000008001b88       0x28 ./Src/hw_config.o
                0x0000000008001b88                lcd7735_sendData
 .text.lcd7735_setup
                0x0000000008001bb0      0x124 ./Src/hw_config.o
                0x0000000008001bb0                lcd7735_setup
 .text.main     0x0000000008001cd4      0x3ac ./Src/main.o
                0x0000000008001cd4                main
 .text.I2C_SCAN
                0x0000000008002080       0x8c ./Src/main.o
                0x0000000008002080                I2C_SCAN
 .text._getpid  0x000000000800210c       0x10 ./Src/syscalls.o
                0x000000000800210c                _getpid
 .text._kill    0x000000000800211c       0x20 ./Src/syscalls.o
                0x000000000800211c                _kill
 .text._exit    0x000000000800213c       0x14 ./Src/syscalls.o
                0x000000000800213c                _exit
 .text._read    0x0000000008002150       0x3a ./Src/syscalls.o
                0x0000000008002150                _read
 .text._write   0x000000000800218a       0x38 ./Src/syscalls.o
                0x000000000800218a                _write
 .text._close   0x00000000080021c2       0x18 ./Src/syscalls.o
                0x00000000080021c2                _close
 .text._fstat   0x00000000080021da       0x20 ./Src/syscalls.o
                0x00000000080021da                _fstat
 .text._isatty  0x00000000080021fa       0x16 ./Src/syscalls.o
                0x00000000080021fa                _isatty
 .text._lseek   0x0000000008002210       0x1a ./Src/syscalls.o
                0x0000000008002210                _lseek
 *fill*         0x000000000800222a        0x2 
 .text._sbrk    0x000000000800222c       0x6c ./Src/sysmem.o
                0x000000000800222c                _sbrk
 .text.SystemInit
                0x0000000008002298       0x2c ./Src/system_stm32f4xx.o
                0x0000000008002298                SystemInit
 .text.SystemCoreClockUpdate
                0x00000000080022c4      0x100 ./Src/system_stm32f4xx.o
                0x00000000080022c4                SystemCoreClockUpdate
 .text.Reset_Handler
                0x00000000080023c4       0x50 ./Startup/startup_stm32f401retx.o
                0x00000000080023c4                Reset_Handler
 .text.Default_Handler
                0x0000000008002414        0x2 ./Startup/startup_stm32f401retx.o
                0x0000000008002414                EXTI2_IRQHandler
                0x0000000008002414                DebugMon_Handler
                0x0000000008002414                SPI4_IRQHandler
                0x0000000008002414                TIM1_CC_IRQHandler
                0x0000000008002414                DMA2_Stream5_IRQHandler
                0x0000000008002414                HardFault_Handler
                0x0000000008002414                DMA1_Stream5_IRQHandler
                0x0000000008002414                SDIO_IRQHandler
                0x0000000008002414                TAMP_STAMP_IRQHandler
                0x0000000008002414                PendSV_Handler
                0x0000000008002414                NMI_Handler
                0x0000000008002414                EXTI3_IRQHandler
                0x0000000008002414                TIM1_UP_TIM10_IRQHandler
                0x0000000008002414                I2C3_ER_IRQHandler
                0x0000000008002414                EXTI18_OTG_FS_WKUP_IRQHandler
                0x0000000008002414                EXTI0_IRQHandler
                0x0000000008002414                I2C2_EV_IRQHandler
                0x0000000008002414                DMA1_Stream2_IRQHandler
                0x0000000008002414                UsageFault_Handler
                0x0000000008002414                DMA2_Stream2_IRQHandler
                0x0000000008002414                SPI1_IRQHandler
                0x0000000008002414                TIM1_BRK_TIM9_IRQHandler
                0x0000000008002414                DMA2_Stream3_IRQHandler
                0x0000000008002414                USART6_IRQHandler
                0x0000000008002414                DMA2_Stream0_IRQHandler
                0x0000000008002414                TIM4_IRQHandler
                0x0000000008002414                I2C1_EV_IRQHandler
                0x0000000008002414                DMA1_Stream6_IRQHandler
                0x0000000008002414                DMA1_Stream1_IRQHandler
                0x0000000008002414                TIM3_IRQHandler
                0x0000000008002414                RCC_IRQHandler
                0x0000000008002414                Default_Handler
                0x0000000008002414                EXTI15_10_IRQHandler
                0x0000000008002414                ADC_IRQHandler
                0x0000000008002414                DMA1_Stream7_IRQHandler
                0x0000000008002414                TIM5_IRQHandler
                0x0000000008002414                DMA2_Stream7_IRQHandler
                0x0000000008002414                I2C3_EV_IRQHandler
                0x0000000008002414                EXTI9_5_IRQHandler
                0x0000000008002414                SPI2_IRQHandler
                0x0000000008002414                MemManage_Handler
                0x0000000008002414                DMA1_Stream0_IRQHandler
                0x0000000008002414                SVC_Handler
                0x0000000008002414                EXTI4_IRQHandler
                0x0000000008002414                EXTI22_RTC_WKUP_IRQHandler
                0x0000000008002414                TIM2_IRQHandler
                0x0000000008002414                EXTI16_PVD_IRQHandler
                0x0000000008002414                TIM1_TRG_COM_TIM11_IRQHandler
                0x0000000008002414                EXTI1_IRQHandler
                0x0000000008002414                EXTI17_RTC_Alarm_IRQHandler
                0x0000000008002414                USART2_IRQHandler
                0x0000000008002414                I2C2_ER_IRQHandler
                0x0000000008002414                DMA2_Stream1_IRQHandler
                0x0000000008002414                FLASH_IRQHandler
                0x0000000008002414                DMA2_Stream4_IRQHandler
                0x0000000008002414                BusFault_Handler
                0x0000000008002414                USART1_IRQHandler
                0x0000000008002414                OTG_FS_IRQHandler
                0x0000000008002414                SPI3_IRQHandler
                0x0000000008002414                DMA1_Stream4_IRQHandler
                0x0000000008002414                I2C1_ER_IRQHandler
                0x0000000008002414                DMA2_Stream6_IRQHandler
                0x0000000008002414                DMA1_Stream3_IRQHandler
 *fill*         0x0000000008002416        0x2 
 .text.gpioVerifyPort
                0x0000000008002418       0x64 D:\GITHUB\STM32\EDS_2023\MCAL_F40x\Debug\libMCAL.a(mcalGPIO.o)
                0x0000000008002418                gpioVerifyPort
 .text.gpioVerifyPin
                0x000000000800247c       0x7c D:\GITHUB\STM32\EDS_2023\MCAL_F40x\Debug\libMCAL.a(mcalGPIO.o)
                0x000000000800247c                gpioVerifyPin
 .text.gpioVerifyAltFunc
                0x00000000080024f8       0x7c D:\GITHUB\STM32\EDS_2023\MCAL_F40x\Debug\libMCAL.a(mcalGPIO.o)
                0x00000000080024f8                gpioVerifyAltFunc
 .text.gpioVerifyPinMode
                0x0000000008002574       0x34 D:\GITHUB\STM32\EDS_2023\MCAL_F40x\Debug\libMCAL.a(mcalGPIO.o)
                0x0000000008002574                gpioVerifyPinMode
 .text.gpioVerifyOutputType
                0x00000000080025a8       0x28 D:\GITHUB\STM32\EDS_2023\MCAL_F40x\Debug\libMCAL.a(mcalGPIO.o)
                0x00000000080025a8                gpioVerifyOutputType
 .text.gpioVerifyPushPullMode
                0x00000000080025d0       0x2e D:\GITHUB\STM32\EDS_2023\MCAL_F40x\Debug\libMCAL.a(mcalGPIO.o)
                0x00000000080025d0                gpioVerifyPushPullMode
 *fill*         0x00000000080025fe        0x2 
 .text.gpioInitPort
                0x0000000008002600       0xc4 D:\GITHUB\STM32\EDS_2023\MCAL_F40x\Debug\libMCAL.a(mcalGPIO.o)
                0x0000000008002600                gpioInitPort
 .text.gpioSelectPort
                0x00000000080026c4       0xc8 D:\GITHUB\STM32\EDS_2023\MCAL_F40x\Debug\libMCAL.a(mcalGPIO.o)
                0x00000000080026c4                gpioSelectPort
 .text.gpioSelectPinMode
                0x000000000800278c       0x96 D:\GITHUB\STM32\EDS_2023\MCAL_F40x\Debug\libMCAL.a(mcalGPIO.o)
                0x000000000800278c                gpioSelectPinMode
 .text.gpioSetPin
                0x0000000008002822       0x56 D:\GITHUB\STM32\EDS_2023\MCAL_F40x\Debug\libMCAL.a(mcalGPIO.o)
                0x0000000008002822                gpioSetPin
 .text.gpioResetPin
                0x0000000008002878       0x58 D:\GITHUB\STM32\EDS_2023\MCAL_F40x\Debug\libMCAL.a(mcalGPIO.o)
                0x0000000008002878                gpioResetPin
 .text.gpioSelectAltFunc
                0x00000000080028d0       0xd2 D:\GITHUB\STM32\EDS_2023\MCAL_F40x\Debug\libMCAL.a(mcalGPIO.o)
                0x00000000080028d0                gpioSelectAltFunc
 .text.gpioSetOutputType
                0x00000000080029a2       0x92 D:\GITHUB\STM32\EDS_2023\MCAL_F40x\Debug\libMCAL.a(mcalGPIO.o)
                0x00000000080029a2                gpioSetOutputType
 .text.gpioSelectPushPullMode
                0x0000000008002a34       0xba D:\GITHUB\STM32\EDS_2023\MCAL_F40x\Debug\libMCAL.a(mcalGPIO.o)
                0x0000000008002a34                gpioSelectPushPullMode
 .text.__i2c_start
                0x0000000008002aee       0x30 D:\GITHUB\STM32\EDS_2023\MCAL_F40x\Debug\libMCAL.a(mcalI2C.o)
 .text.__i2c_stop
                0x0000000008002b1e       0x30 D:\GITHUB\STM32\EDS_2023\MCAL_F40x\Debug\libMCAL.a(mcalI2C.o)
 .text.__i2c_dummy_read_SR1_SR2
                0x0000000008002b4e       0x3c D:\GITHUB\STM32\EDS_2023\MCAL_F40x\Debug\libMCAL.a(mcalI2C.o)
 .text.__i2c_Chk_TX_empty
                0x0000000008002b8a       0x36 D:\GITHUB\STM32\EDS_2023\MCAL_F40x\Debug\libMCAL.a(mcalI2C.o)
 .text.i2cVerifyDutyCycle
                0x0000000008002bc0       0x28 D:\GITHUB\STM32\EDS_2023\MCAL_F40x\Debug\libMCAL.a(mcalI2C.o)
 .text.i2cVerifyClkSpd
                0x0000000008002be8       0x2e D:\GITHUB\STM32\EDS_2023\MCAL_F40x\Debug\libMCAL.a(mcalI2C.o)
 *fill*         0x0000000008002c16        0x2 
 .text.i2cInitI2C
                0x0000000008002c18      0x134 D:\GITHUB\STM32\EDS_2023\MCAL_F40x\Debug\libMCAL.a(mcalI2C.o)
                0x0000000008002c18                i2cInitI2C
 .text.i2cSelectI2C
                0x0000000008002d4c       0x68 D:\GITHUB\STM32\EDS_2023\MCAL_F40x\Debug\libMCAL.a(mcalI2C.o)
                0x0000000008002d4c                i2cSelectI2C
 .text.i2cSendByteToSlaveReg
                0x0000000008002db4       0x9c D:\GITHUB\STM32\EDS_2023\MCAL_F40x\Debug\libMCAL.a(mcalI2C.o)
                0x0000000008002db4                i2cSendByteToSlaveReg
 .text.i2cBurstWrite
                0x0000000008002e50       0xba D:\GITHUB\STM32\EDS_2023\MCAL_F40x\Debug\libMCAL.a(mcalI2C.o)
                0x0000000008002e50                i2cBurstWrite
 .text.i2cBurstRegRead
                0x0000000008002f0a      0x122 D:\GITHUB\STM32\EDS_2023\MCAL_F40x\Debug\libMCAL.a(mcalI2C.o)
                0x0000000008002f0a                i2cBurstRegRead
 .text.i2cBurstRead
                0x000000000800302c       0xd2 D:\GITHUB\STM32\EDS_2023\MCAL_F40x\Debug\libMCAL.a(mcalI2C.o)
                0x000000000800302c                i2cBurstRead
 .text.i2cEnableDevice
                0x00000000080030fe       0x22 D:\GITHUB\STM32\EDS_2023\MCAL_F40x\Debug\libMCAL.a(mcalI2C.o)
                0x00000000080030fe                i2cEnableDevice
 .text.i2cSetRiseTime
                0x0000000008003120       0x46 D:\GITHUB\STM32\EDS_2023\MCAL_F40x\Debug\libMCAL.a(mcalI2C.o)
                0x0000000008003120                i2cSetRiseTime
 .text.i2cFindSlaveAddr
                0x0000000008003166       0x5c D:\GITHUB\STM32\EDS_2023\MCAL_F40x\Debug\libMCAL.a(mcalI2C.o)
                0x0000000008003166                i2cFindSlaveAddr
 *fill*         0x00000000080031c2        0x2 
 .text.rccGetSysClock
                0x00000000080031c4      0x20c D:\GITHUB\STM32\EDS_2023\MCAL_F40x\Debug\libMCAL.a(mcalRCC.o)
                0x00000000080031c4                rccGetSysClock
 .text.rccGetHclkFreq
                0x00000000080033d0       0x50 D:\GITHUB\STM32\EDS_2023\MCAL_F40x\Debug\libMCAL.a(mcalRCC.o)
                0x00000000080033d0                rccGetHclkFreq
 .text.rccGetPclk1Freq
                0x0000000008003420       0x44 D:\GITHUB\STM32\EDS_2023\MCAL_F40x\Debug\libMCAL.a(mcalRCC.o)
                0x0000000008003420                rccGetPclk1Freq
 .text.spiVerifySPI
                0x0000000008003464       0x4c D:\GITHUB\STM32\EDS_2023\MCAL_F40x\Debug\libMCAL.a(mcalSPI.o)
 .text.spiVerifyClkDivider
                0x00000000080034b0       0x4c D:\GITHUB\STM32\EDS_2023\MCAL_F40x\Debug\libMCAL.a(mcalSPI.o)
 .text.spiVerifyDataLen
                0x00000000080034fc       0x28 D:\GITHUB\STM32\EDS_2023\MCAL_F40x\Debug\libMCAL.a(mcalSPI.o)
 .text.spiVerifySSM
                0x0000000008003524       0x28 D:\GITHUB\STM32\EDS_2023\MCAL_F40x\Debug\libMCAL.a(mcalSPI.o)
 .text.spiVerifyOpMode
                0x000000000800354c       0x28 D:\GITHUB\STM32\EDS_2023\MCAL_F40x\Debug\libMCAL.a(mcalSPI.o)
 .text.spiVerifyPhase
                0x0000000008003574       0x28 D:\GITHUB\STM32\EDS_2023\MCAL_F40x\Debug\libMCAL.a(mcalSPI.o)
 .text.spiVerifyIdlePolarity
                0x000000000800359c       0x28 D:\GITHUB\STM32\EDS_2023\MCAL_F40x\Debug\libMCAL.a(mcalSPI.o)
 .text.spiInitSPI
                0x00000000080035c4      0x1f8 D:\GITHUB\STM32\EDS_2023\MCAL_F40x\Debug\libMCAL.a(mcalSPI.o)
                0x00000000080035c4                spiInitSPI
 .text.spiSelectSPI
                0x00000000080037bc       0x80 D:\GITHUB\STM32\EDS_2023\MCAL_F40x\Debug\libMCAL.a(mcalSPI.o)
                0x00000000080037bc                spiSelectSPI
 .text.spiEnableSPI
                0x000000000800383c       0x36 D:\GITHUB\STM32\EDS_2023\MCAL_F40x\Debug\libMCAL.a(mcalSPI.o)
                0x000000000800383c                spiEnableSPI
 *fill*         0x0000000008003872        0x2 
 .text.spiWriteByte
                0x0000000008003874       0xb4 D:\GITHUB\STM32\EDS_2023\MCAL_F40x\Debug\libMCAL.a(mcalSPI.o)
                0x0000000008003874                spiWriteByte
 .text.__NVIC_SetPriority
                0x0000000008003928       0x54 D:\GITHUB\STM32\EDS_2023\MCAL_F40x\Debug\libMCAL.a(mcalSysTick.o)
 .text.SysTick_Config
                0x000000000800397c       0x44 D:\GITHUB\STM32\EDS_2023\MCAL_F40x\Debug\libMCAL.a(mcalSysTick.o)
 .text.systickSetMillis
                0x00000000080039c0       0x1c D:\GITHUB\STM32\EDS_2023\MCAL_F40x\Debug\libMCAL.a(mcalSysTick.o)
                0x00000000080039c0                systickSetMillis
 .text.systickInit
                0x00000000080039dc       0x28 D:\GITHUB\STM32\EDS_2023\MCAL_F40x\Debug\libMCAL.a(mcalSysTick.o)
                0x00000000080039dc                systickInit
 .text.systickSetTicktime
                0x0000000008003a04       0x1c D:\GITHUB\STM32\EDS_2023\MCAL_F40x\Debug\libMCAL.a(mcalSysTick.o)
                0x0000000008003a04                systickSetTicktime
 .text.isSystickExpired
                0x0000000008003a20       0x24 D:\GITHUB\STM32\EDS_2023\MCAL_F40x\Debug\libMCAL.a(mcalSysTick.o)
                0x0000000008003a20                isSystickExpired
 .text.SysTick_Handler
                0x0000000008003a44       0x18 D:\GITHUB\STM32\EDS_2023\MCAL_F40x\Debug\libMCAL.a(mcalSysTick.o)
                0x0000000008003a44                SysTick_Handler
 .text.systickUpdateTimer
                0x0000000008003a5c       0x30 D:\GITHUB\STM32\EDS_2023\MCAL_F40x\Debug\libMCAL.a(mcalSysTick.o)
                0x0000000008003a5c                systickUpdateTimer
 .text.systickUpdateTimerList
                0x0000000008003a8c       0x54 D:\GITHUB\STM32\EDS_2023\MCAL_F40x\Debug\libMCAL.a(mcalSysTick.o)
                0x0000000008003a8c                systickUpdateTimerList
 .text.systickDelay
                0x0000000008003ae0       0x48 D:\GITHUB\STM32\EDS_2023\MCAL_F40x\Debug\libMCAL.a(mcalSysTick.o)
                0x0000000008003ae0                systickDelay
 .text.__errno  0x0000000008003b28        0xc c:/st/stm32cubeide_1.12.0/stm32cubeide/plugins/com.st.stm32cube.ide.mcu.externaltools.gnu-tools-for-stm32.10.3-2021.10.win32_1.0.200.202301161003/tools/bin/../lib/gcc/arm-none-eabi/10.3.1/../../../../arm-none-eabi/lib/thumb/v7e-m+fp/hard\libc_nano.a(lib_a-errno.o)
                0x0000000008003b28                __errno
 .text.__libc_init_array
                0x0000000008003b34       0x48 c:/st/stm32cubeide_1.12.0/stm32cubeide/plugins/com.st.stm32cube.ide.mcu.externaltools.gnu-tools-for-stm32.10.3-2021.10.win32_1.0.200.202301161003/tools/bin/../lib/gcc/arm-none-eabi/10.3.1/../../../../arm-none-eabi/lib/thumb/v7e-m+fp/hard\libc_nano.a(lib_a-init.o)
                0x0000000008003b34                __libc_init_array
 .text.malloc   0x0000000008003b7c       0x10 c:/st/stm32cubeide_1.12.0/stm32cubeide/plugins/com.st.stm32cube.ide.mcu.externaltools.gnu-tools-for-stm32.10.3-2021.10.win32_1.0.200.202301161003/tools/bin/../lib/gcc/arm-none-eabi/10.3.1/../../../../arm-none-eabi/lib/thumb/v7e-m+fp/hard\libc_nano.a(lib_a-malloc.o)
                0x0000000008003b7c                malloc
 .text.memset   0x0000000008003b8c       0x10 c:/st/stm32cubeide_1.12.0/stm32cubeide/plugins/com.st.stm32cube.ide.mcu.externaltools.gnu-tools-for-stm32.10.3-2021.10.win32_1.0.200.202301161003/tools/bin/../lib/gcc/arm-none-eabi/10.3.1/../../../../arm-none-eabi/lib/thumb/v7e-m+fp/hard\libc_nano.a(lib_a-memset.o)
                0x0000000008003b8c                memset
 .text._free_r  0x0000000008003b9c       0x98 c:/st/stm32cubeide_1.12.0/stm32cubeide/plugins/com.st.stm32cube.ide.mcu.externaltools.gnu-tools-for-stm32.10.3-2021.10.win32_1.0.200.202301161003/tools/bin/../lib/gcc/arm-none-eabi/10.3.1/../../../../arm-none-eabi/lib/thumb/v7e-m+fp/hard\libc_nano.a(lib_a-nano-freer.o)
                0x0000000008003b9c                _free_r
 .text.sbrk_aligned
                0x0000000008003c34       0x40 c:/st/stm32cubeide_1.12.0/stm32cubeide/plugins/com.st.stm32cube.ide.mcu.externaltools.gnu-tools-for-stm32.10.3-2021.10.win32_1.0.200.202301161003/tools/bin/../lib/gcc/arm-none-eabi/10.3.1/../../../../arm-none-eabi/lib/thumb/v7e-m+fp/hard\libc_nano.a(lib_a-nano-mallocr.o)
 .text._malloc_r
                0x0000000008003c74       0xe8 c:/st/stm32cubeide_1.12.0/stm32cubeide/plugins/com.st.stm32cube.ide.mcu.externaltools.gnu-tools-for-stm32.10.3-2021.10.win32_1.0.200.202301161003/tools/bin/../lib/gcc/arm-none-eabi/10.3.1/../../../../arm-none-eabi/lib/thumb/v7e-m+fp/hard\libc_nano.a(lib_a-nano-mallocr.o)
                0x0000000008003c74                _malloc_r
 .text.__cvt    0x0000000008003d5c       0xc4 c:/st/stm32cubeide_1.12.0/stm32cubeide/plugins/com.st.stm32cube.ide.mcu.externaltools.gnu-tools-for-stm32.10.3-2021.10.win32_1.0.200.202301161003/tools/bin/../lib/gcc/arm-none-eabi/10.3.1/../../../../arm-none-eabi/lib/thumb/v7e-m+fp/hard\libc_nano.a(lib_a-nano-vfprintf_float.o)
                0x0000000008003d5c                __cvt
 .text.__exponent
                0x0000000008003e20       0x7c c:/st/stm32cubeide_1.12.0/stm32cubeide/plugins/com.st.stm32cube.ide.mcu.externaltools.gnu-tools-for-stm32.10.3-2021.10.win32_1.0.200.202301161003/tools/bin/../lib/gcc/arm-none-eabi/10.3.1/../../../../arm-none-eabi/lib/thumb/v7e-m+fp/hard\libc_nano.a(lib_a-nano-vfprintf_float.o)
                0x0000000008003e20                __exponent
 .text._printf_float
                0x0000000008003e9c      0x46c c:/st/stm32cubeide_1.12.0/stm32cubeide/plugins/com.st.stm32cube.ide.mcu.externaltools.gnu-tools-for-stm32.10.3-2021.10.win32_1.0.200.202301161003/tools/bin/../lib/gcc/arm-none-eabi/10.3.1/../../../../arm-none-eabi/lib/thumb/v7e-m+fp/hard\libc_nano.a(lib_a-nano-vfprintf_float.o)
                0x0000000008003e9c                _printf_float
 .text._printf_common
                0x0000000008004308       0xda c:/st/stm32cubeide_1.12.0/stm32cubeide/plugins/com.st.stm32cube.ide.mcu.externaltools.gnu-tools-for-stm32.10.3-2021.10.win32_1.0.200.202301161003/tools/bin/../lib/gcc/arm-none-eabi/10.3.1/../../../../arm-none-eabi/lib/thumb/v7e-m+fp/hard\libc_nano.a(lib_a-nano-vfprintf_i.o)
                0x0000000008004308                _printf_common
 *fill*         0x00000000080043e2        0x2 
 .text._printf_i
                0x00000000080043e4      0x24c c:/st/stm32cubeide_1.12.0/stm32cubeide/plugins/com.st.stm32cube.ide.mcu.externaltools.gnu-tools-for-stm32.10.3-2021.10.win32_1.0.200.202301161003/tools/bin/../lib/gcc/arm-none-eabi/10.3.1/../../../../arm-none-eabi/lib/thumb/v7e-m+fp/hard\libc_nano.a(lib_a-nano-vfprintf_i.o)
                0x00000000080043e4                _printf_i
 .text._sbrk_r  0x0000000008004630       0x20 c:/st/stm32cubeide_1.12.0/stm32cubeide/plugins/com.st.stm32cube.ide.mcu.externaltools.gnu-tools-for-stm32.10.3-2021.10.win32_1.0.200.202301161003/tools/bin/../lib/gcc/arm-none-eabi/10.3.1/../../../../arm-none-eabi/lib/thumb/v7e-m+fp/hard\libc_nano.a(lib_a-sbrkr.o)
                0x0000000008004630                _sbrk_r
 .text.sprintf  0x0000000008004650       0x40 c:/st/stm32cubeide_1.12.0/stm32cubeide/plugins/com.st.stm32cube.ide.mcu.externaltools.gnu-tools-for-stm32.10.3-2021.10.win32_1.0.200.202301161003/tools/bin/../lib/gcc/arm-none-eabi/10.3.1/../../../../arm-none-eabi/lib/thumb/v7e-m+fp/hard\libc_nano.a(lib_a-sprintf.o)
                0x0000000008004650                siprintf
                0x0000000008004650                sprintf
 .text.quorem   0x0000000008004690      0x116 c:/st/stm32cubeide_1.12.0/stm32cubeide/plugins/com.st.stm32cube.ide.mcu.externaltools.gnu-tools-for-stm32.10.3-2021.10.win32_1.0.200.202301161003/tools/bin/../lib/gcc/arm-none-eabi/10.3.1/../../../../arm-none-eabi/lib/thumb/v7e-m+fp/hard\libc_nano.a(lib_a-dtoa.o)
 *fill*         0x00000000080047a6        0x2 
 .text._dtoa_r  0x00000000080047a8      0xbdc c:/st/stm32cubeide_1.12.0/stm32cubeide/plugins/com.st.stm32cube.ide.mcu.externaltools.gnu-tools-for-stm32.10.3-2021.10.win32_1.0.200.202301161003/tools/bin/../lib/gcc/arm-none-eabi/10.3.1/../../../../arm-none-eabi/lib/thumb/v7e-m+fp/hard\libc_nano.a(lib_a-dtoa.o)
                0x00000000080047a8                _dtoa_r
 .text._localeconv_r
                0x0000000008005384        0x8 c:/st/stm32cubeide_1.12.0/stm32cubeide/plugins/com.st.stm32cube.ide.mcu.externaltools.gnu-tools-for-stm32.10.3-2021.10.win32_1.0.200.202301161003/tools/bin/../lib/gcc/arm-none-eabi/10.3.1/../../../../arm-none-eabi/lib/thumb/v7e-m+fp/hard\libc_nano.a(lib_a-localeconv.o)
                0x0000000008005384                _localeconv_r
 .text.memcpy   0x000000000800538c       0x1c c:/st/stm32cubeide_1.12.0/stm32cubeide/plugins/com.st.stm32cube.ide.mcu.externaltools.gnu-tools-for-stm32.10.3-2021.10.win32_1.0.200.202301161003/tools/bin/../lib/gcc/arm-none-eabi/10.3.1/../../../../arm-none-eabi/lib/thumb/v7e-m+fp/hard\libc_nano.a(lib_a-memcpy-stub.o)
                0x000000000800538c                memcpy
 .text.__malloc_lock
                0x00000000080053a8        0xc c:/st/stm32cubeide_1.12.0/stm32cubeide/plugins/com.st.stm32cube.ide.mcu.externaltools.gnu-tools-for-stm32.10.3-2021.10.win32_1.0.200.202301161003/tools/bin/../lib/gcc/arm-none-eabi/10.3.1/../../../../arm-none-eabi/lib/thumb/v7e-m+fp/hard\libc_nano.a(lib_a-mlock.o)
                0x00000000080053a8                __malloc_lock
 .text.__malloc_unlock
                0x00000000080053b4        0xc c:/st/stm32cubeide_1.12.0/stm32cubeide/plugins/com.st.stm32cube.ide.mcu.externaltools.gnu-tools-for-stm32.10.3-2021.10.win32_1.0.200.202301161003/tools/bin/../lib/gcc/arm-none-eabi/10.3.1/../../../../arm-none-eabi/lib/thumb/v7e-m+fp/hard\libc_nano.a(lib_a-mlock.o)
                0x00000000080053b4                __malloc_unlock
 .text._Balloc  0x00000000080053c0       0x80 c:/st/stm32cubeide_1.12.0/stm32cubeide/plugins/com.st.stm32cube.ide.mcu.externaltools.gnu-tools-for-stm32.10.3-2021.10.win32_1.0.200.202301161003/tools/bin/../lib/gcc/arm-none-eabi/10.3.1/../../../../arm-none-eabi/lib/thumb/v7e-m+fp/hard\libc_nano.a(lib_a-mprec.o)
                0x00000000080053c0                _Balloc
 .text._Bfree   0x0000000008005440       0x44 c:/st/stm32cubeide_1.12.0/stm32cubeide/plugins/com.st.stm32cube.ide.mcu.externaltools.gnu-tools-for-stm32.10.3-2021.10.win32_1.0.200.202301161003/tools/bin/../lib/gcc/arm-none-eabi/10.3.1/../../../../arm-none-eabi/lib/thumb/v7e-m+fp/hard\libc_nano.a(lib_a-mprec.o)
                0x0000000008005440                _Bfree
 .text.__multadd
                0x0000000008005484       0x8c c:/st/stm32cubeide_1.12.0/stm32cubeide/plugins/com.st.stm32cube.ide.mcu.externaltools.gnu-tools-for-stm32.10.3-2021.10.win32_1.0.200.202301161003/tools/bin/../lib/gcc/arm-none-eabi/10.3.1/../../../../arm-none-eabi/lib/thumb/v7e-m+fp/hard\libc_nano.a(lib_a-mprec.o)
                0x0000000008005484                __multadd
 .text.__hi0bits
                0x0000000008005510       0x40 c:/st/stm32cubeide_1.12.0/stm32cubeide/plugins/com.st.stm32cube.ide.mcu.externaltools.gnu-tools-for-stm32.10.3-2021.10.win32_1.0.200.202301161003/tools/bin/../lib/gcc/arm-none-eabi/10.3.1/../../../../arm-none-eabi/lib/thumb/v7e-m+fp/hard\libc_nano.a(lib_a-mprec.o)
                0x0000000008005510                __hi0bits
 .text.__lo0bits
                0x0000000008005550       0x5e c:/st/stm32cubeide_1.12.0/stm32cubeide/plugins/com.st.stm32cube.ide.mcu.externaltools.gnu-tools-for-stm32.10.3-2021.10.win32_1.0.200.202301161003/tools/bin/../lib/gcc/arm-none-eabi/10.3.1/../../../../arm-none-eabi/lib/thumb/v7e-m+fp/hard\libc_nano.a(lib_a-mprec.o)
                0x0000000008005550                __lo0bits
 *fill*         0x00000000080055ae        0x2 
 .text.__i2b    0x00000000080055b0       0x2c c:/st/stm32cubeide_1.12.0/stm32cubeide/plugins/com.st.stm32cube.ide.mcu.externaltools.gnu-tools-for-stm32.10.3-2021.10.win32_1.0.200.202301161003/tools/bin/../lib/gcc/arm-none-eabi/10.3.1/../../../../arm-none-eabi/lib/thumb/v7e-m+fp/hard\libc_nano.a(lib_a-mprec.o)
                0x00000000080055b0                __i2b
 .text.__multiply
                0x00000000080055dc      0x154 c:/st/stm32cubeide_1.12.0/stm32cubeide/plugins/com.st.stm32cube.ide.mcu.externaltools.gnu-tools-for-stm32.10.3-2021.10.win32_1.0.200.202301161003/tools/bin/../lib/gcc/arm-none-eabi/10.3.1/../../../../arm-none-eabi/lib/thumb/v7e-m+fp/hard\libc_nano.a(lib_a-mprec.o)
                0x00000000080055dc                __multiply
 .text.__pow5mult
                0x0000000008005730       0xb4 c:/st/stm32cubeide_1.12.0/stm32cubeide/plugins/com.st.stm32cube.ide.mcu.externaltools.gnu-tools-for-stm32.10.3-2021.10.win32_1.0.200.202301161003/tools/bin/../lib/gcc/arm-none-eabi/10.3.1/../../../../arm-none-eabi/lib/thumb/v7e-m+fp/hard\libc_nano.a(lib_a-mprec.o)
                0x0000000008005730                __pow5mult
 .text.__lshift
                0x00000000080057e4       0xe0 c:/st/stm32cubeide_1.12.0/stm32cubeide/plugins/com.st.stm32cube.ide.mcu.externaltools.gnu-tools-for-stm32.10.3-2021.10.win32_1.0.200.202301161003/tools/bin/../lib/gcc/arm-none-eabi/10.3.1/../../../../arm-none-eabi/lib/thumb/v7e-m+fp/hard\libc_nano.a(lib_a-mprec.o)
                0x00000000080057e4                __lshift
 .text.__mcmp   0x00000000080058c4       0x38 c:/st/stm32cubeide_1.12.0/stm32cubeide/plugins/com.st.stm32cube.ide.mcu.externaltools.gnu-tools-for-stm32.10.3-2021.10.win32_1.0.200.202301161003/tools/bin/../lib/gcc/arm-none-eabi/10.3.1/../../../../arm-none-eabi/lib/thumb/v7e-m+fp/hard\libc_nano.a(lib_a-mprec.o)
                0x00000000080058c4                __mcmp
 .text.__mdiff  0x00000000080058fc      0x114 c:/st/stm32cubeide_1.12.0/stm32cubeide/plugins/com.st.stm32cube.ide.mcu.externaltools.gnu-tools-for-stm32.10.3-2021.10.win32_1.0.200.202301161003/tools/bin/../lib/gcc/arm-none-eabi/10.3.1/../../../../arm-none-eabi/lib/thumb/v7e-m+fp/hard\libc_nano.a(lib_a-mprec.o)
                0x00000000080058fc                __mdiff
 .text.__d2b    0x0000000008005a10       0xb8 c:/st/stm32cubeide_1.12.0/stm32cubeide/plugins/com.st.stm32cube.ide.mcu.externaltools.gnu-tools-for-stm32.10.3-2021.10.win32_1.0.200.202301161003/tools/bin/../lib/gcc/arm-none-eabi/10.3.1/../../../../arm-none-eabi/lib/thumb/v7e-m+fp/hard\libc_nano.a(lib_a-mprec.o)
                0x0000000008005a10                __d2b
 .text._calloc_r
                0x0000000008005ac8       0x2c c:/st/stm32cubeide_1.12.0/stm32cubeide/plugins/com.st.stm32cube.ide.mcu.externaltools.gnu-tools-for-stm32.10.3-2021.10.win32_1.0.200.202301161003/tools/bin/../lib/gcc/arm-none-eabi/10.3.1/../../../../arm-none-eabi/lib/thumb/v7e-m+fp/hard\libc_nano.a(lib_a-nano-callocr.o)
                0x0000000008005ac8                _calloc_r
 .text.__ssputs_r
                0x0000000008005af4       0xb6 c:/st/stm32cubeide_1.12.0/stm32cubeide/plugins/com.st.stm32cube.ide.mcu.externaltools.gnu-tools-for-stm32.10.3-2021.10.win32_1.0.200.202301161003/tools/bin/../lib/gcc/arm-none-eabi/10.3.1/../../../../arm-none-eabi/lib/thumb/v7e-m+fp/hard\libc_nano.a(lib_a-nano-svfprintf.o)
                0x0000000008005af4                __ssputs_r
 *fill*         0x0000000008005baa        0x2 
 .text._svfprintf_r
                0x0000000008005bac      0x200 c:/st/stm32cubeide_1.12.0/stm32cubeide/plugins/com.st.stm32cube.ide.mcu.externaltools.gnu-tools-for-stm32.10.3-2021.10.win32_1.0.200.202301161003/tools/bin/../lib/gcc/arm-none-eabi/10.3.1/../../../../arm-none-eabi/lib/thumb/v7e-m+fp/hard\libc_nano.a(lib_a-nano-svfprintf.o)
                0x0000000008005bac                _svfiprintf_r
                0x0000000008005bac                _svfprintf_r
 .text.__assert_func
                0x0000000008005dac       0x3c c:/st/stm32cubeide_1.12.0/stm32cubeide/plugins/com.st.stm32cube.ide.mcu.externaltools.gnu-tools-for-stm32.10.3-2021.10.win32_1.0.200.202301161003/tools/bin/../lib/gcc/arm-none-eabi/10.3.1/../../../../arm-none-eabi/lib/thumb/v7e-m+fp/hard\libc_nano.a(lib_a-assert.o)
                0x0000000008005dac                __assert_func
 .text.fprintf  0x0000000008005de8       0x24 c:/st/stm32cubeide_1.12.0/stm32cubeide/plugins/com.st.stm32cube.ide.mcu.externaltools.gnu-tools-for-stm32.10.3-2021.10.win32_1.0.200.202301161003/tools/bin/../lib/gcc/arm-none-eabi/10.3.1/../../../../arm-none-eabi/lib/thumb/v7e-m+fp/hard\libc_nano.a(lib_a-fprintf.o)
                0x0000000008005de8                fiprintf
                0x0000000008005de8                fprintf
 .text.__retarget_lock_init_recursive
                0x0000000008005e0c        0x2 c:/st/stm32cubeide_1.12.0/stm32cubeide/plugins/com.st.stm32cube.ide.mcu.externaltools.gnu-tools-for-stm32.10.3-2021.10.win32_1.0.200.202301161003/tools/bin/../lib/gcc/arm-none-eabi/10.3.1/../../../../arm-none-eabi/lib/thumb/v7e-m+fp/hard\libc_nano.a(lib_a-lock.o)
                0x0000000008005e0c                __retarget_lock_init_recursive
 .text.__retarget_lock_acquire_recursive
                0x0000000008005e0e        0x2 c:/st/stm32cubeide_1.12.0/stm32cubeide/plugins/com.st.stm32cube.ide.mcu.externaltools.gnu-tools-for-stm32.10.3-2021.10.win32_1.0.200.202301161003/tools/bin/../lib/gcc/arm-none-eabi/10.3.1/../../../../arm-none-eabi/lib/thumb/v7e-m+fp/hard\libc_nano.a(lib_a-lock.o)
                0x0000000008005e0e                __retarget_lock_acquire_recursive
 .text.__retarget_lock_release_recursive
                0x0000000008005e10        0x2 c:/st/stm32cubeide_1.12.0/stm32cubeide/plugins/com.st.stm32cube.ide.mcu.externaltools.gnu-tools-for-stm32.10.3-2021.10.win32_1.0.200.202301161003/tools/bin/../lib/gcc/arm-none-eabi/10.3.1/../../../../arm-none-eabi/lib/thumb/v7e-m+fp/hard\libc_nano.a(lib_a-lock.o)
                0x0000000008005e10                __retarget_lock_release_recursive
 .text.__ascii_mbtowc
                0x0000000008005e12       0x24 c:/st/stm32cubeide_1.12.0/stm32cubeide/plugins/com.st.stm32cube.ide.mcu.externaltools.gnu-tools-for-stm32.10.3-2021.10.win32_1.0.200.202301161003/tools/bin/../lib/gcc/arm-none-eabi/10.3.1/../../../../arm-none-eabi/lib/thumb/v7e-m+fp/hard\libc_nano.a(lib_a-mbtowc_r.o)
                0x0000000008005e12                __ascii_mbtowc
 .text.memmove  0x0000000008005e36       0x34 c:/st/stm32cubeide_1.12.0/stm32cubeide/plugins/com.st.stm32cube.ide.mcu.externaltools.gnu-tools-for-stm32.10.3-2021.10.win32_1.0.200.202301161003/tools/bin/../lib/gcc/arm-none-eabi/10.3.1/../../../../arm-none-eabi/lib/thumb/v7e-m+fp/hard\libc_nano.a(lib_a-memmove.o)
                0x0000000008005e36                memmove
 .text._realloc_r
                0x0000000008005e6a       0x5e c:/st/stm32cubeide_1.12.0/stm32cubeide/plugins/com.st.stm32cube.ide.mcu.externaltools.gnu-tools-for-stm32.10.3-2021.10.win32_1.0.200.202301161003/tools/bin/../lib/gcc/arm-none-eabi/10.3.1/../../../../arm-none-eabi/lib/thumb/v7e-m+fp/hard\libc_nano.a(lib_a-nano-reallocr.o)
                0x0000000008005e6a                _realloc_r
 .text.__sfputc_r
                0x0000000008005ec8       0x2e c:/st/stm32cubeide_1.12.0/stm32cubeide/plugins/com.st.stm32cube.ide.mcu.externaltools.gnu-tools-for-stm32.10.3-2021.10.win32_1.0.200.202301161003/tools/bin/../lib/gcc/arm-none-eabi/10.3.1/../../../../arm-none-eabi/lib/thumb/v7e-m+fp/hard\libc_nano.a(lib_a-nano-vfprintf.o)
 .text.__sfputs_r
                0x0000000008005ef6       0x24 c:/st/stm32cubeide_1.12.0/stm32cubeide/plugins/com.st.stm32cube.ide.mcu.externaltools.gnu-tools-for-stm32.10.3-2021.10.win32_1.0.200.202301161003/tools/bin/../lib/gcc/arm-none-eabi/10.3.1/../../../../arm-none-eabi/lib/thumb/v7e-m+fp/hard\libc_nano.a(lib_a-nano-vfprintf.o)
                0x0000000008005ef6                __sfputs_r
 *fill*         0x0000000008005f1a        0x2 
 .text._vfprintf_r
                0x0000000008005f1c      0x260 c:/st/stm32cubeide_1.12.0/stm32cubeide/plugins/com.st.stm32cube.ide.mcu.externaltools.gnu-tools-for-stm32.10.3-2021.10.win32_1.0.200.202301161003/tools/bin/../lib/gcc/arm-none-eabi/10.3.1/../../../../arm-none-eabi/lib/thumb/v7e-m+fp/hard\libc_nano.a(lib_a-nano-vfprintf.o)
                0x0000000008005f1c                _vfprintf_r
                0x0000000008005f1c                _vfiprintf_r
 .text.__swbuf_r
                0x000000000800617c       0xa4 c:/st/stm32cubeide_1.12.0/stm32cubeide/plugins/com.st.stm32cube.ide.mcu.externaltools.gnu-tools-for-stm32.10.3-2021.10.win32_1.0.200.202301161003/tools/bin/../lib/gcc/arm-none-eabi/10.3.1/../../../../arm-none-eabi/lib/thumb/v7e-m+fp/hard\libc_nano.a(lib_a-wbuf.o)
                0x000000000800617c                __swbuf_r
 .text.__ascii_wctomb
                0x0000000008006220       0x1a c:/st/stm32cubeide_1.12.0/stm32cubeide/plugins/com.st.stm32cube.ide.mcu.externaltools.gnu-tools-for-stm32.10.3-2021.10.win32_1.0.200.202301161003/tools/bin/../lib/gcc/arm-none-eabi/10.3.1/../../../../arm-none-eabi/lib/thumb/v7e-m+fp/hard\libc_nano.a(lib_a-wctomb_r.o)
                0x0000000008006220                __ascii_wctomb
 *fill*         0x000000000800623a        0x2 
 .text.__swsetup_r
                0x000000000800623c       0xdc c:/st/stm32cubeide_1.12.0/stm32cubeide/plugins/com.st.stm32cube.ide.mcu.externaltools.gnu-tools-for-stm32.10.3-2021.10.win32_1.0.200.202301161003/tools/bin/../lib/gcc/arm-none-eabi/10.3.1/../../../../arm-none-eabi/lib/thumb/v7e-m+fp/hard\libc_nano.a(lib_a-wsetup.o)
                0x000000000800623c                __swsetup_r
 .text.abort    0x0000000008006318        0xe c:/st/stm32cubeide_1.12.0/stm32cubeide/plugins/com.st.stm32cube.ide.mcu.externaltools.gnu-tools-for-stm32.10.3-2021.10.win32_1.0.200.202301161003/tools/bin/../lib/gcc/arm-none-eabi/10.3.1/../../../../arm-none-eabi/lib/thumb/v7e-m+fp/hard\libc_nano.a(lib_a-abort.o)
                0x0000000008006318                abort
 *fill*         0x0000000008006326        0x2 
 .text.__sflush_r
                0x0000000008006328      0x10c c:/st/stm32cubeide_1.12.0/stm32cubeide/plugins/com.st.stm32cube.ide.mcu.externaltools.gnu-tools-for-stm32.10.3-2021.10.win32_1.0.200.202301161003/tools/bin/../lib/gcc/arm-none-eabi/10.3.1/../../../../arm-none-eabi/lib/thumb/v7e-m+fp/hard\libc_nano.a(lib_a-fflush.o)
                0x0000000008006328                __sflush_r
 .text._fflush_r
                0x0000000008006434       0x78 c:/st/stm32cubeide_1.12.0/stm32cubeide/plugins/com.st.stm32cube.ide.mcu.externaltools.gnu-tools-for-stm32.10.3-2021.10.win32_1.0.200.202301161003/tools/bin/../lib/gcc/arm-none-eabi/10.3.1/../../../../arm-none-eabi/lib/thumb/v7e-m+fp/hard\libc_nano.a(lib_a-fflush.o)
                0x0000000008006434                _fflush_r
 .text.std      0x00000000080064ac       0x48 c:/st/stm32cubeide_1.12.0/stm32cubeide/plugins/com.st.stm32cube.ide.mcu.externaltools.gnu-tools-for-stm32.10.3-2021.10.win32_1.0.200.202301161003/tools/bin/../lib/gcc/arm-none-eabi/10.3.1/../../../../arm-none-eabi/lib/thumb/v7e-m+fp/hard\libc_nano.a(lib_a-findfp.o)
 .text._cleanup_r
                0x00000000080064f4        0xc c:/st/stm32cubeide_1.12.0/stm32cubeide/plugins/com.st.stm32cube.ide.mcu.externaltools.gnu-tools-for-stm32.10.3-2021.10.win32_1.0.200.202301161003/tools/bin/../lib/gcc/arm-none-eabi/10.3.1/../../../../arm-none-eabi/lib/thumb/v7e-m+fp/hard\libc_nano.a(lib_a-findfp.o)
                0x00000000080064f4                _cleanup_r
 .text.__sfmoreglue
                0x0000000008006500       0x2c c:/st/stm32cubeide_1.12.0/stm32cubeide/plugins/com.st.stm32cube.ide.mcu.externaltools.gnu-tools-for-stm32.10.3-2021.10.win32_1.0.200.202301161003/tools/bin/../lib/gcc/arm-none-eabi/10.3.1/../../../../arm-none-eabi/lib/thumb/v7e-m+fp/hard\libc_nano.a(lib_a-findfp.o)
                0x0000000008006500                __sfmoreglue
 .text.__sfp_lock_acquire
                0x000000000800652c        0xc c:/st/stm32cubeide_1.12.0/stm32cubeide/plugins/com.st.stm32cube.ide.mcu.externaltools.gnu-tools-for-stm32.10.3-2021.10.win32_1.0.200.202301161003/tools/bin/../lib/gcc/arm-none-eabi/10.3.1/../../../../arm-none-eabi/lib/thumb/v7e-m+fp/hard\libc_nano.a(lib_a-findfp.o)
                0x000000000800652c                __sfp_lock_acquire
 .text.__sfp_lock_release
                0x0000000008006538        0xc c:/st/stm32cubeide_1.12.0/stm32cubeide/plugins/com.st.stm32cube.ide.mcu.externaltools.gnu-tools-for-stm32.10.3-2021.10.win32_1.0.200.202301161003/tools/bin/../lib/gcc/arm-none-eabi/10.3.1/../../../../arm-none-eabi/lib/thumb/v7e-m+fp/hard\libc_nano.a(lib_a-findfp.o)
                0x0000000008006538                __sfp_lock_release
 .text.__sinit_lock_acquire
                0x0000000008006544        0xc c:/st/stm32cubeide_1.12.0/stm32cubeide/plugins/com.st.stm32cube.ide.mcu.externaltools.gnu-tools-for-stm32.10.3-2021.10.win32_1.0.200.202301161003/tools/bin/../lib/gcc/arm-none-eabi/10.3.1/../../../../arm-none-eabi/lib/thumb/v7e-m+fp/hard\libc_nano.a(lib_a-findfp.o)
                0x0000000008006544                __sinit_lock_acquire
 .text.__sinit_lock_release
                0x0000000008006550        0xc c:/st/stm32cubeide_1.12.0/stm32cubeide/plugins/com.st.stm32cube.ide.mcu.externaltools.gnu-tools-for-stm32.10.3-2021.10.win32_1.0.200.202301161003/tools/bin/../lib/gcc/arm-none-eabi/10.3.1/../../../../arm-none-eabi/lib/thumb/v7e-m+fp/hard\libc_nano.a(lib_a-findfp.o)
                0x0000000008006550                __sinit_lock_release
 .text.__sinit  0x000000000800655c       0x70 c:/st/stm32cubeide_1.12.0/stm32cubeide/plugins/com.st.stm32cube.ide.mcu.externaltools.gnu-tools-for-stm32.10.3-2021.10.win32_1.0.200.202301161003/tools/bin/../lib/gcc/arm-none-eabi/10.3.1/../../../../arm-none-eabi/lib/thumb/v7e-m+fp/hard\libc_nano.a(lib_a-findfp.o)
                0x000000000800655c                __sinit
 .text.__sfp    0x00000000080065cc       0x8c c:/st/stm32cubeide_1.12.0/stm32cubeide/plugins/com.st.stm32cube.ide.mcu.externaltools.gnu-tools-for-stm32.10.3-2021.10.win32_1.0.200.202301161003/tools/bin/../lib/gcc/arm-none-eabi/10.3.1/../../../../arm-none-eabi/lib/thumb/v7e-m+fp/hard\libc_nano.a(lib_a-findfp.o)
                0x00000000080065cc                __sfp
 .text._fwalk_reent
                0x0000000008006658       0x3e c:/st/stm32cubeide_1.12.0/stm32cubeide/plugins/com.st.stm32cube.ide.mcu.externaltools.gnu-tools-for-stm32.10.3-2021.10.win32_1.0.200.202301161003/tools/bin/../lib/gcc/arm-none-eabi/10.3.1/../../../../arm-none-eabi/lib/thumb/v7e-m+fp/hard\libc_nano.a(lib_a-fwalk.o)
                0x0000000008006658                _fwalk_reent
 .text.__swhatbuf_r
                0x0000000008006696       0x4a c:/st/stm32cubeide_1.12.0/stm32cubeide/plugins/com.st.stm32cube.ide.mcu.externaltools.gnu-tools-for-stm32.10.3-2021.10.win32_1.0.200.202301161003/tools/bin/../lib/gcc/arm-none-eabi/10.3.1/../../../../arm-none-eabi/lib/thumb/v7e-m+fp/hard\libc_nano.a(lib_a-makebuf.o)
                0x0000000008006696                __swhatbuf_r
 .text.__smakebuf_r
                0x00000000080066e0       0x80 c:/st/stm32cubeide_1.12.0/stm32cubeide/plugins/com.st.stm32cube.ide.mcu.externaltools.gnu-tools-for-stm32.10.3-2021.10.win32_1.0.200.202301161003/tools/bin/../lib/gcc/arm-none-eabi/10.3.1/../../../../arm-none-eabi/lib/thumb/v7e-m+fp/hard\libc_nano.a(lib_a-makebuf.o)
                0x00000000080066e0                __smakebuf_r
 .text._malloc_usable_size_r
                0x0000000008006760       0x10 c:/st/stm32cubeide_1.12.0/stm32cubeide/plugins/com.st.stm32cube.ide.mcu.externaltools.gnu-tools-for-stm32.10.3-2021.10.win32_1.0.200.202301161003/tools/bin/../lib/gcc/arm-none-eabi/10.3.1/../../../../arm-none-eabi/lib/thumb/v7e-m+fp/hard\libc_nano.a(lib_a-nano-msizer.o)
                0x0000000008006760                _malloc_usable_size_r
 .text._raise_r
                0x0000000008006770       0x50 c:/st/stm32cubeide_1.12.0/stm32cubeide/plugins/com.st.stm32cube.ide.mcu.externaltools.gnu-tools-for-stm32.10.3-2021.10.win32_1.0.200.202301161003/tools/bin/../lib/gcc/arm-none-eabi/10.3.1/../../../../arm-none-eabi/lib/thumb/v7e-m+fp/hard\libc_nano.a(lib_a-signal.o)
                0x0000000008006770                _raise_r
 .text.raise    0x00000000080067c0       0x10 c:/st/stm32cubeide_1.12.0/stm32cubeide/plugins/com.st.stm32cube.ide.mcu.externaltools.gnu-tools-for-stm32.10.3-2021.10.win32_1.0.200.202301161003/tools/bin/../lib/gcc/arm-none-eabi/10.3.1/../../../../arm-none-eabi/lib/thumb/v7e-m+fp/hard\libc_nano.a(lib_a-signal.o)
                0x00000000080067c0                raise
 .text._kill_r  0x00000000080067d0       0x24 c:/st/stm32cubeide_1.12.0/stm32cubeide/plugins/com.st.stm32cube.ide.mcu.externaltools.gnu-tools-for-stm32.10.3-2021.10.win32_1.0.200.202301161003/tools/bin/../lib/gcc/arm-none-eabi/10.3.1/../../../../arm-none-eabi/lib/thumb/v7e-m+fp/hard\libc_nano.a(lib_a-signalr.o)
                0x00000000080067d0                _kill_r
 .text._getpid_r
                0x00000000080067f4        0x4 c:/st/stm32cubeide_1.12.0/stm32cubeide/plugins/com.st.stm32cube.ide.mcu.externaltools.gnu-tools-for-stm32.10.3-2021.10.win32_1.0.200.202301161003/tools/bin/../lib/gcc/arm-none-eabi/10.3.1/../../../../arm-none-eabi/lib/thumb/v7e-m+fp/hard\libc_nano.a(lib_a-signalr.o)
                0x00000000080067f4                _getpid_r
 .text.__sread  0x00000000080067f8       0x22 c:/st/stm32cubeide_1.12.0/stm32cubeide/plugins/com.st.stm32cube.ide.mcu.externaltools.gnu-tools-for-stm32.10.3-2021.10.win32_1.0.200.202301161003/tools/bin/../lib/gcc/arm-none-eabi/10.3.1/../../../../arm-none-eabi/lib/thumb/v7e-m+fp/hard\libc_nano.a(lib_a-stdio.o)
                0x00000000080067f8                __sread
 .text.__swrite
                0x000000000800681a       0x38 c:/st/stm32cubeide_1.12.0/stm32cubeide/plugins/com.st.stm32cube.ide.mcu.externaltools.gnu-tools-for-stm32.10.3-2021.10.win32_1.0.200.202301161003/tools/bin/../lib/gcc/arm-none-eabi/10.3.1/../../../../arm-none-eabi/lib/thumb/v7e-m+fp/hard\libc_nano.a(lib_a-stdio.o)
                0x000000000800681a                __swrite
 .text.__sseek  0x0000000008006852       0x24 c:/st/stm32cubeide_1.12.0/stm32cubeide/plugins/com.st.stm32cube.ide.mcu.externaltools.gnu-tools-for-stm32.10.3-2021.10.win32_1.0.200.202301161003/tools/bin/../lib/gcc/arm-none-eabi/10.3.1/../../../../arm-none-eabi/lib/thumb/v7e-m+fp/hard\libc_nano.a(lib_a-stdio.o)
                0x0000000008006852                __sseek
 .text.__sclose
                0x0000000008006876        0x8 c:/st/stm32cubeide_1.12.0/stm32cubeide/plugins/com.st.stm32cube.ide.mcu.externaltools.gnu-tools-for-stm32.10.3-2021.10.win32_1.0.200.202301161003/tools/bin/../lib/gcc/arm-none-eabi/10.3.1/../../../../arm-none-eabi/lib/thumb/v7e-m+fp/hard\libc_nano.a(lib_a-stdio.o)
                0x0000000008006876                __sclose
 *fill*         0x000000000800687e        0x2 
 .text._write_r
                0x0000000008006880       0x24 c:/st/stm32cubeide_1.12.0/stm32cubeide/plugins/com.st.stm32cube.ide.mcu.externaltools.gnu-tools-for-stm32.10.3-2021.10.win32_1.0.200.202301161003/tools/bin/../lib/gcc/arm-none-eabi/10.3.1/../../../../arm-none-eabi/lib/thumb/v7e-m+fp/hard\libc_nano.a(lib_a-writer.o)
                0x0000000008006880                _write_r
 .text._close_r
                0x00000000080068a4       0x20 c:/st/stm32cubeide_1.12.0/stm32cubeide/plugins/com.st.stm32cube.ide.mcu.externaltools.gnu-tools-for-stm32.10.3-2021.10.win32_1.0.200.202301161003/tools/bin/../lib/gcc/arm-none-eabi/10.3.1/../../../../arm-none-eabi/lib/thumb/v7e-m+fp/hard\libc_nano.a(lib_a-closer.o)
                0x00000000080068a4                _close_r
 .text._fstat_r
                0x00000000080068c4       0x24 c:/st/stm32cubeide_1.12.0/stm32cubeide/plugins/com.st.stm32cube.ide.mcu.externaltools.gnu-tools-for-stm32.10.3-2021.10.win32_1.0.200.202301161003/tools/bin/../lib/gcc/arm-none-eabi/10.3.1/../../../../arm-none-eabi/lib/thumb/v7e-m+fp/hard\libc_nano.a(lib_a-fstatr.o)
                0x00000000080068c4                _fstat_r
 .text._isatty_r
                0x00000000080068e8       0x20 c:/st/stm32cubeide_1.12.0/stm32cubeide/plugins/com.st.stm32cube.ide.mcu.externaltools.gnu-tools-for-stm32.10.3-2021.10.win32_1.0.200.202301161003/tools/bin/../lib/gcc/arm-none-eabi/10.3.1/../../../../arm-none-eabi/lib/thumb/v7e-m+fp/hard\libc_nano.a(lib_a-isattyr.o)
                0x00000000080068e8                _isatty_r
 .text._lseek_r
                0x0000000008006908       0x24 c:/st/stm32cubeide_1.12.0/stm32cubeide/plugins/com.st.stm32cube.ide.mcu.externaltools.gnu-tools-for-stm32.10.3-2021.10.win32_1.0.200.202301161003/tools/bin/../lib/gcc/arm-none-eabi/10.3.1/../../../../arm-none-eabi/lib/thumb/v7e-m+fp/hard\libc_nano.a(lib_a-lseekr.o)
                0x0000000008006908                _lseek_r
 .text._read_r  0x000000000800692c       0x24 c:/st/stm32cubeide_1.12.0/stm32cubeide/plugins/com.st.stm32cube.ide.mcu.externaltools.gnu-tools-for-stm32.10.3-2021.10.win32_1.0.200.202301161003/tools/bin/../lib/gcc/arm-none-eabi/10.3.1/../../../../arm-none-eabi/lib/thumb/v7e-m+fp/hard\libc_nano.a(lib_a-readr.o)
                0x000000000800692c                _read_r
 .text.cos      0x0000000008006950       0xa8 c:/st/stm32cubeide_1.12.0/stm32cubeide/plugins/com.st.stm32cube.ide.mcu.externaltools.gnu-tools-for-stm32.10.3-2021.10.win32_1.0.200.202301161003/tools/bin/../lib/gcc/arm-none-eabi/10.3.1/../../../../arm-none-eabi/lib/thumb/v7e-m+fp/hard\libm.a(lib_a-s_cos.o)
                0x0000000008006950                cos
 .text.sin      0x00000000080069f8       0xb0 c:/st/stm32cubeide_1.12.0/stm32cubeide/plugins/com.st.stm32cube.ide.mcu.externaltools.gnu-tools-for-stm32.10.3-2021.10.win32_1.0.200.202301161003/tools/bin/../lib/gcc/arm-none-eabi/10.3.1/../../../../arm-none-eabi/lib/thumb/v7e-m+fp/hard\libm.a(lib_a-s_sin.o)
                0x00000000080069f8                sin
 .text.__ieee754_rem_pio2
                0x0000000008006aa8      0x418 c:/st/stm32cubeide_1.12.0/stm32cubeide/plugins/com.st.stm32cube.ide.mcu.externaltools.gnu-tools-for-stm32.10.3-2021.10.win32_1.0.200.202301161003/tools/bin/../lib/gcc/arm-none-eabi/10.3.1/../../../../arm-none-eabi/lib/thumb/v7e-m+fp/hard\libm.a(lib_a-e_rem_pio2.o)
                0x0000000008006aa8                __ieee754_rem_pio2
 .text.__kernel_cos
                0x0000000008006ec0      0x18c c:/st/stm32cubeide_1.12.0/stm32cubeide/plugins/com.st.stm32cube.ide.mcu.externaltools.gnu-tools-for-stm32.10.3-2021.10.win32_1.0.200.202301161003/tools/bin/../lib/gcc/arm-none-eabi/10.3.1/../../../../arm-none-eabi/lib/thumb/v7e-m+fp/hard\libm.a(lib_a-k_cos.o)
                0x0000000008006ec0                __kernel_cos
 *fill*         0x000000000800704c        0x4 
 .text.__kernel_rem_pio2
                0x0000000008007050      0x69c c:/st/stm32cubeide_1.12.0/stm32cubeide/plugins/com.st.stm32cube.ide.mcu.externaltools.gnu-tools-for-stm32.10.3-2021.10.win32_1.0.200.202301161003/tools/bin/../lib/gcc/arm-none-eabi/10.3.1/../../../../arm-none-eabi/lib/thumb/v7e-m+fp/hard\libm.a(lib_a-k_rem_pio2.o)
                0x0000000008007050                __kernel_rem_pio2
 *fill*         0x00000000080076ec        0x4 
 .text.__kernel_sin
                0x00000000080076f0      0x17c c:/st/stm32cubeide_1.12.0/stm32cubeide/plugins/com.st.stm32cube.ide.mcu.externaltools.gnu-tools-for-stm32.10.3-2021.10.win32_1.0.200.202301161003/tools/bin/../lib/gcc/arm-none-eabi/10.3.1/../../../../arm-none-eabi/lib/thumb/v7e-m+fp/hard\libm.a(lib_a-k_sin.o)
                0x00000000080076f0                __kernel_sin
 .text.fabs     0x000000000800786c       0x12 c:/st/stm32cubeide_1.12.0/stm32cubeide/plugins/com.st.stm32cube.ide.mcu.externaltools.gnu-tools-for-stm32.10.3-2021.10.win32_1.0.200.202301161003/tools/bin/../lib/gcc/arm-none-eabi/10.3.1/../../../../arm-none-eabi/lib/thumb/v7e-m+fp/hard\libm.a(lib_a-s_fabs.o)
                0x000000000800786c                fabs
 *fill*         0x000000000800787e        0x2 
 .text.floor    0x0000000008007880      0x100 c:/st/stm32cubeide_1.12.0/stm32cubeide/plugins/com.st.stm32cube.ide.mcu.externaltools.gnu-tools-for-stm32.10.3-2021.10.win32_1.0.200.202301161003/tools/bin/../lib/gcc/arm-none-eabi/10.3.1/../../../../arm-none-eabi/lib/thumb/v7e-m+fp/hard\libm.a(lib_a-s_floor.o)
                0x0000000008007880                floor
 .text.scalbn   0x0000000008007980      0x10c c:/st/stm32cubeide_1.12.0/stm32cubeide/plugins/com.st.stm32cube.ide.mcu.externaltools.gnu-tools-for-stm32.10.3-2021.10.win32_1.0.200.202301161003/tools/bin/../lib/gcc/arm-none-eabi/10.3.1/../../../../arm-none-eabi/lib/thumb/v7e-m+fp/hard\libm.a(lib_a-s_scalbn.o)
                0x0000000008007980                scalbn
 *(.glue_7)
 .glue_7        0x0000000008007a8c        0x0 linker stubs
 *(.glue_7t)
 .glue_7t       0x0000000008007a8c        0x0 linker stubs
 *(.eh_frame)
 .eh_frame      0x0000000008007a8c        0x0 c:/st/stm32cubeide_1.12.0/stm32cubeide/plugins/com.st.stm32cube.ide.mcu.externaltools.gnu-tools-for-stm32.10.3-2021.10.win32_1.0.200.202301161003/tools/bin/../lib/gcc/arm-none-eabi/10.3.1/thumb/v7e-m+fp/hard/crtbegin.o
 *(.init)
 .init          0x0000000008007a8c        0x4 c:/st/stm32cubeide_1.12.0/stm32cubeide/plugins/com.st.stm32cube.ide.mcu.externaltools.gnu-tools-for-stm32.10.3-2021.10.win32_1.0.200.202301161003/tools/bin/../lib/gcc/arm-none-eabi/10.3.1/thumb/v7e-m+fp/hard/crti.o
                0x0000000008007a8c                _init
 .init          0x0000000008007a90        0x8 c:/st/stm32cubeide_1.12.0/stm32cubeide/plugins/com.st.stm32cube.ide.mcu.externaltools.gnu-tools-for-stm32.10.3-2021.10.win32_1.0.200.202301161003/tools/bin/../lib/gcc/arm-none-eabi/10.3.1/thumb/v7e-m+fp/hard/crtn.o
 *(.fini)
 .fini          0x0000000008007a98        0x4 c:/st/stm32cubeide_1.12.0/stm32cubeide/plugins/com.st.stm32cube.ide.mcu.externaltools.gnu-tools-for-stm32.10.3-2021.10.win32_1.0.200.202301161003/tools/bin/../lib/gcc/arm-none-eabi/10.3.1/thumb/v7e-m+fp/hard/crti.o
                0x0000000008007a98                _fini
 .fini          0x0000000008007a9c        0x8 c:/st/stm32cubeide_1.12.0/stm32cubeide/plugins/com.st.stm32cube.ide.mcu.externaltools.gnu-tools-for-stm32.10.3-2021.10.win32_1.0.200.202301161003/tools/bin/../lib/gcc/arm-none-eabi/10.3.1/thumb/v7e-m+fp/hard/crtn.o
                0x0000000008007aa4                . = ALIGN (0x4)
                0x0000000008007aa4                _etext = .

.vfp11_veneer   0x0000000008007aa4        0x0
 .vfp11_veneer  0x0000000008007aa4        0x0 linker stubs

.v4_bx          0x0000000008007aa4        0x0
 .v4_bx         0x0000000008007aa4        0x0 linker stubs

.iplt           0x0000000008007aa4        0x0
 .iplt          0x0000000008007aa4        0x0 c:/st/stm32cubeide_1.12.0/stm32cubeide/plugins/com.st.stm32cube.ide.mcu.externaltools.gnu-tools-for-stm32.10.3-2021.10.win32_1.0.200.202301161003/tools/bin/../lib/gcc/arm-none-eabi/10.3.1/thumb/v7e-m+fp/hard/crtbegin.o

.rodata         0x0000000008007aa8      0xb70
                0x0000000008007aa8                . = ALIGN (0x4)
 *(.rodata)
 .rodata        0x0000000008007aa8       0x9b ./Src/main.o
 *(.rodata*)
 *fill*         0x0000000008007b43        0x1 
 .rodata.SmallFont
                0x0000000008007b44      0x478 ./Src/DefaultFonts.o
                0x0000000008007b44                SmallFont
 .rodata.Rcmd1  0x0000000008007fbc       0x3c ./Src/ST7735.o
 .rodata.Rcmd2green
                0x0000000008007ff8        0xd ./Src/ST7735.o
 *fill*         0x0000000008008005        0x3 
 .rodata.Rcmd2red
                0x0000000008008008        0xd ./Src/ST7735.o
 *fill*         0x0000000008008015        0x3 
 .rodata.Rcmd3  0x0000000008008018       0x2b ./Src/ST7735.o
 *fill*         0x0000000008008043        0x1 
 .rodata.AHBPrescTable
                0x0000000008008044       0x10 ./Src/system_stm32f4xx.o
                0x0000000008008044                AHBPrescTable
 .rodata.APBAHBPrescTable
                0x0000000008008054       0x10 D:\GITHUB\STM32\EDS_2023\MCAL_F40x\Debug\libMCAL.a(mcalRCC.o)
                0x0000000008008054                APBAHBPrescTable
 .rodata._global_impure_ptr
                0x0000000008008064        0x4 c:/st/stm32cubeide_1.12.0/stm32cubeide/plugins/com.st.stm32cube.ide.mcu.externaltools.gnu-tools-for-stm32.10.3-2021.10.win32_1.0.200.202301161003/tools/bin/../lib/gcc/arm-none-eabi/10.3.1/../../../../arm-none-eabi/lib/thumb/v7e-m+fp/hard\libc_nano.a(lib_a-impure.o)
                0x0000000008008064                _global_impure_ptr
 .rodata._printf_float.str1.1
                0x0000000008008068       0x12 c:/st/stm32cubeide_1.12.0/stm32cubeide/plugins/com.st.stm32cube.ide.mcu.externaltools.gnu-tools-for-stm32.10.3-2021.10.win32_1.0.200.202301161003/tools/bin/../lib/gcc/arm-none-eabi/10.3.1/../../../../arm-none-eabi/lib/thumb/v7e-m+fp/hard\libc_nano.a(lib_a-nano-vfprintf_float.o)
 .rodata._printf_i.str1.1
                0x000000000800807a       0x22 c:/st/stm32cubeide_1.12.0/stm32cubeide/plugins/com.st.stm32cube.ide.mcu.externaltools.gnu-tools-for-stm32.10.3-2021.10.win32_1.0.200.202301161003/tools/bin/../lib/gcc/arm-none-eabi/10.3.1/../../../../arm-none-eabi/lib/thumb/v7e-m+fp/hard\libc_nano.a(lib_a-nano-vfprintf_i.o)
 .rodata._dtoa_r.str1.1
                0x000000000800809c       0x90 c:/st/stm32cubeide_1.12.0/stm32cubeide/plugins/com.st.stm32cube.ide.mcu.externaltools.gnu-tools-for-stm32.10.3-2021.10.win32_1.0.200.202301161003/tools/bin/../lib/gcc/arm-none-eabi/10.3.1/../../../../arm-none-eabi/lib/thumb/v7e-m+fp/hard\libc_nano.a(lib_a-dtoa.o)
                                         0x92 (size before relaxing)
 .rodata._Balloc.str1.1
                0x000000000800812c       0x5c c:/st/stm32cubeide_1.12.0/stm32cubeide/plugins/com.st.stm32cube.ide.mcu.externaltools.gnu-tools-for-stm32.10.3-2021.10.win32_1.0.200.202301161003/tools/bin/../lib/gcc/arm-none-eabi/10.3.1/../../../../arm-none-eabi/lib/thumb/v7e-m+fp/hard\libc_nano.a(lib_a-mprec.o)
                                         0x73 (size before relaxing)
 .rodata.__multadd.str1.1
                0x0000000008008188       0x11 c:/st/stm32cubeide_1.12.0/stm32cubeide/plugins/com.st.stm32cube.ide.mcu.externaltools.gnu-tools-for-stm32.10.3-2021.10.win32_1.0.200.202301161003/tools/bin/../lib/gcc/arm-none-eabi/10.3.1/../../../../arm-none-eabi/lib/thumb/v7e-m+fp/hard\libc_nano.a(lib_a-mprec.o)
 .rodata.__mprec_bigtens
                0x0000000008008188       0x28 c:/st/stm32cubeide_1.12.0/stm32cubeide/plugins/com.st.stm32cube.ide.mcu.externaltools.gnu-tools-for-stm32.10.3-2021.10.win32_1.0.200.202301161003/tools/bin/../lib/gcc/arm-none-eabi/10.3.1/../../../../arm-none-eabi/lib/thumb/v7e-m+fp/hard\libc_nano.a(lib_a-mprec.o)
                0x0000000008008188                __mprec_bigtens
 .rodata.__mprec_tens
                0x00000000080081b0       0xc8 c:/st/stm32cubeide_1.12.0/stm32cubeide/plugins/com.st.stm32cube.ide.mcu.externaltools.gnu-tools-for-stm32.10.3-2021.10.win32_1.0.200.202301161003/tools/bin/../lib/gcc/arm-none-eabi/10.3.1/../../../../arm-none-eabi/lib/thumb/v7e-m+fp/hard\libc_nano.a(lib_a-mprec.o)
                0x00000000080081b0                __mprec_tens
 .rodata.p05.0  0x0000000008008278        0xc c:/st/stm32cubeide_1.12.0/stm32cubeide/plugins/com.st.stm32cube.ide.mcu.externaltools.gnu-tools-for-stm32.10.3-2021.10.win32_1.0.200.202301161003/tools/bin/../lib/gcc/arm-none-eabi/10.3.1/../../../../arm-none-eabi/lib/thumb/v7e-m+fp/hard\libc_nano.a(lib_a-mprec.o)
 .rodata._svfprintf_r.str1.1
                0x0000000008008284       0x11 c:/st/stm32cubeide_1.12.0/stm32cubeide/plugins/com.st.stm32cube.ide.mcu.externaltools.gnu-tools-for-stm32.10.3-2021.10.win32_1.0.200.202301161003/tools/bin/../lib/gcc/arm-none-eabi/10.3.1/../../../../arm-none-eabi/lib/thumb/v7e-m+fp/hard\libc_nano.a(lib_a-nano-svfprintf.o)
 .rodata.__assert_func.str1.1
                0x0000000008008295       0x3c c:/st/stm32cubeide_1.12.0/stm32cubeide/plugins/com.st.stm32cube.ide.mcu.externaltools.gnu-tools-for-stm32.10.3-2021.10.win32_1.0.200.202301161003/tools/bin/../lib/gcc/arm-none-eabi/10.3.1/../../../../arm-none-eabi/lib/thumb/v7e-m+fp/hard\libc_nano.a(lib_a-assert.o)
                                         0x3d (size before relaxing)
 .rodata._setlocale_r.str1.1
                0x00000000080082d1        0x8 c:/st/stm32cubeide_1.12.0/stm32cubeide/plugins/com.st.stm32cube.ide.mcu.externaltools.gnu-tools-for-stm32.10.3-2021.10.win32_1.0.200.202301161003/tools/bin/../lib/gcc/arm-none-eabi/10.3.1/../../../../arm-none-eabi/lib/thumb/v7e-m+fp/hard\libc_nano.a(lib_a-locale.o)
                                          0x9 (size before relaxing)
 .rodata.str1.1
                0x00000000080082d9        0x2 c:/st/stm32cubeide_1.12.0/stm32cubeide/plugins/com.st.stm32cube.ide.mcu.externaltools.gnu-tools-for-stm32.10.3-2021.10.win32_1.0.200.202301161003/tools/bin/../lib/gcc/arm-none-eabi/10.3.1/../../../../arm-none-eabi/lib/thumb/v7e-m+fp/hard\libc_nano.a(lib_a-locale.o)
 .rodata._vfprintf_r.str1.1
                0x00000000080082db       0x11 c:/st/stm32cubeide_1.12.0/stm32cubeide/plugins/com.st.stm32cube.ide.mcu.externaltools.gnu-tools-for-stm32.10.3-2021.10.win32_1.0.200.202301161003/tools/bin/../lib/gcc/arm-none-eabi/10.3.1/../../../../arm-none-eabi/lib/thumb/v7e-m+fp/hard\libc_nano.a(lib_a-nano-vfprintf.o)
 .rodata._ctype_
                0x00000000080082db      0x101 c:/st/stm32cubeide_1.12.0/stm32cubeide/plugins/com.st.stm32cube.ide.mcu.externaltools.gnu-tools-for-stm32.10.3-2021.10.win32_1.0.200.202301161003/tools/bin/../lib/gcc/arm-none-eabi/10.3.1/../../../../arm-none-eabi/lib/thumb/v7e-m+fp/hard\libc_nano.a(lib_a-ctype_.o)
                0x00000000080082db                _ctype_
 .rodata.__sf_fake_stderr
                0x00000000080083dc       0x20 c:/st/stm32cubeide_1.12.0/stm32cubeide/plugins/com.st.stm32cube.ide.mcu.externaltools.gnu-tools-for-stm32.10.3-2021.10.win32_1.0.200.202301161003/tools/bin/../lib/gcc/arm-none-eabi/10.3.1/../../../../arm-none-eabi/lib/thumb/v7e-m+fp/hard\libc_nano.a(lib_a-findfp.o)
                0x00000000080083dc                __sf_fake_stderr
 .rodata.__sf_fake_stdin
                0x00000000080083fc       0x20 c:/st/stm32cubeide_1.12.0/stm32cubeide/plugins/com.st.stm32cube.ide.mcu.externaltools.gnu-tools-for-stm32.10.3-2021.10.win32_1.0.200.202301161003/tools/bin/../lib/gcc/arm-none-eabi/10.3.1/../../../../arm-none-eabi/lib/thumb/v7e-m+fp/hard\libc_nano.a(lib_a-findfp.o)
                0x00000000080083fc                __sf_fake_stdin
 .rodata.__sf_fake_stdout
                0x000000000800841c       0x20 c:/st/stm32cubeide_1.12.0/stm32cubeide/plugins/com.st.stm32cube.ide.mcu.externaltools.gnu-tools-for-stm32.10.3-2021.10.win32_1.0.200.202301161003/tools/bin/../lib/gcc/arm-none-eabi/10.3.1/../../../../arm-none-eabi/lib/thumb/v7e-m+fp/hard\libc_nano.a(lib_a-findfp.o)
                0x000000000800841c                __sf_fake_stdout
 .rodata.npio2_hw
                0x000000000800843c       0x80 c:/st/stm32cubeide_1.12.0/stm32cubeide/plugins/com.st.stm32cube.ide.mcu.externaltools.gnu-tools-for-stm32.10.3-2021.10.win32_1.0.200.202301161003/tools/bin/../lib/gcc/arm-none-eabi/10.3.1/../../../../arm-none-eabi/lib/thumb/v7e-m+fp/hard\libm.a(lib_a-e_rem_pio2.o)
 .rodata.two_over_pi
                0x00000000080084bc      0x108 c:/st/stm32cubeide_1.12.0/stm32cubeide/plugins/com.st.stm32cube.ide.mcu.externaltools.gnu-tools-for-stm32.10.3-2021.10.win32_1.0.200.202301161003/tools/bin/../lib/gcc/arm-none-eabi/10.3.1/../../../../arm-none-eabi/lib/thumb/v7e-m+fp/hard\libm.a(lib_a-e_rem_pio2.o)
 *fill*         0x00000000080085c4        0x4 
 .rodata.PIo2   0x00000000080085c8       0x40 c:/st/stm32cubeide_1.12.0/stm32cubeide/plugins/com.st.stm32cube.ide.mcu.externaltools.gnu-tools-for-stm32.10.3-2021.10.win32_1.0.200.202301161003/tools/bin/../lib/gcc/arm-none-eabi/10.3.1/../../../../arm-none-eabi/lib/thumb/v7e-m+fp/hard\libm.a(lib_a-k_rem_pio2.o)
 .rodata.init_jk
                0x0000000008008608       0x10 c:/st/stm32cubeide_1.12.0/stm32cubeide/plugins/com.st.stm32cube.ide.mcu.externaltools.gnu-tools-for-stm32.10.3-2021.10.win32_1.0.200.202301161003/tools/bin/../lib/gcc/arm-none-eabi/10.3.1/../../../../arm-none-eabi/lib/thumb/v7e-m+fp/hard\libm.a(lib_a-k_rem_pio2.o)
                0x0000000008008618                . = ALIGN (0x4)

.ARM.extab      0x0000000008008618        0x0
                0x0000000008008618                . = ALIGN (0x4)
 *(.ARM.extab* .gnu.linkonce.armextab.*)
                0x0000000008008618                . = ALIGN (0x4)

.ARM            0x0000000008008618        0x8
                0x0000000008008618                . = ALIGN (0x4)
                0x0000000008008618                __exidx_start = .
 *(.ARM.exidx*)
 .ARM.exidx     0x0000000008008618        0x8 c:/st/stm32cubeide_1.12.0/stm32cubeide/plugins/com.st.stm32cube.ide.mcu.externaltools.gnu-tools-for-stm32.10.3-2021.10.win32_1.0.200.202301161003/tools/bin/../lib/gcc/arm-none-eabi/10.3.1/thumb/v7e-m+fp/hard\libgcc.a(_udivmoddi4.o)
                0x0000000008008620                __exidx_end = .
                0x0000000008008620                . = ALIGN (0x4)

.rel.dyn        0x0000000008008620        0x0
 .rel.iplt      0x0000000008008620        0x0 c:/st/stm32cubeide_1.12.0/stm32cubeide/plugins/com.st.stm32cube.ide.mcu.externaltools.gnu-tools-for-stm32.10.3-2021.10.win32_1.0.200.202301161003/tools/bin/../lib/gcc/arm-none-eabi/10.3.1/thumb/v7e-m+fp/hard/crtbegin.o

.preinit_array  0x0000000008008620        0x0
                0x0000000008008620                . = ALIGN (0x4)
                0x0000000008008620                PROVIDE (__preinit_array_start = .)
 *(.preinit_array*)
                0x0000000008008620                PROVIDE (__preinit_array_end = .)
                0x0000000008008620                . = ALIGN (0x4)

.init_array     0x0000000008008620        0x4
                0x0000000008008620                . = ALIGN (0x4)
                0x0000000008008620                PROVIDE (__init_array_start = .)
 *(SORT_BY_NAME(.init_array.*))
 *(.init_array*)
 .init_array    0x0000000008008620        0x4 c:/st/stm32cubeide_1.12.0/stm32cubeide/plugins/com.st.stm32cube.ide.mcu.externaltools.gnu-tools-for-stm32.10.3-2021.10.win32_1.0.200.202301161003/tools/bin/../lib/gcc/arm-none-eabi/10.3.1/thumb/v7e-m+fp/hard/crtbegin.o
                0x0000000008008624                PROVIDE (__init_array_end = .)
                0x0000000008008624                . = ALIGN (0x4)

.fini_array     0x0000000008008624        0x4
                0x0000000008008624                . = ALIGN (0x4)
                [!provide]                        PROVIDE (__fini_array_start = .)
 *(SORT_BY_NAME(.fini_array.*))
 *(.fini_array*)
 .fini_array    0x0000000008008624        0x4 c:/st/stm32cubeide_1.12.0/stm32cubeide/plugins/com.st.stm32cube.ide.mcu.externaltools.gnu-tools-for-stm32.10.3-2021.10.win32_1.0.200.202301161003/tools/bin/../lib/gcc/arm-none-eabi/10.3.1/thumb/v7e-m+fp/hard/crtbegin.o
                [!provide]                        PROVIDE (__fini_array_end = .)
                0x0000000008008628                . = ALIGN (0x4)
                0x0000000008008628                _sidata = LOADADDR (.data)

.data           0x0000000020000000      0x1f0 load address 0x0000000008008628
                0x0000000020000000                . = ALIGN (0x4)
                0x0000000020000000                _sdata = .
 *(.data)
 *(.data*)
 .data.RFIDcmd_LEDon
                0x0000000020000000        0x3 ./Src/I2C.o
                0x0000000020000000                RFIDcmd_LEDon
 *fill*         0x0000000020000003        0x1 
 .data.RFIDcmd_LEDoff
                0x0000000020000004        0x3 ./Src/I2C.o
                0x0000000020000004                RFIDcmd_LEDoff
 *fill*         0x0000000020000007        0x1 
 .data.RFIDcmd_getFirmwareVersion
                0x0000000020000008        0x2 ./Src/I2C.o
                0x0000000020000008                RFIDcmd_getFirmwareVersion
 .data.step.0   0x000000002000000a        0x1 ./Src/I2C.o
 *fill*         0x000000002000000b        0x1 
 .data._width   0x000000002000000c        0x2 ./Src/ST7735.o
 .data._height  0x000000002000000e        0x2 ./Src/ST7735.o
 .data._fg      0x0000000020000010        0x2 ./Src/ST7735.o
 *fill*         0x0000000020000012        0x2 
 .data.spi      0x0000000020000014        0x4 ./Src/hw_config.o
 .data.testmode.1
                0x0000000020000018        0x1 ./Src/main.o
 *fill*         0x0000000020000019        0x3 
 .data.SystemCoreClock
                0x000000002000001c        0x4 ./Src/system_stm32f4xx.o
                0x000000002000001c                SystemCoreClock
 .data._impure_ptr
                0x0000000020000020        0x4 c:/st/stm32cubeide_1.12.0/stm32cubeide/plugins/com.st.stm32cube.ide.mcu.externaltools.gnu-tools-for-stm32.10.3-2021.10.win32_1.0.200.202301161003/tools/bin/../lib/gcc/arm-none-eabi/10.3.1/../../../../arm-none-eabi/lib/thumb/v7e-m+fp/hard\libc_nano.a(lib_a-impure.o)
                0x0000000020000020                _impure_ptr
 .data.impure_data
                0x0000000020000024       0x60 c:/st/stm32cubeide_1.12.0/stm32cubeide/plugins/com.st.stm32cube.ide.mcu.externaltools.gnu-tools-for-stm32.10.3-2021.10.win32_1.0.200.202301161003/tools/bin/../lib/gcc/arm-none-eabi/10.3.1/../../../../arm-none-eabi/lib/thumb/v7e-m+fp/hard\libc_nano.a(lib_a-impure.o)
 .data.__global_locale
                0x0000000020000084      0x16c c:/st/stm32cubeide_1.12.0/stm32cubeide/plugins/com.st.stm32cube.ide.mcu.externaltools.gnu-tools-for-stm32.10.3-2021.10.win32_1.0.200.202301161003/tools/bin/../lib/gcc/arm-none-eabi/10.3.1/../../../../arm-none-eabi/lib/thumb/v7e-m+fp/hard\libc_nano.a(lib_a-locale.o)
                0x0000000020000084                __global_locale
 *(.RamFunc)
 *(.RamFunc*)
                0x00000000200001f0                . = ALIGN (0x4)
                0x00000000200001f0                _edata = .

.igot.plt       0x00000000200001f0        0x0 load address 0x0000000008008818
 .igot.plt      0x00000000200001f0        0x0 c:/st/stm32cubeide_1.12.0/stm32cubeide/plugins/com.st.stm32cube.ide.mcu.externaltools.gnu-tools-for-stm32.10.3-2021.10.win32_1.0.200.202301161003/tools/bin/../lib/gcc/arm-none-eabi/10.3.1/thumb/v7e-m+fp/hard/crtbegin.o
                0x00000000200001f0                . = ALIGN (0x4)

.bss            0x00000000200001f0       0x6c load address 0x0000000008008818
                0x00000000200001f0                _sbss = .
                0x00000000200001f0                __bss_start__ = _sbss
 *(.bss)
 .bss           0x00000000200001f0       0x1c c:/st/stm32cubeide_1.12.0/stm32cubeide/plugins/com.st.stm32cube.ide.mcu.externaltools.gnu-tools-for-stm32.10.3-2021.10.win32_1.0.200.202301161003/tools/bin/../lib/gcc/arm-none-eabi/10.3.1/thumb/v7e-m+fp/hard/crtbegin.o
 *(.bss*)
 .bss.enableRFID
                0x000000002000020c        0x1 ./Src/I2C.o
                0x000000002000020c                enableRFID
 .bss.enableLIS3DH
                0x000000002000020d        0x1 ./Src/I2C.o
                0x000000002000020d                enableLIS3DH
 .bss.enableLIDAR
                0x000000002000020e        0x1 ./Src/I2C.o
                0x000000002000020e                enableLIDAR
 *fill*         0x000000002000020f        0x1 
 .bss.hex.3     0x0000000020000210        0x2 ./Src/I2C.o
 *fill*         0x0000000020000212        0x2 
 .bss.colstart  0x0000000020000214        0x4 ./Src/ST7735.o
 .bss.rowstart  0x0000000020000218        0x4 ./Src/ST7735.o
 .bss.orientation
                0x000000002000021c        0x1 ./Src/ST7735.o
 *fill*         0x000000002000021d        0x3 
 .bss.cfont     0x0000000020000220        0xc ./Src/ST7735.o
 .bss._transparent
                0x000000002000022c        0x1 ./Src/ST7735.o
 *fill*         0x000000002000022d        0x1 
 .bss._bg       0x000000002000022e        0x2 ./Src/ST7735.o
 .bss.timerTrigger
                0x0000000020000230        0x1 ./Src/main.o
                0x0000000020000230                timerTrigger
 *fill*         0x0000000020000231        0x3 
 .bss.Timer1    0x0000000020000234        0x4 ./Src/main.o
                0x0000000020000234                Timer1
 .bss.ST7735_Timer
                0x0000000020000238        0x4 ./Src/main.o
                0x0000000020000238                ST7735_Timer
 .bss.I2C_Timer
                0x000000002000023c        0x4 ./Src/main.o
                0x000000002000023c                I2C_Timer
 .bss.xPos.0    0x0000000020000240        0x4 ./Src/main.o
 .bss.__sbrk_heap_end
                0x0000000020000244        0x4 ./Src/sysmem.o
 .bss.state.0   0x0000000020000248        0x1 D:\GITHUB\STM32\EDS_2023\MCAL_F40x\Debug\libMCAL.a(mcalSPI.o)
 *fill*         0x0000000020000249        0x3 
 .bss.__malloc_free_list
                0x000000002000024c        0x4 c:/st/stm32cubeide_1.12.0/stm32cubeide/plugins/com.st.stm32cube.ide.mcu.externaltools.gnu-tools-for-stm32.10.3-2021.10.win32_1.0.200.202301161003/tools/bin/../lib/gcc/arm-none-eabi/10.3.1/../../../../arm-none-eabi/lib/thumb/v7e-m+fp/hard\libc_nano.a(lib_a-nano-mallocr.o)
                0x000000002000024c                __malloc_free_list
 .bss.__malloc_sbrk_start
                0x0000000020000250        0x4 c:/st/stm32cubeide_1.12.0/stm32cubeide/plugins/com.st.stm32cube.ide.mcu.externaltools.gnu-tools-for-stm32.10.3-2021.10.win32_1.0.200.202301161003/tools/bin/../lib/gcc/arm-none-eabi/10.3.1/../../../../arm-none-eabi/lib/thumb/v7e-m+fp/hard\libc_nano.a(lib_a-nano-mallocr.o)
                0x0000000020000250                __malloc_sbrk_start
 .bss.errno     0x0000000020000254        0x4 c:/st/stm32cubeide_1.12.0/stm32cubeide/plugins/com.st.stm32cube.ide.mcu.externaltools.gnu-tools-for-stm32.10.3-2021.10.win32_1.0.200.202301161003/tools/bin/../lib/gcc/arm-none-eabi/10.3.1/../../../../arm-none-eabi/lib/thumb/v7e-m+fp/hard\libc_nano.a(lib_a-reent.o)
                0x0000000020000254                errno
 .bss.__lock___malloc_recursive_mutex
                0x0000000020000258        0x1 c:/st/stm32cubeide_1.12.0/stm32cubeide/plugins/com.st.stm32cube.ide.mcu.externaltools.gnu-tools-for-stm32.10.3-2021.10.win32_1.0.200.202301161003/tools/bin/../lib/gcc/arm-none-eabi/10.3.1/../../../../arm-none-eabi/lib/thumb/v7e-m+fp/hard\libc_nano.a(lib_a-lock.o)
                0x0000000020000258                __lock___malloc_recursive_mutex
 .bss.__lock___sfp_recursive_mutex
                0x0000000020000259        0x1 c:/st/stm32cubeide_1.12.0/stm32cubeide/plugins/com.st.stm32cube.ide.mcu.externaltools.gnu-tools-for-stm32.10.3-2021.10.win32_1.0.200.202301161003/tools/bin/../lib/gcc/arm-none-eabi/10.3.1/../../../../arm-none-eabi/lib/thumb/v7e-m+fp/hard\libc_nano.a(lib_a-lock.o)
                0x0000000020000259                __lock___sfp_recursive_mutex
 .bss.__lock___sinit_recursive_mutex
                0x000000002000025a        0x1 c:/st/stm32cubeide_1.12.0/stm32cubeide/plugins/com.st.stm32cube.ide.mcu.externaltools.gnu-tools-for-stm32.10.3-2021.10.win32_1.0.200.202301161003/tools/bin/../lib/gcc/arm-none-eabi/10.3.1/../../../../arm-none-eabi/lib/thumb/v7e-m+fp/hard\libc_nano.a(lib_a-lock.o)
                0x000000002000025a                __lock___sinit_recursive_mutex
 *(COMMON)
                0x000000002000025c                . = ALIGN (0x4)
 *fill*         0x000000002000025b        0x1 
                0x000000002000025c                _ebss = .
                0x000000002000025c                __bss_end__ = _ebss

._user_heap_stack
                0x000000002000025c      0x604 load address 0x0000000008008818
                0x0000000020000260                . = ALIGN (0x8)
 *fill*         0x000000002000025c        0x4 
                [!provide]                        PROVIDE (end = .)
                0x0000000020000260                PROVIDE (_end = .)
                0x0000000020000460                . = (. + _Min_Heap_Size)
 *fill*         0x0000000020000260      0x200 
                0x0000000020000860                . = (. + _Min_Stack_Size)
 *fill*         0x0000000020000460      0x400 
                0x0000000020000860                . = ALIGN (0x8)

/DISCARD/
 libc.a(*)
 libm.a(*)
 libgcc.a(*)

.ARM.attributes
                0x0000000000000000       0x30
 *(.ARM.attributes)
 .ARM.attributes
                0x0000000000000000       0x1e c:/st/stm32cubeide_1.12.0/stm32cubeide/plugins/com.st.stm32cube.ide.mcu.externaltools.gnu-tools-for-stm32.10.3-2021.10.win32_1.0.200.202301161003/tools/bin/../lib/gcc/arm-none-eabi/10.3.1/thumb/v7e-m+fp/hard/crti.o
 .ARM.attributes
                0x000000000000001e       0x34 c:/st/stm32cubeide_1.12.0/stm32cubeide/plugins/com.st.stm32cube.ide.mcu.externaltools.gnu-tools-for-stm32.10.3-2021.10.win32_1.0.200.202301161003/tools/bin/../lib/gcc/arm-none-eabi/10.3.1/thumb/v7e-m+fp/hard/crtbegin.o
 .ARM.attributes
                0x0000000000000052       0x34 ./Src/DefaultFonts.o
 .ARM.attributes
                0x0000000000000086       0x34 ./Src/I2C.o
 .ARM.attributes
                0x00000000000000ba       0x34 ./Src/ST7735.o
 .ARM.attributes
                0x00000000000000ee       0x34 ./Src/hw_config.o
 .ARM.attributes
                0x0000000000000122       0x34 ./Src/main.o
 .ARM.attributes
                0x0000000000000156       0x34 ./Src/syscalls.o
 .ARM.attributes
                0x000000000000018a       0x34 ./Src/sysmem.o
 .ARM.attributes
                0x00000000000001be       0x34 ./Src/system_stm32f4xx.o
 .ARM.attributes
                0x00000000000001f2       0x21 ./Startup/startup_stm32f401retx.o
 .ARM.attributes
                0x0000000000000213       0x34 D:\GITHUB\STM32\EDS_2023\MCAL_F40x\Debug\libMCAL.a(mcalGPIO.o)
 .ARM.attributes
                0x0000000000000247       0x34 D:\GITHUB\STM32\EDS_2023\MCAL_F40x\Debug\libMCAL.a(mcalI2C.o)
 .ARM.attributes
                0x000000000000027b       0x34 D:\GITHUB\STM32\EDS_2023\MCAL_F40x\Debug\libMCAL.a(mcalRCC.o)
 .ARM.attributes
                0x00000000000002af       0x34 D:\GITHUB\STM32\EDS_2023\MCAL_F40x\Debug\libMCAL.a(mcalSPI.o)
 .ARM.attributes
                0x00000000000002e3       0x34 D:\GITHUB\STM32\EDS_2023\MCAL_F40x\Debug\libMCAL.a(mcalSysTick.o)
 .ARM.attributes
                0x0000000000000317       0x34 c:/st/stm32cubeide_1.12.0/stm32cubeide/plugins/com.st.stm32cube.ide.mcu.externaltools.gnu-tools-for-stm32.10.3-2021.10.win32_1.0.200.202301161003/tools/bin/../lib/gcc/arm-none-eabi/10.3.1/../../../../arm-none-eabi/lib/thumb/v7e-m+fp/hard\libc_nano.a(lib_a-errno.o)
 .ARM.attributes
                0x000000000000034b       0x34 c:/st/stm32cubeide_1.12.0/stm32cubeide/plugins/com.st.stm32cube.ide.mcu.externaltools.gnu-tools-for-stm32.10.3-2021.10.win32_1.0.200.202301161003/tools/bin/../lib/gcc/arm-none-eabi/10.3.1/../../../../arm-none-eabi/lib/thumb/v7e-m+fp/hard\libc_nano.a(lib_a-impure.o)
 .ARM.attributes
                0x000000000000037f       0x34 c:/st/stm32cubeide_1.12.0/stm32cubeide/plugins/com.st.stm32cube.ide.mcu.externaltools.gnu-tools-for-stm32.10.3-2021.10.win32_1.0.200.202301161003/tools/bin/../lib/gcc/arm-none-eabi/10.3.1/../../../../arm-none-eabi/lib/thumb/v7e-m+fp/hard\libc_nano.a(lib_a-init.o)
 .ARM.attributes
                0x00000000000003b3       0x34 c:/st/stm32cubeide_1.12.0/stm32cubeide/plugins/com.st.stm32cube.ide.mcu.externaltools.gnu-tools-for-stm32.10.3-2021.10.win32_1.0.200.202301161003/tools/bin/../lib/gcc/arm-none-eabi/10.3.1/../../../../arm-none-eabi/lib/thumb/v7e-m+fp/hard\libc_nano.a(lib_a-malloc.o)
 .ARM.attributes
                0x00000000000003e7       0x34 c:/st/stm32cubeide_1.12.0/stm32cubeide/plugins/com.st.stm32cube.ide.mcu.externaltools.gnu-tools-for-stm32.10.3-2021.10.win32_1.0.200.202301161003/tools/bin/../lib/gcc/arm-none-eabi/10.3.1/../../../../arm-none-eabi/lib/thumb/v7e-m+fp/hard\libc_nano.a(lib_a-memset.o)
 .ARM.attributes
                0x000000000000041b       0x34 c:/st/stm32cubeide_1.12.0/stm32cubeide/plugins/com.st.stm32cube.ide.mcu.externaltools.gnu-tools-for-stm32.10.3-2021.10.win32_1.0.200.202301161003/tools/bin/../lib/gcc/arm-none-eabi/10.3.1/../../../../arm-none-eabi/lib/thumb/v7e-m+fp/hard\libc_nano.a(lib_a-nano-freer.o)
 .ARM.attributes
                0x000000000000044f       0x34 c:/st/stm32cubeide_1.12.0/stm32cubeide/plugins/com.st.stm32cube.ide.mcu.externaltools.gnu-tools-for-stm32.10.3-2021.10.win32_1.0.200.202301161003/tools/bin/../lib/gcc/arm-none-eabi/10.3.1/../../../../arm-none-eabi/lib/thumb/v7e-m+fp/hard\libc_nano.a(lib_a-nano-mallocr.o)
 .ARM.attributes
                0x0000000000000483       0x34 c:/st/stm32cubeide_1.12.0/stm32cubeide/plugins/com.st.stm32cube.ide.mcu.externaltools.gnu-tools-for-stm32.10.3-2021.10.win32_1.0.200.202301161003/tools/bin/../lib/gcc/arm-none-eabi/10.3.1/../../../../arm-none-eabi/lib/thumb/v7e-m+fp/hard\libc_nano.a(lib_a-nano-vfprintf_float.o)
 .ARM.attributes
                0x00000000000004b7       0x34 c:/st/stm32cubeide_1.12.0/stm32cubeide/plugins/com.st.stm32cube.ide.mcu.externaltools.gnu-tools-for-stm32.10.3-2021.10.win32_1.0.200.202301161003/tools/bin/../lib/gcc/arm-none-eabi/10.3.1/../../../../arm-none-eabi/lib/thumb/v7e-m+fp/hard\libc_nano.a(lib_a-nano-vfprintf_i.o)
 .ARM.attributes
                0x00000000000004eb       0x34 c:/st/stm32cubeide_1.12.0/stm32cubeide/plugins/com.st.stm32cube.ide.mcu.externaltools.gnu-tools-for-stm32.10.3-2021.10.win32_1.0.200.202301161003/tools/bin/../lib/gcc/arm-none-eabi/10.3.1/../../../../arm-none-eabi/lib/thumb/v7e-m+fp/hard\libc_nano.a(lib_a-sbrkr.o)
 .ARM.attributes
                0x000000000000051f       0x34 c:/st/stm32cubeide_1.12.0/stm32cubeide/plugins/com.st.stm32cube.ide.mcu.externaltools.gnu-tools-for-stm32.10.3-2021.10.win32_1.0.200.202301161003/tools/bin/../lib/gcc/arm-none-eabi/10.3.1/../../../../arm-none-eabi/lib/thumb/v7e-m+fp/hard\libc_nano.a(lib_a-sprintf.o)
 .ARM.attributes
                0x0000000000000553       0x17 c:/st/stm32cubeide_1.12.0/stm32cubeide/plugins/com.st.stm32cube.ide.mcu.externaltools.gnu-tools-for-stm32.10.3-2021.10.win32_1.0.200.202301161003/tools/bin/../lib/gcc/arm-none-eabi/10.3.1/../../../../arm-none-eabi/lib/thumb/v7e-m+fp/hard\libc_nano.a(lib_a-strlen.o)
 .ARM.attributes
                0x000000000000056a       0x34 c:/st/stm32cubeide_1.12.0/stm32cubeide/plugins/com.st.stm32cube.ide.mcu.externaltools.gnu-tools-for-stm32.10.3-2021.10.win32_1.0.200.202301161003/tools/bin/../lib/gcc/arm-none-eabi/10.3.1/../../../../arm-none-eabi/lib/thumb/v7e-m+fp/hard\libc_nano.a(lib_a-dtoa.o)
 .ARM.attributes