Archive member included to satisfy reference by file (symbol)

D:\GITHUB\STM32\EDS_2023\MCAL_F40x\Debug\libMCAL.a(mcalGPIO.o)
                              ./Src/main.o (gpioInitPort)
D:\GITHUB\STM32\EDS_2023\MCAL_F40x\Debug\libMCAL.a(mcalSPI.o)
                              ./Src/main.o (spiInitSPI)
D:\GITHUB\STM32\EDS_2023\MCAL_F40x\Debug\libMCAL.a(mcalSysTick.o)
                              ./Src/main.o (systickSetMillis)
c:/st/stm32cubeide_1.12.0/stm32cubeide/plugins/com.st.stm32cube.ide.mcu.externaltools.gnu-tools-for-stm32.10.3-2021.10.win32_1.0.200.202301161003/tools/bin/../lib/gcc/arm-none-eabi/10.3.1/../../../../arm-none-eabi/lib/thumb/v7e-m+fp/hard\libc_nano.a(lib_a-errno.o)
                              ./Src/syscalls.o (__errno)
c:/st/stm32cubeide_1.12.0/stm32cubeide/plugins/com.st.stm32cube.ide.mcu.externaltools.gnu-tools-for-stm32.10.3-2021.10.win32_1.0.200.202301161003/tools/bin/../lib/gcc/arm-none-eabi/10.3.1/../../../../arm-none-eabi/lib/thumb/v7e-m+fp/hard\libc_nano.a(lib_a-exit.o)
                              c:/st/stm32cubeide_1.12.0/stm32cubeide/plugins/com.st.stm32cube.ide.mcu.externaltools.gnu-tools-for-stm32.10.3-2021.10.win32_1.0.200.202301161003/tools/bin/../lib/gcc/arm-none-eabi/10.3.1/../../../../arm-none-eabi/lib/thumb/v7e-m+fp/hard/crt0.o (exit)
c:/st/stm32cubeide_1.12.0/stm32cubeide/plugins/com.st.stm32cube.ide.mcu.externaltools.gnu-tools-for-stm32.10.3-2021.10.win32_1.0.200.202301161003/tools/bin/../lib/gcc/arm-none-eabi/10.3.1/../../../../arm-none-eabi/lib/thumb/v7e-m+fp/hard\libc_nano.a(lib_a-impure.o)
                              c:/st/stm32cubeide_1.12.0/stm32cubeide/plugins/com.st.stm32cube.ide.mcu.externaltools.gnu-tools-for-stm32.10.3-2021.10.win32_1.0.200.202301161003/tools/bin/../lib/gcc/arm-none-eabi/10.3.1/../../../../arm-none-eabi/lib/thumb/v7e-m+fp/hard\libc_nano.a(lib_a-exit.o) (_global_impure_ptr)
c:/st/stm32cubeide_1.12.0/stm32cubeide/plugins/com.st.stm32cube.ide.mcu.externaltools.gnu-tools-for-stm32.10.3-2021.10.win32_1.0.200.202301161003/tools/bin/../lib/gcc/arm-none-eabi/10.3.1/../../../../arm-none-eabi/lib/thumb/v7e-m+fp/hard\libc_nano.a(lib_a-init.o)
                              c:/st/stm32cubeide_1.12.0/stm32cubeide/plugins/com.st.stm32cube.ide.mcu.externaltools.gnu-tools-for-stm32.10.3-2021.10.win32_1.0.200.202301161003/tools/bin/../lib/gcc/arm-none-eabi/10.3.1/../../../../arm-none-eabi/lib/thumb/v7e-m+fp/hard/crt0.o (__libc_init_array)
c:/st/stm32cubeide_1.12.0/stm32cubeide/plugins/com.st.stm32cube.ide.mcu.externaltools.gnu-tools-for-stm32.10.3-2021.10.win32_1.0.200.202301161003/tools/bin/../lib/gcc/arm-none-eabi/10.3.1/../../../../arm-none-eabi/lib/thumb/v7e-m+fp/hard\libc_nano.a(lib_a-memset.o)
                              c:/st/stm32cubeide_1.12.0/stm32cubeide/plugins/com.st.stm32cube.ide.mcu.externaltools.gnu-tools-for-stm32.10.3-2021.10.win32_1.0.200.202301161003/tools/bin/../lib/gcc/arm-none-eabi/10.3.1/../../../../arm-none-eabi/lib/thumb/v7e-m+fp/hard/crt0.o (memset)

Discarded input sections

 .text          0x0000000000000000        0x0 c:/st/stm32cubeide_1.12.0/stm32cubeide/plugins/com.st.stm32cube.ide.mcu.externaltools.gnu-tools-for-stm32.10.3-2021.10.win32_1.0.200.202301161003/tools/bin/../lib/gcc/arm-none-eabi/10.3.1/thumb/v7e-m+fp/hard/crti.o
 .data          0x0000000000000000        0x0 c:/st/stm32cubeide_1.12.0/stm32cubeide/plugins/com.st.stm32cube.ide.mcu.externaltools.gnu-tools-for-stm32.10.3-2021.10.win32_1.0.200.202301161003/tools/bin/../lib/gcc/arm-none-eabi/10.3.1/thumb/v7e-m+fp/hard/crti.o
 .bss           0x0000000000000000        0x0 c:/st/stm32cubeide_1.12.0/stm32cubeide/plugins/com.st.stm32cube.ide.mcu.externaltools.gnu-tools-for-stm32.10.3-2021.10.win32_1.0.200.202301161003/tools/bin/../lib/gcc/arm-none-eabi/10.3.1/thumb/v7e-m+fp/hard/crti.o
 .data          0x0000000000000000        0x4 c:/st/stm32cubeide_1.12.0/stm32cubeide/plugins/com.st.stm32cube.ide.mcu.externaltools.gnu-tools-for-stm32.10.3-2021.10.win32_1.0.200.202301161003/tools/bin/../lib/gcc/arm-none-eabi/10.3.1/thumb/v7e-m+fp/hard/crtbegin.o
 .rodata        0x0000000000000000       0x24 c:/st/stm32cubeide_1.12.0/stm32cubeide/plugins/com.st.stm32cube.ide.mcu.externaltools.gnu-tools-for-stm32.10.3-2021.10.win32_1.0.200.202301161003/tools/bin/../lib/gcc/arm-none-eabi/10.3.1/thumb/v7e-m+fp/hard/crtbegin.o
 .text          0x0000000000000000       0x7c c:/st/stm32cubeide_1.12.0/stm32cubeide/plugins/com.st.stm32cube.ide.mcu.externaltools.gnu-tools-for-stm32.10.3-2021.10.win32_1.0.200.202301161003/tools/bin/../lib/gcc/arm-none-eabi/10.3.1/../../../../arm-none-eabi/lib/thumb/v7e-m+fp/hard/crt0.o
 .data          0x0000000000000000        0x0 c:/st/stm32cubeide_1.12.0/stm32cubeide/plugins/com.st.stm32cube.ide.mcu.externaltools.gnu-tools-for-stm32.10.3-2021.10.win32_1.0.200.202301161003/tools/bin/../lib/gcc/arm-none-eabi/10.3.1/../../../../arm-none-eabi/lib/thumb/v7e-m+fp/hard/crt0.o
 .bss           0x0000000000000000        0x0 c:/st/stm32cubeide_1.12.0/stm32cubeide/plugins/com.st.stm32cube.ide.mcu.externaltools.gnu-tools-for-stm32.10.3-2021.10.win32_1.0.200.202301161003/tools/bin/../lib/gcc/arm-none-eabi/10.3.1/../../../../arm-none-eabi/lib/thumb/v7e-m+fp/hard/crt0.o
 .ARM.extab     0x0000000000000000        0x0 c:/st/stm32cubeide_1.12.0/stm32cubeide/plugins/com.st.stm32cube.ide.mcu.externaltools.gnu-tools-for-stm32.10.3-2021.10.win32_1.0.200.202301161003/tools/bin/../lib/gcc/arm-none-eabi/10.3.1/../../../../arm-none-eabi/lib/thumb/v7e-m+fp/hard/crt0.o
 .ARM.exidx     0x0000000000000000       0x10 c:/st/stm32cubeide_1.12.0/stm32cubeide/plugins/com.st.stm32cube.ide.mcu.externaltools.gnu-tools-for-stm32.10.3-2021.10.win32_1.0.200.202301161003/tools/bin/../lib/gcc/arm-none-eabi/10.3.1/../../../../arm-none-eabi/lib/thumb/v7e-m+fp/hard/crt0.o
 .ARM.attributes
                0x0000000000000000       0x1c c:/st/stm32cubeide_1.12.0/stm32cubeide/plugins/com.st.stm32cube.ide.mcu.externaltools.gnu-tools-for-stm32.10.3-2021.10.win32_1.0.200.202301161003/tools/bin/../lib/gcc/arm-none-eabi/10.3.1/../../../../arm-none-eabi/lib/thumb/v7e-m+fp/hard/crt0.o
 .group         0x0000000000000000        0xc ./Src/main.o
 .group         0x0000000000000000        0xc ./Src/main.o
 .group         0x0000000000000000        0xc ./Src/main.o
 .group         0x0000000000000000        0xc ./Src/main.o
 .group         0x0000000000000000        0xc ./Src/main.o
 .group         0x0000000000000000        0xc ./Src/main.o
 .group         0x0000000000000000        0xc ./Src/main.o
 .group         0x0000000000000000        0xc ./Src/main.o
 .group         0x0000000000000000        0xc ./Src/main.o
 .group         0x0000000000000000        0xc ./Src/main.o
 .group         0x0000000000000000        0xc ./Src/main.o
 .group         0x0000000000000000        0xc ./Src/main.o
 .group         0x0000000000000000        0xc ./Src/main.o
 .group         0x0000000000000000        0xc ./Src/main.o
 .group         0x0000000000000000        0xc ./Src/main.o
 .group         0x0000000000000000        0xc ./Src/main.o
 .group         0x0000000000000000        0xc ./Src/main.o
 .group         0x0000000000000000        0xc ./Src/main.o
 .group         0x0000000000000000        0xc ./Src/main.o
 .text          0x0000000000000000        0x0 ./Src/main.o
 .data          0x0000000000000000        0x0 ./Src/main.o
 .bss           0x0000000000000000        0x0 ./Src/main.o
 .group         0x0000000000000000        0xc ./Src/max7219.o
 .group         0x0000000000000000        0xc ./Src/max7219.o
 .group         0x0000000000000000        0xc ./Src/max7219.o
 .group         0x0000000000000000        0xc ./Src/max7219.o
 .group         0x0000000000000000        0xc ./Src/max7219.o
 .group         0x0000000000000000        0xc ./Src/max7219.o
 .group         0x0000000000000000        0xc ./Src/max7219.o
 .group         0x0000000000000000        0xc ./Src/max7219.o
 .group         0x0000000000000000        0xc ./Src/max7219.o
 .group         0x0000000000000000        0xc ./Src/max7219.o
 .group         0x0000000000000000        0xc ./Src/max7219.o
 .group         0x0000000000000000        0xc ./Src/max7219.o
 .group         0x0000000000000000        0xc ./Src/max7219.o
 .group         0x0000000000000000        0xc ./Src/max7219.o
 .group         0x0000000000000000        0xc ./Src/max7219.o
 .group         0x0000000000000000        0xc ./Src/max7219.o
 .group         0x0000000000000000        0xc ./Src/max7219.o
 .group         0x0000000000000000        0xc ./Src/max7219.o
 .group         0x0000000000000000        0xc ./Src/max7219.o
 .text          0x0000000000000000        0x0 ./Src/max7219.o
 .data          0x0000000000000000        0x0 ./Src/max7219.o
 .bss           0x0000000000000000        0x0 ./Src/max7219.o
 .text.max7219Shutdown
                0x0000000000000000       0x2c ./Src/max7219.o
 .text.max7219Clear
                0x0000000000000000       0x44 ./Src/max7219.o
 .text.max7219TestDigits
                0x0000000000000000       0x48 ./Src/max7219.o
 .debug_macro   0x0000000000000000      0xa7e ./Src/max7219.o
 .debug_macro   0x0000000000000000       0x2e ./Src/max7219.o
 .debug_macro   0x0000000000000000       0x28 ./Src/max7219.o
 .debug_macro   0x0000000000000000       0x22 ./Src/max7219.o
 .debug_macro   0x0000000000000000       0x8e ./Src/max7219.o
 .debug_macro   0x0000000000000000       0x51 ./Src/max7219.o
 .debug_macro   0x0000000000000000      0x103 ./Src/max7219.o
 .debug_macro   0x0000000000000000       0x6a ./Src/max7219.o
 .debug_macro   0x0000000000000000      0x1df ./Src/max7219.o
 .debug_macro   0x0000000000000000       0x1c ./Src/max7219.o
 .debug_macro   0x0000000000000000       0x22 ./Src/max7219.o
 .debug_macro   0x0000000000000000       0xd9 ./Src/max7219.o
 .debug_macro   0x0000000000000000     0x102d ./Src/max7219.o
 .debug_macro   0x0000000000000000      0x11f ./Src/max7219.o
 .debug_macro   0x0000000000000000     0xb86c ./Src/max7219.o
 .debug_macro   0x0000000000000000       0x6d ./Src/max7219.o
 .debug_macro   0x0000000000000000       0x22 ./Src/max7219.o
 .group         0x0000000000000000        0xc ./Src/syscalls.o
 .group         0x0000000000000000        0xc ./Src/syscalls.o
 .group         0x0000000000000000        0xc ./Src/syscalls.o
 .group         0x0000000000000000        0xc ./Src/syscalls.o
 .group         0x0000000000000000        0xc ./Src/syscalls.o
 .group         0x0000000000000000        0xc ./Src/syscalls.o
 .group         0x0000000000000000        0xc ./Src/syscalls.o
 .group         0x0000000000000000        0xc ./Src/syscalls.o
 .group         0x0000000000000000        0xc ./Src/syscalls.o
 .group         0x0000000000000000        0xc ./Src/syscalls.o
 .group         0x0000000000000000        0xc ./Src/syscalls.o
 .group         0x0000000000000000        0xc ./Src/syscalls.o
 .group         0x0000000000000000        0xc ./Src/syscalls.o
 .group         0x0000000000000000        0xc ./Src/syscalls.o
 .group         0x0000000000000000        0xc ./Src/syscalls.o
 .group         0x0000000000000000        0xc ./Src/syscalls.o
 .group         0x0000000000000000        0xc ./Src/syscalls.o
 .group         0x0000000000000000        0xc ./Src/syscalls.o
 .group         0x0000000000000000        0xc ./Src/syscalls.o
 .group         0x0000000000000000        0xc ./Src/syscalls.o
 .group         0x0000000000000000        0xc ./Src/syscalls.o
 .group         0x0000000000000000        0xc ./Src/syscalls.o
 .group         0x0000000000000000        0xc ./Src/syscalls.o
 .group         0x0000000000000000        0xc ./Src/syscalls.o
 .group         0x0000000000000000        0xc ./Src/syscalls.o
 .group         0x0000000000000000        0xc ./Src/syscalls.o
 .group         0x0000000000000000        0xc ./Src/syscalls.o
 .group         0x0000000000000000        0xc ./Src/syscalls.o
 .group         0x0000000000000000        0xc ./Src/syscalls.o
 .group         0x0000000000000000        0xc ./Src/syscalls.o
 .group         0x0000000000000000        0xc ./Src/syscalls.o
 .group         0x0000000000000000        0xc ./Src/syscalls.o
 .group         0x0000000000000000        0xc ./Src/syscalls.o
 .group         0x0000000000000000        0xc ./Src/syscalls.o
 .group         0x0000000000000000        0xc ./Src/syscalls.o
 .group         0x0000000000000000        0xc ./Src/syscalls.o
 .group         0x0000000000000000        0xc ./Src/syscalls.o
 .group         0x0000000000000000        0xc ./Src/syscalls.o
 .group         0x0000000000000000        0xc ./Src/syscalls.o
 .group         0x0000000000000000        0xc ./Src/syscalls.o
 .group         0x0000000000000000        0xc ./Src/syscalls.o
 .group         0x0000000000000000        0xc ./Src/syscalls.o
 .group         0x0000000000000000        0xc ./Src/syscalls.o
 .group         0x0000000000000000        0xc ./Src/syscalls.o
 .group         0x0000000000000000        0xc ./Src/syscalls.o
 .group         0x0000000000000000        0xc ./Src/syscalls.o
 .group         0x0000000000000000        0xc ./Src/syscalls.o
 .text          0x0000000000000000        0x0 ./Src/syscalls.o
 .data          0x0000000000000000        0x0 ./Src/syscalls.o
 .bss           0x0000000000000000        0x0 ./Src/syscalls.o
 .bss.__env     0x0000000000000000        0x4 ./Src/syscalls.o
 .data.environ  0x0000000000000000        0x4 ./Src/syscalls.o
 .text.initialise_monitor_handles
                0x0000000000000000        0xe ./Src/syscalls.o
 .text._getpid  0x0000000000000000       0x10 ./Src/syscalls.o
 .text._kill    0x0000000000000000       0x20 ./Src/syscalls.o
 .text._exit    0x0000000000000000       0x14 ./Src/syscalls.o
 .text._read    0x0000000000000000       0x3a ./Src/syscalls.o
 .text._write   0x0000000000000000       0x38 ./Src/syscalls.o
 .text._close   0x0000000000000000       0x18 ./Src/syscalls.o
 .text._fstat   0x0000000000000000       0x20 ./Src/syscalls.o
 .text._isatty  0x0000000000000000       0x16 ./Src/syscalls.o
 .text._lseek   0x0000000000000000       0x1a ./Src/syscalls.o
 .text._open    0x0000000000000000       0x1c ./Src/syscalls.o
 .text._wait    0x0000000000000000       0x1e ./Src/syscalls.o
 .text._unlink  0x0000000000000000       0x1e ./Src/syscalls.o
 .text._times   0x0000000000000000       0x18 ./Src/syscalls.o
 .text._stat    0x0000000000000000       0x20 ./Src/syscalls.o
 .text._link    0x0000000000000000       0x20 ./Src/syscalls.o
 .text._fork    0x0000000000000000       0x16 ./Src/syscalls.o
 .text._execve  0x0000000000000000       0x22 ./Src/syscalls.o
 .debug_info    0x0000000000000000      0x6e0 ./Src/syscalls.o
 .debug_abbrev  0x0000000000000000      0x1b3 ./Src/syscalls.o
 .debug_aranges
                0x0000000000000000       0xa8 ./Src/syscalls.o
 .debug_ranges  0x0000000000000000       0x98 ./Src/syscalls.o
 .debug_macro   0x0000000000000000      0x24c ./Src/syscalls.o
 .debug_macro   0x0000000000000000      0xa7e ./Src/syscalls.o
 .debug_macro   0x0000000000000000       0x22 ./Src/syscalls.o
 .debug_macro   0x0000000000000000       0x4c ./Src/syscalls.o
 .debug_macro   0x0000000000000000       0x1e ./Src/syscalls.o
 .debug_macro   0x0000000000000000       0x94 ./Src/syscalls.o
 .debug_macro   0x0000000000000000       0x3c ./Src/syscalls.o
 .debug_macro   0x0000000000000000       0x34 ./Src/syscalls.o
 .debug_macro   0x0000000000000000       0x57 ./Src/syscalls.o
 .debug_macro   0x0000000000000000      0x174 ./Src/syscalls.o
 .debug_macro   0x0000000000000000      0x341 ./Src/syscalls.o
 .debug_macro   0x0000000000000000       0x16 ./Src/syscalls.o
 .debug_macro   0x0000000000000000       0x43 ./Src/syscalls.o
 .debug_macro   0x0000000000000000       0x34 ./Src/syscalls.o
 .debug_macro   0x0000000000000000       0x10 ./Src/syscalls.o
 .debug_macro   0x0000000000000000       0x58 ./Src/syscalls.o
 .debug_macro   0x0000000000000000       0x71 ./Src/syscalls.o
 .debug_macro   0x0000000000000000       0x1c ./Src/syscalls.o
 .debug_macro   0x0000000000000000      0x12a ./Src/syscalls.o
 .debug_macro   0x0000000000000000       0x10 ./Src/syscalls.o
 .debug_macro   0x0000000000000000       0x35 ./Src/syscalls.o
 .debug_macro   0x0000000000000000       0x10 ./Src/syscalls.o
 .debug_macro   0x0000000000000000       0x10 ./Src/syscalls.o
 .debug_macro   0x0000000000000000       0x10 ./Src/syscalls.o
 .debug_macro   0x0000000000000000       0x6a ./Src/syscalls.o
 .debug_macro   0x0000000000000000       0x1c ./Src/syscalls.o
 .debug_macro   0x0000000000000000       0x52 ./Src/syscalls.o
 .debug_macro   0x0000000000000000       0x22 ./Src/syscalls.o
 .debug_macro   0x0000000000000000       0x10 ./Src/syscalls.o
 .debug_macro   0x0000000000000000       0x52 ./Src/syscalls.o
 .debug_macro   0x0000000000000000       0xd5 ./Src/syscalls.o
 .debug_macro   0x0000000000000000       0x1c ./Src/syscalls.o
 .debug_macro   0x0000000000000000       0x3d ./Src/syscalls.o
 .debug_macro   0x0000000000000000       0x35 ./Src/syscalls.o
 .debug_macro   0x0000000000000000      0x12c ./Src/syscalls.o
 .debug_macro   0x0000000000000000       0x16 ./Src/syscalls.o
 .debug_macro   0x0000000000000000       0x16 ./Src/syscalls.o
 .debug_macro   0x0000000000000000       0x29 ./Src/syscalls.o
 .debug_macro   0x0000000000000000       0x10 ./Src/syscalls.o
 .debug_macro   0x0000000000000000      0x241 ./Src/syscalls.o
 .debug_macro   0x0000000000000000       0x1c ./Src/syscalls.o
 .debug_macro   0x0000000000000000       0x10 ./Src/syscalls.o
 .debug_macro   0x0000000000000000       0x10 ./Src/syscalls.o
 .debug_macro   0x0000000000000000       0x16 ./Src/syscalls.o
 .debug_macro   0x0000000000000000      0x145 ./Src/syscalls.o
 .debug_macro   0x0000000000000000      0x189 ./Src/syscalls.o
 .debug_macro   0x0000000000000000       0x16 ./Src/syscalls.o
 .debug_macro   0x0000000000000000       0xce ./Src/syscalls.o
 .debug_line    0x0000000000000000      0x7f9 ./Src/syscalls.o
 .debug_str     0x0000000000000000     0x8a66 ./Src/syscalls.o
 .comment       0x0000000000000000       0x51 ./Src/syscalls.o
 .debug_frame   0x0000000000000000      0x2ac ./Src/syscalls.o
 .ARM.attributes
                0x0000000000000000       0x34 ./Src/syscalls.o
 .group         0x0000000000000000        0xc ./Src/sysmem.o
 .group         0x0000000000000000        0xc ./Src/sysmem.o
 .group         0x0000000000000000        0xc ./Src/sysmem.o
 .group         0x0000000000000000        0xc ./Src/sysmem.o
 .group         0x0000000000000000        0xc ./Src/sysmem.o
 .group         0x0000000000000000        0xc ./Src/sysmem.o
 .group         0x0000000000000000        0xc ./Src/sysmem.o
 .group         0x0000000000000000        0xc ./Src/sysmem.o
 .group         0x0000000000000000        0xc ./Src/sysmem.o
 .group         0x0000000000000000        0xc ./Src/sysmem.o
 .group         0x0000000000000000        0xc ./Src/sysmem.o
 .group         0x0000000000000000        0xc ./Src/sysmem.o
 .group         0x0000000000000000        0xc ./Src/sysmem.o
 .group         0x0000000000000000        0xc ./Src/sysmem.o
 .group         0x0000000000000000        0xc ./Src/sysmem.o
 .group         0x0000000000000000        0xc ./Src/sysmem.o
 .group         0x0000000000000000        0xc ./Src/sysmem.o
 .group         0x0000000000000000        0xc ./Src/sysmem.o
 .group         0x0000000000000000        0xc ./Src/sysmem.o
 .group         0x0000000000000000        0xc ./Src/sysmem.o
 .group         0x0000000000000000        0xc ./Src/sysmem.o
 .group         0x0000000000000000        0xc ./Src/sysmem.o
 .text          0x0000000000000000        0x0 ./Src/sysmem.o
 .data          0x0000000000000000        0x0 ./Src/sysmem.o
 .bss           0x0000000000000000        0x0 ./Src/sysmem.o
 .bss.__sbrk_heap_end
                0x0000000000000000        0x4 ./Src/sysmem.o
 .text._sbrk    0x0000000000000000       0x6c ./Src/sysmem.o
 .debug_info    0x0000000000000000      0x171 ./Src/sysmem.o
 .debug_abbrev  0x0000000000000000       0xbb ./Src/sysmem.o
 .debug_aranges
                0x0000000000000000       0x20 ./Src/sysmem.o
 .debug_ranges  0x0000000000000000       0x10 ./Src/sysmem.o
 .debug_macro   0x0000000000000000       0xff ./Src/sysmem.o
 .debug_macro   0x0000000000000000      0xa7e ./Src/sysmem.o
 .debug_macro   0x0000000000000000       0x10 ./Src/sysmem.o
 .debug_macro   0x0000000000000000       0x22 ./Src/sysmem.o
 .debug_macro   0x0000000000000000       0x4c ./Src/sysmem.o
 .debug_macro   0x0000000000000000       0x1e ./Src/sysmem.o
 .debug_macro   0x0000000000000000       0x94 ./Src/sysmem.o
 .debug_macro   0x0000000000000000       0x3c ./Src/sysmem.o
 .debug_macro   0x0000000000000000       0x34 ./Src/sysmem.o
 .debug_macro   0x0000000000000000      0x174 ./Src/sysmem.o
 .debug_macro   0x0000000000000000       0x16 ./Src/sysmem.o
 .debug_macro   0x0000000000000000       0x43 ./Src/sysmem.o
 .debug_macro   0x0000000000000000       0x57 ./Src/sysmem.o
 .debug_macro   0x0000000000000000       0x34 ./Src/sysmem.o
 .debug_macro   0x0000000000000000       0x10 ./Src/sysmem.o
 .debug_macro   0x0000000000000000       0x58 ./Src/sysmem.o
 .debug_macro   0x0000000000000000       0x71 ./Src/sysmem.o
 .debug_macro   0x0000000000000000       0x1c ./Src/sysmem.o
 .debug_macro   0x0000000000000000      0x12a ./Src/sysmem.o
 .debug_macro   0x0000000000000000      0x23b ./Src/sysmem.o
 .debug_macro   0x0000000000000000      0x103 ./Src/sysmem.o
 .debug_macro   0x0000000000000000       0x6a ./Src/sysmem.o
 .debug_macro   0x0000000000000000      0x1df ./Src/sysmem.o
 .debug_line    0x0000000000000000      0x4ef ./Src/sysmem.o
 .debug_str     0x0000000000000000     0x5da2 ./Src/sysmem.o
 .comment       0x0000000000000000       0x51 ./Src/sysmem.o
 .debug_frame   0x0000000000000000       0x34 ./Src/sysmem.o
 .ARM.attributes
                0x0000000000000000       0x34 ./Src/sysmem.o
 .group         0x0000000000000000        0xc ./Src/system_stm32f4xx.o
 .group         0x0000000000000000        0xc ./Src/system_stm32f4xx.o
 .group         0x0000000000000000        0xc ./Src/system_stm32f4xx.o
 .group         0x0000000000000000        0xc ./Src/system_stm32f4xx.o
 .group         0x0000000000000000        0xc ./Src/system_stm32f4xx.o
 .group         0x0000000000000000        0xc ./Src/system_stm32f4xx.o
 .group         0x0000000000000000        0xc ./Src/system_stm32f4xx.o
 .group         0x0000000000000000        0xc ./Src/system_stm32f4xx.o
 .group         0x0000000000000000        0xc ./Src/system_stm32f4xx.o
 .group         0x0000000000000000        0xc ./Src/system_stm32f4xx.o
 .group         0x0000000000000000        0xc ./Src/system_stm32f4xx.o
 .group         0x0000000000000000        0xc ./Src/system_stm32f4xx.o
 .group         0x0000000000000000        0xc ./Src/system_stm32f4xx.o
 .group         0x0000000000000000        0xc ./Src/system_stm32f4xx.o
 .group         0x0000000000000000        0xc ./Src/system_stm32f4xx.o
 .group         0x0000000000000000        0xc ./Src/system_stm32f4xx.o
 .text          0x0000000000000000        0x0 ./Src/system_stm32f4xx.o
 .data          0x0000000000000000        0x0 ./Src/system_stm32f4xx.o
 .bss           0x0000000000000000        0x0 ./Src/system_stm32f4xx.o
 .rodata.APBPrescTable
                0x0000000000000000        0x8 ./Src/system_stm32f4xx.o
 .debug_macro   0x0000000000000000      0xa7e ./Src/system_stm32f4xx.o
 .debug_macro   0x0000000000000000       0x2e ./Src/system_stm32f4xx.o
 .debug_macro   0x0000000000000000       0x28 ./Src/system_stm32f4xx.o
 .debug_macro   0x0000000000000000       0x22 ./Src/system_stm32f4xx.o
 .debug_macro   0x0000000000000000       0x8e ./Src/system_stm32f4xx.o
 .debug_macro   0x0000000000000000       0x51 ./Src/system_stm32f4xx.o
 .debug_macro   0x0000000000000000      0x103 ./Src/system_stm32f4xx.o
 .debug_macro   0x0000000000000000       0x6a ./Src/system_stm32f4xx.o
 .debug_macro   0x0000000000000000      0x1df ./Src/system_stm32f4xx.o
 .debug_macro   0x0000000000000000       0x1c ./Src/system_stm32f4xx.o
 .debug_macro   0x0000000000000000       0x22 ./Src/system_stm32f4xx.o
 .debug_macro   0x0000000000000000       0xd9 ./Src/system_stm32f4xx.o
 .debug_macro   0x0000000000000000     0x102d ./Src/system_stm32f4xx.o
 .debug_macro   0x0000000000000000      0x11f ./Src/system_stm32f4xx.o
 .debug_macro   0x0000000000000000     0xb86c ./Src/system_stm32f4xx.o
 .debug_macro   0x0000000000000000       0x6d ./Src/system_stm32f4xx.o
 .text          0x0000000000000000       0x14 ./Startup/startup_stm32f401retx.o
 .data          0x0000000000000000        0x0 ./Startup/startup_stm32f401retx.o
 .bss           0x0000000000000000        0x0 ./Startup/startup_stm32f401retx.o
 .group         0x0000000000000000        0xc D:\GITHUB\STM32\EDS_2023\MCAL_F40x\Debug\libMCAL.a(mcalGPIO.o)
 .group         0x0000000000000000        0xc D:\GITHUB\STM32\EDS_2023\MCAL_F40x\Debug\libMCAL.a(mcalGPIO.o)
 .group         0x0000000000000000        0xc D:\GITHUB\STM32\EDS_2023\MCAL_F40x\Debug\libMCAL.a(mcalGPIO.o)
 .group         0x0000000000000000        0xc D:\GITHUB\STM32\EDS_2023\MCAL_F40x\Debug\libMCAL.a(mcalGPIO.o)
 .group         0x0000000000000000        0xc D:\GITHUB\STM32\EDS_2023\MCAL_F40x\Debug\libMCAL.a(mcalGPIO.o)
 .group         0x0000000000000000        0xc D:\GITHUB\STM32\EDS_2023\MCAL_F40x\Debug\libMCAL.a(mcalGPIO.o)
 .group         0x0000000000000000        0xc D:\GITHUB\STM32\EDS_2023\MCAL_F40x\Debug\libMCAL.a(mcalGPIO.o)
 .group         0x0000000000000000        0xc D:\GITHUB\STM32\EDS_2023\MCAL_F40x\Debug\libMCAL.a(mcalGPIO.o)
 .group         0x0000000000000000        0xc D:\GITHUB\STM32\EDS_2023\MCAL_F40x\Debug\libMCAL.a(mcalGPIO.o)
 .group         0x0000000000000000        0xc D:\GITHUB\STM32\EDS_2023\MCAL_F40x\Debug\libMCAL.a(mcalGPIO.o)
 .group         0x0000000000000000        0xc D:\GITHUB\STM32\EDS_2023\MCAL_F40x\Debug\libMCAL.a(mcalGPIO.o)
 .group         0x0000000000000000        0xc D:\GITHUB\STM32\EDS_2023\MCAL_F40x\Debug\libMCAL.a(mcalGPIO.o)
 .group         0x0000000000000000        0xc D:\GITHUB\STM32\EDS_2023\MCAL_F40x\Debug\libMCAL.a(mcalGPIO.o)
 .group         0x0000000000000000        0xc D:\GITHUB\STM32\EDS_2023\MCAL_F40x\Debug\libMCAL.a(mcalGPIO.o)
 .group         0x0000000000000000        0xc D:\GITHUB\STM32\EDS_2023\MCAL_F40x\Debug\libMCAL.a(mcalGPIO.o)
 .group         0x0000000000000000        0xc D:\GITHUB\STM32\EDS_2023\MCAL_F40x\Debug\libMCAL.a(mcalGPIO.o)
 .group         0x0000000000000000        0xc D:\GITHUB\STM32\EDS_2023\MCAL_F40x\Debug\libMCAL.a(mcalGPIO.o)
 .text          0x0000000000000000        0x0 D:\GITHUB\STM32\EDS_2023\MCAL_F40x\Debug\libMCAL.a(mcalGPIO.o)
 .data          0x0000000000000000        0x0 D:\GITHUB\STM32\EDS_2023\MCAL_F40x\Debug\libMCAL.a(mcalGPIO.o)
 .bss           0x0000000000000000        0x0 D:\GITHUB\STM32\EDS_2023\MCAL_F40x\Debug\libMCAL.a(mcalGPIO.o)
 .text.gpioVerifyOutputType
                0x0000000000000000       0x28 D:\GITHUB\STM32\EDS_2023\MCAL_F40x\Debug\libMCAL.a(mcalGPIO.o)
 .text.gpioVerifyOutputSpeed
                0x0000000000000000       0x34 D:\GITHUB\STM32\EDS_2023\MCAL_F40x\Debug\libMCAL.a(mcalGPIO.o)
 .text.gpioSelectPort
                0x0000000000000000       0xc8 D:\GITHUB\STM32\EDS_2023\MCAL_F40x\Debug\libMCAL.a(mcalGPIO.o)
 .text.gpioDeselectPort
                0x0000000000000000       0xc8 D:\GITHUB\STM32\EDS_2023\MCAL_F40x\Debug\libMCAL.a(mcalGPIO.o)
 .text.gpioTogglePin
                0x0000000000000000       0x56 D:\GITHUB\STM32\EDS_2023\MCAL_F40x\Debug\libMCAL.a(mcalGPIO.o)
 .text.gpioSetLowerByte
                0x0000000000000000       0x32 D:\GITHUB\STM32\EDS_2023\MCAL_F40x\Debug\libMCAL.a(mcalGPIO.o)
 .text.gpioSetUpperByte
                0x0000000000000000       0x32 D:\GITHUB\STM32\EDS_2023\MCAL_F40x\Debug\libMCAL.a(mcalGPIO.o)
 .text.gpioSetWord
                0x0000000000000000       0x20 D:\GITHUB\STM32\EDS_2023\MCAL_F40x\Debug\libMCAL.a(mcalGPIO.o)
 .text.gpioSetOutputType
                0x0000000000000000       0x92 D:\GITHUB\STM32\EDS_2023\MCAL_F40x\Debug\libMCAL.a(mcalGPIO.o)
 .text.gpioSetOutputSpeed
                0x0000000000000000       0xc2 D:\GITHUB\STM32\EDS_2023\MCAL_F40x\Debug\libMCAL.a(mcalGPIO.o)
 .text.gpioGetPinState
                0x0000000000000000       0x38 D:\GITHUB\STM32\EDS_2023\MCAL_F40x\Debug\libMCAL.a(mcalGPIO.o)
 .text.gpioGetPortVal
                0x0000000000000000       0x1a D:\GITHUB\STM32\EDS_2023\MCAL_F40x\Debug\libMCAL.a(mcalGPIO.o)
 .debug_macro   0x0000000000000000       0x22 D:\GITHUB\STM32\EDS_2023\MCAL_F40x\Debug\libMCAL.a(mcalGPIO.o)
 .debug_macro   0x0000000000000000       0x8e D:\GITHUB\STM32\EDS_2023\MCAL_F40x\Debug\libMCAL.a(mcalGPIO.o)
 .debug_macro   0x0000000000000000       0x51 D:\GITHUB\STM32\EDS_2023\MCAL_F40x\Debug\libMCAL.a(mcalGPIO.o)
 .debug_macro   0x0000000000000000      0x103 D:\GITHUB\STM32\EDS_2023\MCAL_F40x\Debug\libMCAL.a(mcalGPIO.o)
 .debug_macro   0x0000000000000000       0x6a D:\GITHUB\STM32\EDS_2023\MCAL_F40x\Debug\libMCAL.a(mcalGPIO.o)
 .debug_macro   0x0000000000000000      0x1df D:\GITHUB\STM32\EDS_2023\MCAL_F40x\Debug\libMCAL.a(mcalGPIO.o)
 .debug_macro   0x0000000000000000       0x22 D:\GITHUB\STM32\EDS_2023\MCAL_F40x\Debug\libMCAL.a(mcalGPIO.o)
 .debug_macro   0x0000000000000000       0x2e D:\GITHUB\STM32\EDS_2023\MCAL_F40x\Debug\libMCAL.a(mcalGPIO.o)
 .debug_macro   0x0000000000000000       0x28 D:\GITHUB\STM32\EDS_2023\MCAL_F40x\Debug\libMCAL.a(mcalGPIO.o)
 .debug_macro   0x0000000000000000       0x1c D:\GITHUB\STM32\EDS_2023\MCAL_F40x\Debug\libMCAL.a(mcalGPIO.o)
 .debug_macro   0x0000000000000000       0x22 D:\GITHUB\STM32\EDS_2023\MCAL_F40x\Debug\libMCAL.a(mcalGPIO.o)
 .debug_macro   0x0000000000000000       0xd9 D:\GITHUB\STM32\EDS_2023\MCAL_F40x\Debug\libMCAL.a(mcalGPIO.o)
 .debug_macro   0x0000000000000000     0x102d D:\GITHUB\STM32\EDS_2023\MCAL_F40x\Debug\libMCAL.a(mcalGPIO.o)
 .debug_macro   0x0000000000000000      0x11f D:\GITHUB\STM32\EDS_2023\MCAL_F40x\Debug\libMCAL.a(mcalGPIO.o)
 .debug_macro   0x0000000000000000     0xb86c D:\GITHUB\STM32\EDS_2023\MCAL_F40x\Debug\libMCAL.a(mcalGPIO.o)
 .debug_macro   0x0000000000000000       0x6d D:\GITHUB\STM32\EDS_2023\MCAL_F40x\Debug\libMCAL.a(mcalGPIO.o)
 .group         0x0000000000000000        0xc D:\GITHUB\STM32\EDS_2023\MCAL_F40x\Debug\libMCAL.a(mcalSPI.o)
 .group         0x0000000000000000        0xc D:\GITHUB\STM32\EDS_2023\MCAL_F40x\Debug\libMCAL.a(mcalSPI.o)
 .group         0x0000000000000000        0xc D:\GITHUB\STM32\EDS_2023\MCAL_F40x\Debug\libMCAL.a(mcalSPI.o)
 .group         0x0000000000000000        0xc D:\GITHUB\STM32\EDS_2023\MCAL_F40x\Debug\libMCAL.a(mcalSPI.o)
 .group         0x0000000000000000        0xc D:\GITHUB\STM32\EDS_2023\MCAL_F40x\Debug\libMCAL.a(mcalSPI.o)
 .group         0x0000000000000000        0xc D:\GITHUB\STM32\EDS_2023\MCAL_F40x\Debug\libMCAL.a(mcalSPI.o)
 .group         0x0000000000000000        0xc D:\GITHUB\STM32\EDS_2023\MCAL_F40x\Debug\libMCAL.a(mcalSPI.o)
 .group         0x0000000000000000        0xc D:\GITHUB\STM32\EDS_2023\MCAL_F40x\Debug\libMCAL.a(mcalSPI.o)
 .group         0x0000000000000000        0xc D:\GITHUB\STM32\EDS_2023\MCAL_F40x\Debug\libMCAL.a(mcalSPI.o)
 .group         0x0000000000000000        0xc D:\GITHUB\STM32\EDS_2023\MCAL_F40x\Debug\libMCAL.a(mcalSPI.o)
 .group         0x0000000000000000        0xc D:\GITHUB\STM32\EDS_2023\MCAL_F40x\Debug\libMCAL.a(mcalSPI.o)
 .group         0x0000000000000000        0xc D:\GITHUB\STM32\EDS_2023\MCAL_F40x\Debug\libMCAL.a(mcalSPI.o)
 .group         0x0000000000000000        0xc D:\GITHUB\STM32\EDS_2023\MCAL_F40x\Debug\libMCAL.a(mcalSPI.o)
 .group         0x0000000000000000        0xc D:\GITHUB\STM32\EDS_2023\MCAL_F40x\Debug\libMCAL.a(mcalSPI.o)
 .group         0x0000000000000000        0xc D:\GITHUB\STM32\EDS_2023\MCAL_F40x\Debug\libMCAL.a(mcalSPI.o)
 .group         0x0000000000000000        0xc D:\GITHUB\STM32\EDS_2023\MCAL_F40x\Debug\libMCAL.a(mcalSPI.o)
 .group         0x0000000000000000        0xc D:\GITHUB\STM32\EDS_2023\MCAL_F40x\Debug\libMCAL.a(mcalSPI.o)
 .text          0x0000000000000000        0x0 D:\GITHUB\STM32\EDS_2023\MCAL_F40x\Debug\libMCAL.a(mcalSPI.o)
 .data          0x0000000000000000        0x0 D:\GITHUB\STM32\EDS_2023\MCAL_F40x\Debug\libMCAL.a(mcalSPI.o)
 .bss           0x0000000000000000        0x0 D:\GITHUB\STM32\EDS_2023\MCAL_F40x\Debug\libMCAL.a(mcalSPI.o)
 .text.spiDeselectSPI
                0x0000000000000000       0x94 D:\GITHUB\STM32\EDS_2023\MCAL_F40x\Debug\libMCAL.a(mcalSPI.o)
 .text.spiDisableSPI
                0x0000000000000000       0x36 D:\GITHUB\STM32\EDS_2023\MCAL_F40x\Debug\libMCAL.a(mcalSPI.o)
 .text.spiSendData
                0x0000000000000000       0x7a D:\GITHUB\STM32\EDS_2023\MCAL_F40x\Debug\libMCAL.a(mcalSPI.o)
 .text.spiReadByte
                0x0000000000000000       0x22 D:\GITHUB\STM32\EDS_2023\MCAL_F40x\Debug\libMCAL.a(mcalSPI.o)
 .text.spiReadWord
                0x0000000000000000       0x22 D:\GITHUB\STM32\EDS_2023\MCAL_F40x\Debug\libMCAL.a(mcalSPI.o)
 .text.spiEnableInterruptType
                0x0000000000000000       0x18 D:\GITHUB\STM32\EDS_2023\MCAL_F40x\Debug\libMCAL.a(mcalSPI.o)
 .text.spiDisableInterruptType
                0x0000000000000000       0x18 D:\GITHUB\STM32\EDS_2023\MCAL_F40x\Debug\libMCAL.a(mcalSPI.o)
 .text.spiClearInterruptType
                0x0000000000000000       0x18 D:\GITHUB\STM32\EDS_2023\MCAL_F40x\Debug\libMCAL.a(mcalSPI.o)
 .text.spiEnableDmaType
                0x0000000000000000       0x18 D:\GITHUB\STM32\EDS_2023\MCAL_F40x\Debug\libMCAL.a(mcalSPI.o)
 .text.spiDisableDmaType
                0x0000000000000000       0x18 D:\GITHUB\STM32\EDS_2023\MCAL_F40x\Debug\libMCAL.a(mcalSPI.o)
 .text.spiSetOpMode
                0x0000000000000000       0x3a D:\GITHUB\STM32\EDS_2023\MCAL_F40x\Debug\libMCAL.a(mcalSPI.o)
 .debug_macro   0x0000000000000000      0xa7e D:\GITHUB\STM32\EDS_2023\MCAL_F40x\Debug\libMCAL.a(mcalSPI.o)
 .debug_macro   0x0000000000000000       0x2e D:\GITHUB\STM32\EDS_2023\MCAL_F40x\Debug\libMCAL.a(mcalSPI.o)
 .debug_macro   0x0000000000000000       0x28 D:\GITHUB\STM32\EDS_2023\MCAL_F40x\Debug\libMCAL.a(mcalSPI.o)
 .debug_macro   0x0000000000000000       0x22 D:\GITHUB\STM32\EDS_2023\MCAL_F40x\Debug\libMCAL.a(mcalSPI.o)
 .debug_macro   0x0000000000000000       0x8e D:\GITHUB\STM32\EDS_2023\MCAL_F40x\Debug\libMCAL.a(mcalSPI.o)
 .debug_macro   0x0000000000000000       0x51 D:\GITHUB\STM32\EDS_2023\MCAL_F40x\Debug\libMCAL.a(mcalSPI.o)
 .debug_macro   0x0000000000000000      0x103 D:\GITHUB\STM32\EDS_2023\MCAL_F40x\Debug\libMCAL.a(mcalSPI.o)
 .debug_macro   0x0000000000000000       0x6a D:\GITHUB\STM32\EDS_2023\MCAL_F40x\Debug\libMCAL.a(mcalSPI.o)
 .debug_macro   0x0000000000000000      0x1df D:\GITHUB\STM32\EDS_2023\MCAL_F40x\Debug\libMCAL.a(mcalSPI.o)
 .debug_macro   0x0000000000000000       0x1c D:\GITHUB\STM32\EDS_2023\MCAL_F40x\Debug\libMCAL.a(mcalSPI.o)
 .debug_macro   0x0000000000000000       0x22 D:\GITHUB\STM32\EDS_2023\MCAL_F40x\Debug\libMCAL.a(mcalSPI.o)
 .debug_macro   0x0000000000000000       0xd9 D:\GITHUB\STM32\EDS_2023\MCAL_F40x\Debug\libMCAL.a(mcalSPI.o)
 .debug_macro   0x0000000000000000     0x102d D:\GITHUB\STM32\EDS_2023\MCAL_F40x\Debug\libMCAL.a(mcalSPI.o)
 .debug_macro   0x0000000000000000      0x11f D:\GITHUB\STM32\EDS_2023\MCAL_F40x\Debug\libMCAL.a(mcalSPI.o)
 .debug_macro   0x0000000000000000     0xb86c D:\GITHUB\STM32\EDS_2023\MCAL_F40x\Debug\libMCAL.a(mcalSPI.o)
 .debug_macro   0x0000000000000000       0x6d D:\GITHUB\STM32\EDS_2023\MCAL_F40x\Debug\libMCAL.a(mcalSPI.o)
 .debug_macro   0x0000000000000000       0x22 D:\GITHUB\STM32\EDS_2023\MCAL_F40x\Debug\libMCAL.a(mcalSPI.o)
 .group         0x0000000000000000        0xc D:\GITHUB\STM32\EDS_2023\MCAL_F40x\Debug\libMCAL.a(mcalSysTick.o)
 .group         0x0000000000000000        0xc D:\GITHUB\STM32\EDS_2023\MCAL_F40x\Debug\libMCAL.a(mcalSysTick.o)
 .group         0x0000000000000000        0xc D:\GITHUB\STM32\EDS_2023\MCAL_F40x\Debug\libMCAL.a(mcalSysTick.o)
 .group         0x0000000000000000        0xc D:\GITHUB\STM32\EDS_2023\MCAL_F40x\Debug\libMCAL.a(mcalSysTick.o)
 .group         0x0000000000000000        0xc D:\GITHUB\STM32\EDS_2023\MCAL_F40x\Debug\libMCAL.a(mcalSysTick.o)
 .group         0x0000000000000000        0xc D:\GITHUB\STM32\EDS_2023\MCAL_F40x\Debug\libMCAL.a(mcalSysTick.o)
 .group         0x0000000000000000        0xc D:\GITHUB\STM32\EDS_2023\MCAL_F40x\Debug\libMCAL.a(mcalSysTick.o)
 .group         0x0000000000000000        0xc D:\GITHUB\STM32\EDS_2023\MCAL_F40x\Debug\libMCAL.a(mcalSysTick.o)
 .group         0x0000000000000000        0xc D:\GITHUB\STM32\EDS_2023\MCAL_F40x\Debug\libMCAL.a(mcalSysTick.o)
 .group         0x0000000000000000        0xc D:\GITHUB\STM32\EDS_2023\MCAL_F40x\Debug\libMCAL.a(mcalSysTick.o)
 .group         0x0000000000000000        0xc D:\GITHUB\STM32\EDS_2023\MCAL_F40x\Debug\libMCAL.a(mcalSysTick.o)
 .group         0x0000000000000000        0xc D:\GITHUB\STM32\EDS_2023\MCAL_F40x\Debug\libMCAL.a(mcalSysTick.o)
 .group         0x0000000000000000        0xc D:\GITHUB\STM32\EDS_2023\MCAL_F40x\Debug\libMCAL.a(mcalSysTick.o)
 .group         0x0000000000000000        0xc D:\GITHUB\STM32\EDS_2023\MCAL_F40x\Debug\libMCAL.a(mcalSysTick.o)
 .group         0x0000000000000000        0xc D:\GITHUB\STM32\EDS_2023\MCAL_F40x\Debug\libMCAL.a(mcalSysTick.o)
 .group         0x0000000000000000        0xc D:\GITHUB\STM32\EDS_2023\MCAL_F40x\Debug\libMCAL.a(mcalSysTick.o)
 .group         0x0000000000000000        0xc D:\GITHUB\STM32\EDS_2023\MCAL_F40x\Debug\libMCAL.a(mcalSysTick.o)
 .group         0x0000000000000000        0xc D:\GITHUB\STM32\EDS_2023\MCAL_F40x\Debug\libMCAL.a(mcalSysTick.o)
 .text          0x0000000000000000        0x0 D:\GITHUB\STM32\EDS_2023\MCAL_F40x\Debug\libMCAL.a(mcalSysTick.o)
 .data          0x0000000000000000        0x0 D:\GITHUB\STM32\EDS_2023\MCAL_F40x\Debug\libMCAL.a(mcalSysTick.o)
 .bss           0x0000000000000000        0x0 D:\GITHUB\STM32\EDS_2023\MCAL_F40x\Debug\libMCAL.a(mcalSysTick.o)
 .text.systickSetMicros
                0x0000000000000000       0x1c D:\GITHUB\STM32\EDS_2023\MCAL_F40x\Debug\libMCAL.a(mcalSysTick.o)
 .text.systickSetTicktime
                0x0000000000000000       0x1c D:\GITHUB\STM32\EDS_2023\MCAL_F40x\Debug\libMCAL.a(mcalSysTick.o)
 .text.systickUpdateTimer
                0x0000000000000000       0x30 D:\GITHUB\STM32\EDS_2023\MCAL_F40x\Debug\libMCAL.a(mcalSysTick.o)
 .text.systickUpdateTimerList
                0x0000000000000000       0x54 D:\GITHUB\STM32\EDS_2023\MCAL_F40x\Debug\libMCAL.a(mcalSysTick.o)
 .text.systickDelay
                0x0000000000000000       0x48 D:\GITHUB\STM32\EDS_2023\MCAL_F40x\Debug\libMCAL.a(mcalSysTick.o)
 .debug_macro   0x0000000000000000      0xa7e D:\GITHUB\STM32\EDS_2023\MCAL_F40x\Debug\libMCAL.a(mcalSysTick.o)
 .debug_macro   0x0000000000000000       0x2e D:\GITHUB\STM32\EDS_2023\MCAL_F40x\Debug\libMCAL.a(mcalSysTick.o)
 .debug_macro   0x0000000000000000       0x28 D:\GITHUB\STM32\EDS_2023\MCAL_F40x\Debug\libMCAL.a(mcalSysTick.o)
 .debug_macro   0x0000000000000000       0x22 D:\GITHUB\STM32\EDS_2023\MCAL_F40x\Debug\libMCAL.a(mcalSysTick.o)
 .debug_macro   0x0000000000000000       0x8e D:\GITHUB\STM32\EDS_2023\MCAL_F40x\Debug\libMCAL.a(mcalSysTick.o)
 .debug_macro   0x0000000000000000       0x51 D:\GITHUB\STM32\EDS_2023\MCAL_F40x\Debug\libMCAL.a(mcalSysTick.o)
 .debug_macro   0x0000000000000000      0x103 D:\GITHUB\STM32\EDS_2023\MCAL_F40x\Debug\libMCAL.a(mcalSysTick.o)
 .debug_macro   0x0000000000000000       0x6a D:\GITHUB\STM32\EDS_2023\MCAL_F40x\Debug\libMCAL.a(mcalSysTick.o)
 .debug_macro   0x0000000000000000      0x1df D:\GITHUB\STM32\EDS_2023\MCAL_F40x\Debug\libMCAL.a(mcalSysTick.o)
 .debug_macro   0x0000000000000000       0x1c D:\GITHUB\STM32\EDS_2023\MCAL_F40x\Debug\libMCAL.a(mcalSysTick.o)
 .debug_macro   0x0000000000000000       0x22 D:\GITHUB\STM32\EDS_2023\MCAL_F40x\Debug\libMCAL.a(mcalSysTick.o)
 .debug_macro   0x0000000000000000       0xd9 D:\GITHUB\STM32\EDS_2023\MCAL_F40x\Debug\libMCAL.a(mcalSysTick.o)
 .debug_macro   0x0000000000000000     0x102d D:\GITHUB\STM32\EDS_2023\MCAL_F40x\Debug\libMCAL.a(mcalSysTick.o)
 .debug_macro   0x0000000000000000      0x11f D:\GITHUB\STM32\EDS_2023\MCAL_F40x\Debug\libMCAL.a(mcalSysTick.o)
 .debug_macro   0x0000000000000000     0xb86c D:\GITHUB\STM32\EDS_2023\MCAL_F40x\Debug\libMCAL.a(mcalSysTick.o)
 .debug_macro   0x0000000000000000       0x6d D:\GITHUB\STM32\EDS_2023\MCAL_F40x\Debug\libMCAL.a(mcalSysTick.o)
 .debug_macro   0x0000000000000000       0x22 D:\GITHUB\STM32\EDS_2023\MCAL_F40x\Debug\libMCAL.a(mcalSysTick.o)
 .debug_macro   0x0000000000000000       0x34 D:\GITHUB\STM32\EDS_2023\MCAL_F40x\Debug\libMCAL.a(mcalSysTick.o)
 .text          0x0000000000000000        0x0 c:/st/stm32cubeide_1.12.0/stm32cubeide/plugins/com.st.stm32cube.ide.mcu.externaltools.gnu-tools-for-stm32.10.3-2021.10.win32_1.0.200.202301161003/tools/bin/../lib/gcc/arm-none-eabi/10.3.1/../../../../arm-none-eabi/lib/thumb/v7e-m+fp/hard\libc_nano.a(lib_a-errno.o)
 .data          0x0000000000000000        0x0 c:/st/stm32cubeide_1.12.0/stm32cubeide/plugins/com.st.stm32cube.ide.mcu.externaltools.gnu-tools-for-stm32.10.3-2021.10.win32_1.0.200.202301161003/tools/bin/../lib/gcc/arm-none-eabi/10.3.1/../../../../arm-none-eabi/lib/thumb/v7e-m+fp/hard\libc_nano.a(lib_a-errno.o)
 .bss           0x0000000000000000        0x0 c:/st/stm32cubeide_1.12.0/stm32cubeide/plugins/com.st.stm32cube.ide.mcu.externaltools.gnu-tools-for-stm32.10.3-2021.10.win32_1.0.200.202301161003/tools/bin/../lib/gcc/arm-none-eabi/10.3.1/../../../../arm-none-eabi/lib/thumb/v7e-m+fp/hard\libc_nano.a(lib_a-errno.o)
 .text.__errno  0x0000000000000000        0xc c:/st/stm32cubeide_1.12.0/stm32cubeide/plugins/com.st.stm32cube.ide.mcu.externaltools.gnu-tools-for-stm32.10.3-2021.10.win32_1.0.200.202301161003/tools/bin/../lib/gcc/arm-none-eabi/10.3.1/../../../../arm-none-eabi/lib/thumb/v7e-m+fp/hard\libc_nano.a(lib_a-errno.o)
 .debug_frame   0x0000000000000000       0x20 c:/st/stm32cubeide_1.12.0/stm32cubeide/plugins/com.st.stm32cube.ide.mcu.externaltools.gnu-tools-for-stm32.10.3-2021.10.win32_1.0.200.202301161003/tools/bin/../lib/gcc/arm-none-eabi/10.3.1/../../../../arm-none-eabi/lib/thumb/v7e-m+fp/hard\libc_nano.a(lib_a-errno.o)
 .ARM.attributes
                0x0000000000000000       0x34 c:/st/stm32cubeide_1.12.0/stm32cubeide/plugins/com.st.stm32cube.ide.mcu.externaltools.gnu-tools-for-stm32.10.3-2021.10.win32_1.0.200.202301161003/tools/bin/../lib/gcc/arm-none-eabi/10.3.1/../../../../arm-none-eabi/lib/thumb/v7e-m+fp/hard\libc_nano.a(lib_a-errno.o)
 .text          0x0000000000000000        0x0 c:/st/stm32cubeide_1.12.0/stm32cubeide/plugins/com.st.stm32cube.ide.mcu.externaltools.gnu-tools-for-stm32.10.3-2021.10.win32_1.0.200.202301161003/tools/bin/../lib/gcc/arm-none-eabi/10.3.1/../../../../arm-none-eabi/lib/thumb/v7e-m+fp/hard\libc_nano.a(lib_a-exit.o)
 .data          0x0000000000000000        0x0 c:/st/stm32cubeide_1.12.0/stm32cubeide/plugins/com.st.stm32cube.ide.mcu.externaltools.gnu-tools-for-stm32.10.3-2021.10.win32_1.0.200.202301161003/tools/bin/../lib/gcc/arm-none-eabi/10.3.1/../../../../arm-none-eabi/lib/thumb/v7e-m+fp/hard\libc_nano.a(lib_a-exit.o)
 .bss           0x0000000000000000        0x0 c:/st/stm32cubeide_1.12.0/stm32cubeide/plugins/com.st.stm32cube.ide.mcu.externaltools.gnu-tools-for-stm32.10.3-2021.10.win32_1.0.200.202301161003/tools/bin/../lib/gcc/arm-none-eabi/10.3.1/../../../../arm-none-eabi/lib/thumb/v7e-m+fp/hard\libc_nano.a(lib_a-exit.o)
 .text.exit     0x0000000000000000       0x28 c:/st/stm32cubeide_1.12.0/stm32cubeide/plugins/com.st.stm32cube.ide.mcu.externaltools.gnu-tools-for-stm32.10.3-2021.10.win32_1.0.200.202301161003/tools/bin/../lib/gcc/arm-none-eabi/10.3.1/../../../../arm-none-eabi/lib/thumb/v7e-m+fp/hard\libc_nano.a(lib_a-exit.o)
 .debug_frame   0x0000000000000000       0x28 c:/st/stm32cubeide_1.12.0/stm32cubeide/plugins/com.st.stm32cube.ide.mcu.externaltools.gnu-tools-for-stm32.10.3-2021.10.win32_1.0.200.202301161003/tools/bin/../lib/gcc/arm-none-eabi/10.3.1/../../../../arm-none-eabi/lib/thumb/v7e-m+fp/hard\libc_nano.a(lib_a-exit.o)
 .ARM.attributes
                0x0000000000000000       0x34 c:/st/stm32cubeide_1.12.0/stm32cubeide/plugins/com.st.stm32cube.ide.mcu.externaltools.gnu-tools-for-stm32.10.3-2021.10.win32_1.0.200.202301161003/tools/bin/../lib/gcc/arm-none-eabi/10.3.1/../../../../arm-none-eabi/lib/thumb/v7e-m+fp/hard\libc_nano.a(lib_a-exit.o)
 .text          0x0000000000000000        0x0 c:/st/stm32cubeide_1.12.0/stm32cubeide/plugins/com.st.stm32cube.ide.mcu.externaltools.gnu-tools-for-stm32.10.3-2021.10.win32_1.0.200.202301161003/tools/bin/../lib/gcc/arm-none-eabi/10.3.1/../../../../arm-none-eabi/lib/thumb/v7e-m+fp/hard\libc_nano.a(lib_a-impure.o)
 .data          0x0000000000000000        0x0 c:/st/stm32cubeide_1.12.0/stm32cubeide/plugins/com.st.stm32cube.ide.mcu.externaltools.gnu-tools-for-stm32.10.3-2021.10.win32_1.0.200.202301161003/tools/bin/../lib/gcc/arm-none-eabi/10.3.1/../../../../arm-none-eabi/lib/thumb/v7e-m+fp/hard\libc_nano.a(lib_a-impure.o)
 .bss           0x0000000000000000        0x0 c:/st/stm32cubeide_1.12.0/stm32cubeide/plugins/com.st.stm32cube.ide.mcu.externaltools.gnu-tools-for-stm32.10.3-2021.10.win32_1.0.200.202301161003/tools/bin/../lib/gcc/arm-none-eabi/10.3.1/../../../../arm-none-eabi/lib/thumb/v7e-m+fp/hard\libc_nano.a(lib_a-impure.o)
 .data._impure_ptr
                0x0000000000000000        0x4 c:/st/stm32cubeide_1.12.0/stm32cubeide/plugins/com.st.stm32cube.ide.mcu.externaltools.gnu-tools-for-stm32.10.3-2021.10.win32_1.0.200.202301161003/tools/bin/../lib/gcc/arm-none-eabi/10.3.1/../../../../arm-none-eabi/lib/thumb/v7e-m+fp/hard\libc_nano.a(lib_a-impure.o)
 .data.impure_data
                0x0000000000000000       0x60 c:/st/stm32cubeide_1.12.0/stm32cubeide/plugins/com.st.stm32cube.ide.mcu.externaltools.gnu-tools-for-stm32.10.3-2021.10.win32_1.0.200.202301161003/tools/bin/../lib/gcc/arm-none-eabi/10.3.1/../../../../arm-none-eabi/lib/thumb/v7e-m+fp/hard\libc_nano.a(lib_a-impure.o)
 .rodata._global_impure_ptr
                0x0000000000000000        0x4 c:/st/stm32cubeide_1.12.0/stm32cubeide/plugins/com.st.stm32cube.ide.mcu.externaltools.gnu-tools-for-stm32.10.3-2021.10.win32_1.0.200.202301161003/tools/bin/../lib/gcc/arm-none-eabi/10.3.1/../../../../arm-none-eabi/lib/thumb/v7e-m+fp/hard\libc_nano.a(lib_a-impure.o)
 .ARM.attributes
                0x0000000000000000       0x34 c:/st/stm32cubeide_1.12.0/stm32cubeide/plugins/com.st.stm32cube.ide.mcu.externaltools.gnu-tools-for-stm32.10.3-2021.10.win32_1.0.200.202301161003/tools/bin/../lib/gcc/arm-none-eabi/10.3.1/../../../../arm-none-eabi/lib/thumb/v7e-m+fp/hard\libc_nano.a(lib_a-impure.o)
 .text          0x0000000000000000        0x0 c:/st/stm32cubeide_1.12.0/stm32cubeide/plugins/com.st.stm32cube.ide.mcu.externaltools.gnu-tools-for-stm32.10.3-2021.10.win32_1.0.200.202301161003/tools/bin/../lib/gcc/arm-none-eabi/10.3.1/../../../../arm-none-eabi/lib/thumb/v7e-m+fp/hard\libc_nano.a(lib_a-init.o)
 .data          0x0000000000000000        0x0 c:/st/stm32cubeide_1.12.0/stm32cubeide/plugins/com.st.stm32cube.ide.mcu.externaltools.gnu-tools-for-stm32.10.3-2021.10.win32_1.0.200.202301161003/tools/bin/../lib/gcc/arm-none-eabi/10.3.1/../../../../arm-none-eabi/lib/thumb/v7e-m+fp/hard\libc_nano.a(lib_a-init.o)
 .bss           0x0000000000000000        0x0 c:/st/stm32cubeide_1.12.0/stm32cubeide/plugins/com.st.stm32cube.ide.mcu.externaltools.gnu-tools-for-stm32.10.3-2021.10.win32_1.0.200.202301161003/tools/bin/../lib/gcc/arm-none-eabi/10.3.1/../../../../arm-none-eabi/lib/thumb/v7e-m+fp/hard\libc_nano.a(lib_a-init.o)
 .text          0x0000000000000000        0x0 c:/st/stm32cubeide_1.12.0/stm32cubeide/plugins/com.st.stm32cube.ide.mcu.externaltools.gnu-tools-for-stm32.10.3-2021.10.win32_1.0.200.202301161003/tools/bin/../lib/gcc/arm-none-eabi/10.3.1/../../../../arm-none-eabi/lib/thumb/v7e-m+fp/hard\libc_nano.a(lib_a-memset.o)
 .data          0x0000000000000000        0x0 c:/st/stm32cubeide_1.12.0/stm32cubeide/plugins/com.st.stm32cube.ide.mcu.externaltools.gnu-tools-for-stm32.10.3-2021.10.win32_1.0.200.202301161003/tools/bin/../lib/gcc/arm-none-eabi/10.3.1/../../../../arm-none-eabi/lib/thumb/v7e-m+fp/hard\libc_nano.a(lib_a-memset.o)
 .bss           0x0000000000000000        0x0 c:/st/stm32cubeide_1.12.0/stm32cubeide/plugins/com.st.stm32cube.ide.mcu.externaltools.gnu-tools-for-stm32.10.3-2021.10.win32_1.0.200.202301161003/tools/bin/../lib/gcc/arm-none-eabi/10.3.1/../../../../arm-none-eabi/lib/thumb/v7e-m+fp/hard\libc_nano.a(lib_a-memset.o)
 .text.memset   0x0000000000000000       0x10 c:/st/stm32cubeide_1.12.0/stm32cubeide/plugins/com.st.stm32cube.ide.mcu.externaltools.gnu-tools-for-stm32.10.3-2021.10.win32_1.0.200.202301161003/tools/bin/../lib/gcc/arm-none-eabi/10.3.1/../../../../arm-none-eabi/lib/thumb/v7e-m+fp/hard\libc_nano.a(lib_a-memset.o)
 .debug_frame   0x0000000000000000       0x20 c:/st/stm32cubeide_1.12.0/stm32cubeide/plugins/com.st.stm32cube.ide.mcu.externaltools.gnu-tools-for-stm32.10.3-2021.10.win32_1.0.200.202301161003/tools/bin/../lib/gcc/arm-none-eabi/10.3.1/../../../../arm-none-eabi/lib/thumb/v7e-m+fp/hard\libc_nano.a(lib_a-memset.o)
 .ARM.attributes
                0x0000000000000000       0x34 c:/st/stm32cubeide_1.12.0/stm32cubeide/plugins/com.st.stm32cube.ide.mcu.externaltools.gnu-tools-for-stm32.10.3-2021.10.win32_1.0.200.202301161003/tools/bin/../lib/gcc/arm-none-eabi/10.3.1/../../../../arm-none-eabi/lib/thumb/v7e-m+fp/hard\libc_nano.a(lib_a-memset.o)
 .text          0x0000000000000000        0x0 c:/st/stm32cubeide_1.12.0/stm32cubeide/plugins/com.st.stm32cube.ide.mcu.externaltools.gnu-tools-for-stm32.10.3-2021.10.win32_1.0.200.202301161003/tools/bin/../lib/gcc/arm-none-eabi/10.3.1/thumb/v7e-m+fp/hard/crtend.o
 .data          0x0000000000000000        0x0 c:/st/stm32cubeide_1.12.0/stm32cubeide/plugins/com.st.stm32cube.ide.mcu.externaltools.gnu-tools-for-stm32.10.3-2021.10.win32_1.0.200.202301161003/tools/bin/../lib/gcc/arm-none-eabi/10.3.1/thumb/v7e-m+fp/hard/crtend.o
 .bss           0x0000000000000000        0x0 c:/st/stm32cubeide_1.12.0/stm32cubeide/plugins/com.st.stm32cube.ide.mcu.externaltools.gnu-tools-for-stm32.10.3-2021.10.win32_1.0.200.202301161003/tools/bin/../lib/gcc/arm-none-eabi/10.3.1/thumb/v7e-m+fp/hard/crtend.o
 .rodata        0x0000000000000000       0x24 c:/st/stm32cubeide_1.12.0/stm32cubeide/plugins/com.st.stm32cube.ide.mcu.externaltools.gnu-tools-for-stm32.10.3-2021.10.win32_1.0.200.202301161003/tools/bin/../lib/gcc/arm-none-eabi/10.3.1/thumb/v7e-m+fp/hard/crtend.o
 .eh_frame      0x0000000000000000        0x4 c:/st/stm32cubeide_1.12.0/stm32cubeide/plugins/com.st.stm32cube.ide.mcu.externaltools.gnu-tools-for-stm32.10.3-2021.10.win32_1.0.200.202301161003/tools/bin/../lib/gcc/arm-none-eabi/10.3.1/thumb/v7e-m+fp/hard/crtend.o
 .ARM.attributes
                0x0000000000000000       0x34 c:/st/stm32cubeide_1.12.0/stm32cubeide/plugins/com.st.stm32cube.ide.mcu.externaltools.gnu-tools-for-stm32.10.3-2021.10.win32_1.0.200.202301161003/tools/bin/../lib/gcc/arm-none-eabi/10.3.1/thumb/v7e-m+fp/hard/crtend.o
 .text          0x0000000000000000        0x0 c:/st/stm32cubeide_1.12.0/stm32cubeide/plugins/com.st.stm32cube.ide.mcu.externaltools.gnu-tools-for-stm32.10.3-2021.10.win32_1.0.200.202301161003/tools/bin/../lib/gcc/arm-none-eabi/10.3.1/thumb/v7e-m+fp/hard/crtn.o
 .data          0x0000000000000000        0x0 c:/st/stm32cubeide_1.12.0/stm32cubeide/plugins/com.st.stm32cube.ide.mcu.externaltools.gnu-tools-for-stm32.10.3-2021.10.win32_1.0.200.202301161003/tools/bin/../lib/gcc/arm-none-eabi/10.3.1/thumb/v7e-m+fp/hard/crtn.o
 .bss           0x0000000000000000        0x0 c:/st/stm32cubeide_1.12.0/stm32cubeide/plugins/com.st.stm32cube.ide.mcu.externaltools.gnu-tools-for-stm32.10.3-2021.10.win32_1.0.200.202301161003/tools/bin/../lib/gcc/arm-none-eabi/10.3.1/thumb/v7e-m+fp/hard/crtn.o

Memory Configuration

Name             Origin             Length             Attributes
RAM              0x0000000020000000 0x0000000000018000 xrw
FLASH            0x0000000008000000 0x0000000000080000 xr
*default*        0x0000000000000000 0xffffffffffffffff

Linker script and memory map

LOAD c:/st/stm32cubeide_1.12.0/stm32cubeide/plugins/com.st.stm32cube.ide.mcu.externaltools.gnu-tools-for-stm32.10.3-2021.10.win32_1.0.200.202301161003/tools/bin/../lib/gcc/arm-none-eabi/10.3.1/thumb/v7e-m+fp/hard/crti.o
LOAD c:/st/stm32cubeide_1.12.0/stm32cubeide/plugins/com.st.stm32cube.ide.mcu.externaltools.gnu-tools-for-stm32.10.3-2021.10.win32_1.0.200.202301161003/tools/bin/../lib/gcc/arm-none-eabi/10.3.1/thumb/v7e-m+fp/hard/crtbegin.o
LOAD c:/st/stm32cubeide_1.12.0/stm32cubeide/plugins/com.st.stm32cube.ide.mcu.externaltools.gnu-tools-for-stm32.10.3-2021.10.win32_1.0.200.202301161003/tools/bin/../lib/gcc/arm-none-eabi/10.3.1/../../../../arm-none-eabi/lib/thumb/v7e-m+fp/hard/crt0.o
LOAD ./Src/main.o
LOAD ./Src/max7219.o
LOAD ./Src/syscalls.o
LOAD ./Src/sysmem.o
LOAD ./Src/system_stm32f4xx.o
LOAD ./Startup/startup_stm32f401retx.o
LOAD D:\GITHUB\STM32\EDS_2023\MCAL_F40x\Debug\libMCAL.a
START GROUP
LOAD c:/st/stm32cubeide_1.12.0/stm32cubeide/plugins/com.st.stm32cube.ide.mcu.externaltools.gnu-tools-for-stm32.10.3-2021.10.win32_1.0.200.202301161003/tools/bin/../lib/gcc/arm-none-eabi/10.3.1/../../../../arm-none-eabi/lib/thumb/v7e-m+fp/hard\libc_nano.a
LOAD c:/st/stm32cubeide_1.12.0/stm32cubeide/plugins/com.st.stm32cube.ide.mcu.externaltools.gnu-tools-for-stm32.10.3-2021.10.win32_1.0.200.202301161003/tools/bin/../lib/gcc/arm-none-eabi/10.3.1/../../../../arm-none-eabi/lib/thumb/v7e-m+fp/hard\libm.a
END GROUP
START GROUP
LOAD c:/st/stm32cubeide_1.12.0/stm32cubeide/plugins/com.st.stm32cube.ide.mcu.externaltools.gnu-tools-for-stm32.10.3-2021.10.win32_1.0.200.202301161003/tools/bin/../lib/gcc/arm-none-eabi/10.3.1/thumb/v7e-m+fp/hard\libgcc.a
LOAD c:/st/stm32cubeide_1.12.0/stm32cubeide/plugins/com.st.stm32cube.ide.mcu.externaltools.gnu-tools-for-stm32.10.3-2021.10.win32_1.0.200.202301161003/tools/bin/../lib/gcc/arm-none-eabi/10.3.1/../../../../arm-none-eabi/lib/thumb/v7e-m+fp/hard\libc_nano.a
END GROUP
START GROUP
LOAD c:/st/stm32cubeide_1.12.0/stm32cubeide/plugins/com.st.stm32cube.ide.mcu.externaltools.gnu-tools-for-stm32.10.3-2021.10.win32_1.0.200.202301161003/tools/bin/../lib/gcc/arm-none-eabi/10.3.1/thumb/v7e-m+fp/hard\libgcc.a
LOAD c:/st/stm32cubeide_1.12.0/stm32cubeide/plugins/com.st.stm32cube.ide.mcu.externaltools.gnu-tools-for-stm32.10.3-2021.10.win32_1.0.200.202301161003/tools/bin/../lib/gcc/arm-none-eabi/10.3.1/../../../../arm-none-eabi/lib/thumb/v7e-m+fp/hard\libc_nano.a
LOAD c:/st/stm32cubeide_1.12.0/stm32cubeide/plugins/com.st.stm32cube.ide.mcu.externaltools.gnu-tools-for-stm32.10.3-2021.10.win32_1.0.200.202301161003/tools/bin/../lib/gcc/arm-none-eabi/10.3.1/../../../../arm-none-eabi/lib/thumb/v7e-m+fp/hard\libnosys.a
END GROUP
START GROUP
LOAD c:/st/stm32cubeide_1.12.0/stm32cubeide/plugins/com.st.stm32cube.ide.mcu.externaltools.gnu-tools-for-stm32.10.3-2021.10.win32_1.0.200.202301161003/tools/bin/../lib/gcc/arm-none-eabi/10.3.1/thumb/v7e-m+fp/hard\libgcc.a
LOAD c:/st/stm32cubeide_1.12.0/stm32cubeide/plugins/com.st.stm32cube.ide.mcu.externaltools.gnu-tools-for-stm32.10.3-2021.10.win32_1.0.200.202301161003/tools/bin/../lib/gcc/arm-none-eabi/10.3.1/../../../../arm-none-eabi/lib/thumb/v7e-m+fp/hard\libc_nano.a
LOAD c:/st/stm32cubeide_1.12.0/stm32cubeide/plugins/com.st.stm32cube.ide.mcu.externaltools.gnu-tools-for-stm32.10.3-2021.10.win32_1.0.200.202301161003/tools/bin/../lib/gcc/arm-none-eabi/10.3.1/../../../../arm-none-eabi/lib/thumb/v7e-m+fp/hard\libnosys.a
END GROUP
LOAD c:/st/stm32cubeide_1.12.0/stm32cubeide/plugins/com.st.stm32cube.ide.mcu.externaltools.gnu-tools-for-stm32.10.3-2021.10.win32_1.0.200.202301161003/tools/bin/../lib/gcc/arm-none-eabi/10.3.1/thumb/v7e-m+fp/hard/crtend.o
LOAD c:/st/stm32cubeide_1.12.0/stm32cubeide/plugins/com.st.stm32cube.ide.mcu.externaltools.gnu-tools-for-stm32.10.3-2021.10.win32_1.0.200.202301161003/tools/bin/../lib/gcc/arm-none-eabi/10.3.1/thumb/v7e-m+fp/hard/crtn.o
                0x0000000020018000                _estack = (ORIGIN (RAM) + LENGTH (RAM))
                0x0000000000000200                _Min_Heap_Size = 0x200
                0x0000000000000400                _Min_Stack_Size = 0x400

.isr_vector     0x0000000008000000      0x194
                0x0000000008000000                . = ALIGN (0x4)
 *(.isr_vector)
 .isr_vector    0x0000000008000000      0x194 ./Startup/startup_stm32f401retx.o
                0x0000000008000000                g_pfnVectors
                0x0000000008000194                . = ALIGN (0x4)

.text           0x0000000008000194     0x1290
                0x0000000008000194                . = ALIGN (0x4)
 *(.text)
 .text          0x0000000008000194       0x40 c:/st/stm32cubeide_1.12.0/stm32cubeide/plugins/com.st.stm32cube.ide.mcu.externaltools.gnu-tools-for-stm32.10.3-2021.10.win32_1.0.200.202301161003/tools/bin/../lib/gcc/arm-none-eabi/10.3.1/thumb/v7e-m+fp/hard/crtbegin.o
 *(.text*)
 .text.main     0x00000000080001d4      0x39c ./Src/main.o
                0x00000000080001d4                main
 .text.max7219Init
                0x0000000008000570       0x8c ./Src/max7219.o
                0x0000000008000570                max7219Init
 .text.max7219TurnOn
                0x00000000080005fc       0x2c ./Src/max7219.o
                0x00000000080005fc                max7219TurnOn
 .text.max7219SetDecodeMode
                0x0000000008000628       0x34 ./Src/max7219.o
                0x0000000008000628                max7219SetDecodeMode
 .text.max7219ResetDigits
                0x000000000800065c       0x48 ./Src/max7219.o
                0x000000000800065c                max7219ResetDigits
 .text.SystemInit
                0x00000000080006a4       0x2c ./Src/system_stm32f4xx.o
                0x00000000080006a4                SystemInit
 .text.SystemCoreClockUpdate
                0x00000000080006d0      0x100 ./Src/system_stm32f4xx.o
                0x00000000080006d0                SystemCoreClockUpdate
 .text.Reset_Handler
                0x00000000080007d0       0x50 ./Startup/startup_stm32f401retx.o
                0x00000000080007d0                Reset_Handler
 .text.Default_Handler
                0x0000000008000820        0x2 ./Startup/startup_stm32f401retx.o
                0x0000000008000820                EXTI2_IRQHandler
                0x0000000008000820                DebugMon_Handler
                0x0000000008000820                SPI4_IRQHandler
                0x0000000008000820                TIM1_CC_IRQHandler
                0x0000000008000820                DMA2_Stream5_IRQHandler
                0x0000000008000820                HardFault_Handler
                0x0000000008000820                DMA1_Stream5_IRQHandler
                0x0000000008000820                SDIO_IRQHandler
                0x0000000008000820                TAMP_STAMP_IRQHandler
                0x0000000008000820                PendSV_Handler
                0x0000000008000820                NMI_Handler
                0x0000000008000820                EXTI3_IRQHandler
                0x0000000008000820                TIM1_UP_TIM10_IRQHandler
                0x0000000008000820                I2C3_ER_IRQHandler
                0x0000000008000820                EXTI18_OTG_FS_WKUP_IRQHandler
                0x0000000008000820                EXTI0_IRQHandler
                0x0000000008000820                I2C2_EV_IRQHandler
                0x0000000008000820                DMA1_Stream2_IRQHandler
                0x0000000008000820                UsageFault_Handler
                0x0000000008000820                DMA2_Stream2_IRQHandler
                0x0000000008000820                SPI1_IRQHandler
                0x0000000008000820                TIM1_BRK_TIM9_IRQHandler
                0x0000000008000820                DMA2_Stream3_IRQHandler
                0x0000000008000820                USART6_IRQHandler
                0x0000000008000820                DMA2_Stream0_IRQHandler
                0x0000000008000820                TIM4_IRQHandler
                0x0000000008000820                I2C1_EV_IRQHandler
                0x0000000008000820                DMA1_Stream6_IRQHandler
                0x0000000008000820                DMA1_Stream1_IRQHandler
                0x0000000008000820                TIM3_IRQHandler
                0x0000000008000820                RCC_IRQHandler
                0x0000000008000820                Default_Handler
                0x0000000008000820                EXTI15_10_IRQHandler
                0x0000000008000820                ADC_IRQHandler
                0x0000000008000820                DMA1_Stream7_IRQHandler
                0x0000000008000820                TIM5_IRQHandler
                0x0000000008000820                DMA2_Stream7_IRQHandler
                0x0000000008000820                I2C3_EV_IRQHandler
                0x0000000008000820                EXTI9_5_IRQHandler
                0x0000000008000820                SPI2_IRQHandler
                0x0000000008000820                MemManage_Handler
                0x0000000008000820                DMA1_Stream0_IRQHandler
                0x0000000008000820                SVC_Handler
                0x0000000008000820                EXTI4_IRQHandler
                0x0000000008000820                EXTI22_RTC_WKUP_IRQHandler
                0x0000000008000820                TIM2_IRQHandler
                0x0000000008000820                EXTI16_PVD_IRQHandler
                0x0000000008000820                TIM1_TRG_COM_TIM11_IRQHandler
                0x0000000008000820                EXTI1_IRQHandler
                0x0000000008000820                EXTI17_RTC_Alarm_IRQHandler
                0x0000000008000820                USART2_IRQHandler
                0x0000000008000820                I2C2_ER_IRQHandler
                0x0000000008000820                DMA2_Stream1_IRQHandler
                0x0000000008000820                FLASH_IRQHandler
                0x0000000008000820                DMA2_Stream4_IRQHandler
                0x0000000008000820                BusFault_Handler
                0x0000000008000820                USART1_IRQHandler
                0x0000000008000820                OTG_FS_IRQHandler
                0x0000000008000820                SPI3_IRQHandler
                0x0000000008000820                DMA1_Stream4_IRQHandler
                0x0000000008000820                I2C1_ER_IRQHandler
                0x0000000008000820                DMA2_Stream6_IRQHandler
                0x0000000008000820                DMA1_Stream3_IRQHandler
 *fill*         0x0000000008000822        0x2 
 .text.gpioVerifyPort
                0x0000000008000824       0x64 D:\GITHUB\STM32\EDS_2023\MCAL_F40x\Debug\libMCAL.a(mcalGPIO.o)
                0x0000000008000824                gpioVerifyPort
 .text.gpioVerifyPin
                0x0000000008000888       0x7c D:\GITHUB\STM32\EDS_2023\MCAL_F40x\Debug\libMCAL.a(mcalGPIO.o)
                0x0000000008000888                gpioVerifyPin
 .text.gpioVerifyAltFunc
                0x0000000008000904       0x7c D:\GITHUB\STM32\EDS_2023\MCAL_F40x\Debug\libMCAL.a(mcalGPIO.o)
                0x0000000008000904                gpioVerifyAltFunc
 .text.gpioVerifyPinMode
                0x0000000008000980       0x34 D:\GITHUB\STM32\EDS_2023\MCAL_F40x\Debug\libMCAL.a(mcalGPIO.o)
                0x0000000008000980                gpioVerifyPinMode
 .text.gpioVerifyPushPullMode
                0x00000000080009b4       0x2e D:\GITHUB\STM32\EDS_2023\MCAL_F40x\Debug\libMCAL.a(mcalGPIO.o)
                0x00000000080009b4                gpioVerifyPushPullMode
 *fill*         0x00000000080009e2        0x2 
 .text.gpioInitPort
                0x00000000080009e4       0xc4 D:\GITHUB\STM32\EDS_2023\MCAL_F40x\Debug\libMCAL.a(mcalGPIO.o)
                0x00000000080009e4                gpioInitPort
 .text.gpioSelectPinMode
                0x0000000008000aa8       0x96 D:\GITHUB\STM32\EDS_2023\MCAL_F40x\Debug\libMCAL.a(mcalGPIO.o)
                0x0000000008000aa8                gpioSelectPinMode
 .text.gpioSetPin
                0x0000000008000b3e       0x56 D:\GITHUB\STM32\EDS_2023\MCAL_F40x\Debug\libMCAL.a(mcalGPIO.o)
                0x0000000008000b3e                gpioSetPin
 .text.gpioResetPin
                0x0000000008000b94       0x58 D:\GITHUB\STM32\EDS_2023\MCAL_F40x\Debug\libMCAL.a(mcalGPIO.o)
                0x0000000008000b94                gpioResetPin
 .text.gpioSelectAltFunc
                0x0000000008000bec       0xd2 D:\GITHUB\STM32\EDS_2023\MCAL_F40x\Debug\libMCAL.a(mcalGPIO.o)
                0x0000000008000bec                gpioSelectAltFunc
 .text.gpioSelectPushPullMode
                0x0000000008000cbe       0xba D:\GITHUB\STM32\EDS_2023\MCAL_F40x\Debug\libMCAL.a(mcalGPIO.o)
                0x0000000008000cbe                gpioSelectPushPullMode
 .text.spiVerifySPI
                0x0000000008000d78       0x4c D:\GITHUB\STM32\EDS_2023\MCAL_F40x\Debug\libMCAL.a(mcalSPI.o)
 .text.spiVerifyClkDivider
                0x0000000008000dc4       0x4c D:\GITHUB\STM32\EDS_2023\MCAL_F40x\Debug\libMCAL.a(mcalSPI.o)
 .text.spiVerifyDataLen
                0x0000000008000e10       0x28 D:\GITHUB\STM32\EDS_2023\MCAL_F40x\Debug\libMCAL.a(mcalSPI.o)
 .text.spiVerifySSM
                0x0000000008000e38       0x28 D:\GITHUB\STM32\EDS_2023\MCAL_F40x\Debug\libMCAL.a(mcalSPI.o)
 .text.spiVerifyOpMode
                0x0000000008000e60       0x28 D:\GITHUB\STM32\EDS_2023\MCAL_F40x\Debug\libMCAL.a(mcalSPI.o)
 .text.spiVerifyPhase
                0x0000000008000e88       0x28 D:\GITHUB\STM32\EDS_2023\MCAL_F40x\Debug\libMCAL.a(mcalSPI.o)
 .text.spiVerifyIdlePolarity
                0x0000000008000eb0       0x28 D:\GITHUB\STM32\EDS_2023\MCAL_F40x\Debug\libMCAL.a(mcalSPI.o)
 .text.spiInitSPI
                0x0000000008000ed8      0x1f8 D:\GITHUB\STM32\EDS_2023\MCAL_F40x\Debug\libMCAL.a(mcalSPI.o)
                0x0000000008000ed8                spiInitSPI
 .text.spiSelectSPI
                0x00000000080010d0       0x80 D:\GITHUB\STM32\EDS_2023\MCAL_F40x\Debug\libMCAL.a(mcalSPI.o)
                0x00000000080010d0                spiSelectSPI
 .text.spiEnableSPI
                0x0000000008001150       0x36 D:\GITHUB\STM32\EDS_2023\MCAL_F40x\Debug\libMCAL.a(mcalSPI.o)
                0x0000000008001150                spiEnableSPI
 *fill*         0x0000000008001186        0x2 
 .text.spiWriteByte
                0x0000000008001188       0xb4 D:\GITHUB\STM32\EDS_2023\MCAL_F40x\Debug\libMCAL.a(mcalSPI.o)
                0x0000000008001188                spiWriteByte
 .text.spiWriteWord
                0x000000000800123c       0x70 D:\GITHUB\STM32\EDS_2023\MCAL_F40x\Debug\libMCAL.a(mcalSPI.o)
                0x000000000800123c                spiWriteWord
 .text.__NVIC_SetPriority
                0x00000000080012ac       0x54 D:\GITHUB\STM32\EDS_2023\MCAL_F40x\Debug\libMCAL.a(mcalSysTick.o)
 .text.SysTick_Config
                0x0000000008001300       0x44 D:\GITHUB\STM32\EDS_2023\MCAL_F40x\Debug\libMCAL.a(mcalSysTick.o)
 .text.systickSetMillis
                0x0000000008001344       0x1c D:\GITHUB\STM32\EDS_2023\MCAL_F40x\Debug\libMCAL.a(mcalSysTick.o)
                0x0000000008001344                systickSetMillis
 .text.systickInit
                0x0000000008001360       0x28 D:\GITHUB\STM32\EDS_2023\MCAL_F40x\Debug\libMCAL.a(mcalSysTick.o)
                0x0000000008001360                systickInit
 .text.isSystickExpired
                0x0000000008001388       0x24 D:\GITHUB\STM32\EDS_2023\MCAL_F40x\Debug\libMCAL.a(mcalSysTick.o)
                0x0000000008001388                isSystickExpired
 .text.SysTick_Handler
                0x00000000080013ac       0x18 D:\GITHUB\STM32\EDS_2023\MCAL_F40x\Debug\libMCAL.a(mcalSysTick.o)
                0x00000000080013ac                SysTick_Handler
 .text.__libc_init_array
                0x00000000080013c4       0x48 c:/st/stm32cubeide_1.12.0/stm32cubeide/plugins/com.st.stm32cube.ide.mcu.externaltools.gnu-tools-for-stm32.10.3-2021.10.win32_1.0.200.202301161003/tools/bin/../lib/gcc/arm-none-eabi/10.3.1/../../../../arm-none-eabi/lib/thumb/v7e-m+fp/hard\libc_nano.a(lib_a-init.o)
                0x00000000080013c4                __libc_init_array
 *(.glue_7)
 .glue_7        0x000000000800140c        0x0 linker stubs
 *(.glue_7t)
 .glue_7t       0x000000000800140c        0x0 linker stubs
 *(.eh_frame)
 .eh_frame      0x000000000800140c        0x0 c:/st/stm32cubeide_1.12.0/stm32cubeide/plugins/com.st.stm32cube.ide.mcu.externaltools.gnu-tools-for-stm32.10.3-2021.10.win32_1.0.200.202301161003/tools/bin/../lib/gcc/arm-none-eabi/10.3.1/thumb/v7e-m+fp/hard/crtbegin.o
 *(.init)
 .init          0x000000000800140c        0x4 c:/st/stm32cubeide_1.12.0/stm32cubeide/plugins/com.st.stm32cube.ide.mcu.externaltools.gnu-tools-for-stm32.10.3-2021.10.win32_1.0.200.202301161003/tools/bin/../lib/gcc/arm-none-eabi/10.3.1/thumb/v7e-m+fp/hard/crti.o
                0x000000000800140c                _init
 .init          0x0000000008001410        0x8 c:/st/stm32cubeide_1.12.0/stm32cubeide/plugins/com.st.stm32cube.ide.mcu.externaltools.gnu-tools-for-stm32.10.3-2021.10.win32_1.0.200.202301161003/tools/bin/../lib/gcc/arm-none-eabi/10.3.1/thumb/v7e-m+fp/hard/crtn.o
 *(.fini)
 .fini          0x0000000008001418        0x4 c:/st/stm32cubeide_1.12.0/stm32cubeide/plugins/com.st.stm32cube.ide.mcu.externaltools.gnu-tools-for-stm32.10.3-2021.10.win32_1.0.200.202301161003/tools/bin/../lib/gcc/arm-none-eabi/10.3.1/thumb/v7e-m+fp/hard/crti.o
                0x0000000008001418                _fini
 .fini          0x000000000800141c        0x8 c:/st/stm32cubeide_1.12.0/stm32cubeide/plugins/com.st.stm32cube.ide.mcu.externaltools.gnu-tools-for-stm32.10.3-2021.10.win32_1.0.200.202301161003/tools/bin/../lib/gcc/arm-none-eabi/10.3.1/thumb/v7e-m+fp/hard/crtn.o
                0x0000000008001424                . = ALIGN (0x4)
                0x0000000008001424                _etext = .

.vfp11_veneer   0x0000000008001424        0x0
 .vfp11_veneer  0x0000000008001424        0x0 linker stubs

.v4_bx          0x0000000008001424        0x0
 .v4_bx         0x0000000008001424        0x0 linker stubs

.iplt           0x0000000008001424        0x0
 .iplt          0x0000000008001424        0x0 c:/st/stm32cubeide_1.12.0/stm32cubeide/plugins/com.st.stm32cube.ide.mcu.externaltools.gnu-tools-for-stm32.10.3-2021.10.win32_1.0.200.202301161003/tools/bin/../lib/gcc/arm-none-eabi/10.3.1/thumb/v7e-m+fp/hard/crtbegin.o

.rodata         0x0000000008001424       0x10
                0x0000000008001424                . = ALIGN (0x4)
 *(.rodata)
 *(.rodata*)
 .rodata.AHBPrescTable
                0x0000000008001424       0x10 ./Src/system_stm32f4xx.o
                0x0000000008001424                AHBPrescTable
                0x0000000008001434                . = ALIGN (0x4)

.rel.dyn        0x0000000008001434        0x0
 .rel.iplt      0x0000000008001434        0x0 c:/st/stm32cubeide_1.12.0/stm32cubeide/plugins/com.st.stm32cube.ide.mcu.externaltools.gnu-tools-for-stm32.10.3-2021.10.win32_1.0.200.202301161003/tools/bin/../lib/gcc/arm-none-eabi/10.3.1/thumb/v7e-m+fp/hard/crtbegin.o

.ARM.extab      0x0000000008001434        0x0
                0x0000000008001434                . = ALIGN (0x4)
 *(.ARM.extab* .gnu.linkonce.armextab.*)
                0x0000000008001434                . = ALIGN (0x4)

.ARM            0x0000000008001434        0x0
                0x0000000008001434                . = ALIGN (0x4)
                0x0000000008001434                __exidx_start = .
 *(.ARM.exidx*)
                0x0000000008001434                __exidx_end = .
                0x0000000008001434                . = ALIGN (0x4)

.preinit_array  0x0000000008001434        0x0
                0x0000000008001434                . = ALIGN (0x4)
                0x0000000008001434                PROVIDE (__preinit_array_start = .)
 *(.preinit_array*)
                0x0000000008001434                PROVIDE (__preinit_array_end = .)
                0x0000000008001434                . = ALIGN (0x4)

.init_array     0x0000000008001434        0x4
                0x0000000008001434                . = ALIGN (0x4)
                0x0000000008001434                PROVIDE (__init_array_start = .)
 *(SORT_BY_NAME(.init_array.*))
 *(.init_array*)
 .init_array    0x0000000008001434        0x4 c:/st/stm32cubeide_1.12.0/stm32cubeide/plugins/com.st.stm32cube.ide.mcu.externaltools.gnu-tools-for-stm32.10.3-2021.10.win32_1.0.200.202301161003/tools/bin/../lib/gcc/arm-none-eabi/10.3.1/thumb/v7e-m+fp/hard/crtbegin.o
                0x0000000008001438                PROVIDE (__init_array_end = .)
                0x0000000008001438                . = ALIGN (0x4)

.fini_array     0x0000000008001438        0x4
                0x0000000008001438                . = ALIGN (0x4)
                [!provide]                        PROVIDE (__fini_array_start = .)
 *(SORT_BY_NAME(.fini_array.*))
 *(.fini_array*)
 .fini_array    0x0000000008001438        0x4 c:/st/stm32cubeide_1.12.0/stm32cubeide/plugins/com.st.stm32cube.ide.mcu.externaltools.gnu-tools-for-stm32.10.3-2021.10.win32_1.0.200.202301161003/tools/bin/../lib/gcc/arm-none-eabi/10.3.1/thumb/v7e-m+fp/hard/crtbegin.o
                [!provide]                        PROVIDE (__fini_array_end = .)
                0x000000000800143c                . = ALIGN (0x4)
                0x000000000800143c                _sidata = LOADADDR (.data)

.data           0x0000000020000000        0x4 load address 0x000000000800143c
                0x0000000020000000                . = ALIGN (0x4)
                0x0000000020000000                _sdata = .
 *(.data)
 *(.data*)
 .data.SystemCoreClock
                0x0000000020000000        0x4 ./Src/system_stm32f4xx.o
                0x0000000020000000                SystemCoreClock
 *(.RamFunc)
 *(.RamFunc*)
                0x0000000020000004                . = ALIGN (0x4)
                0x0000000020000004                _edata = .

.igot.plt       0x0000000020000004        0x0 load address 0x0000000008001440
 .igot.plt      0x0000000020000004        0x0 c:/st/stm32cubeide_1.12.0/stm32cubeide/plugins/com.st.stm32cube.ide.mcu.externaltools.gnu-tools-for-stm32.10.3-2021.10.win32_1.0.200.202301161003/tools/bin/../lib/gcc/arm-none-eabi/10.3.1/thumb/v7e-m+fp/hard/crtbegin.o
                0x0000000020000004                . = ALIGN (0x4)

.bss            0x0000000020000004       0x20 load address 0x0000000008001440
                0x0000000020000004                _sbss = .
                0x0000000020000004                __bss_start__ = _sbss
 *(.bss)
 .bss           0x0000000020000004       0x1c c:/st/stm32cubeide_1.12.0/stm32cubeide/plugins/com.st.stm32cube.ide.mcu.externaltools.gnu-tools-for-stm32.10.3-2021.10.win32_1.0.200.202301161003/tools/bin/../lib/gcc/arm-none-eabi/10.3.1/thumb/v7e-m+fp/hard/crtbegin.o
 *(.bss*)
 .bss.timerTrigger
                0x0000000020000020        0x1 ./Src/main.o
                0x0000000020000020                timerTrigger
 .bss.state.0   0x0000000020000021        0x1 D:\GITHUB\STM32\EDS_2023\MCAL_F40x\Debug\libMCAL.a(mcalSPI.o)
 *(COMMON)
                0x0000000020000024                . = ALIGN (0x4)
 *fill*         0x0000000020000022        0x2 
                0x0000000020000024                _ebss = .
                0x0000000020000024                __bss_end__ = _ebss

._user_heap_stack
                0x0000000020000024      0x604 load address 0x0000000008001440
                0x0000000020000028                . = ALIGN (0x8)
 *fill*         0x0000000020000024        0x4 
                [!provide]                        PROVIDE (end = .)
                0x0000000020000028                PROVIDE (_end = .)
                0x0000000020000228                . = (. + _Min_Heap_Size)
 *fill*         0x0000000020000028      0x200 
                0x0000000020000628                . = (. + _Min_Stack_Size)
 *fill*         0x0000000020000228      0x400 
                0x0000000020000628                . = ALIGN (0x8)

/DISCARD/
 libc.a(*)
 libm.a(*)
 libgcc.a(*)

.ARM.attributes
                0x0000000000000000       0x30
 *(.ARM.attributes)
 .ARM.attributes
                0x0000000000000000       0x1e c:/st/stm32cubeide_1.12.0/stm32cubeide/plugins/com.st.stm32cube.ide.mcu.externaltools.gnu-tools-for-stm32.10.3-2021.10.win32_1.0.200.202301161003/tools/bin/../lib/gcc/arm-none-eabi/10.3.1/thumb/v7e-m+fp/hard/crti.o
 .ARM.attributes
                0x000000000000001e       0x34 c:/st/stm32cubeide_1.12.0/stm32cubeide/plugins/com.st.stm32cube.ide.mcu.externaltools.gnu-tools-for-stm32.10.3-2021.10.win32_1.0.200.202301161003/tools/bin/../lib/gcc/arm-none-eabi/10.3.1/thumb/v7e-m+fp/hard/crtbegin.o
 .ARM.attributes
                0x0000000000000052       0x34 ./Src/main.o
 .ARM.attributes
                0x0000000000000086       0x34 ./Src/max7219.o
 .ARM.attributes
                0x00000000000000ba       0x34 ./Src/system_stm32f4xx.o
 .ARM.attributes
                0x00000000000000ee       0x21 ./Startup/startup_stm32f401retx.o
 .ARM.attributes
                0x000000000000010f       0x34 D:\GITHUB\STM32\EDS_2023\MCAL_F40x\Debug\libMCAL.a(mcalGPIO.o)
 .ARM.attributes
                0x0000000000000143       0x34 D:\GITHUB\STM32\EDS_2023\MCAL_F40x\Debug\libMCAL.a(mcalSPI.o)
 .ARM.attributes
                0x0000000000000177       0x34 D:\GITHUB\STM32\EDS_2023\MCAL_F40x\Debug\libMCAL.a(mcalSysTick.o)
 .ARM.attributes
                0x00000000000001ab       0x34 c:/st/stm32cubeide_1.12.0/stm32cubeide/plugins/com.st.stm32cube.ide.mcu.externaltools.gnu-tools-for-stm32.10.3-2021.10.win32_1.0.200.202301161003/tools/bin/../lib/gcc/arm-none-eabi/10.3.1/../../../../arm-none-eabi/lib/thumb/v7e-m+fp/hard\libc_nano.a(lib_a-init.o)
 .ARM.attributes
                0x00000000000001df       0x1e c:/st/stm32cubeide_1.12.0/stm32cubeide/plugins/com.st.stm32cube.ide.mcu.externaltools.gnu-tools-for-stm32.10.3-2021.10.win32_1.0.200.202301161003/tools/bin/../lib/gcc/arm-none-eabi/10.3.1/thumb/v7e-m+fp/hard/crtn.o
OUTPUT(NUCLEO_SPI.elf elf32-littlearm)
LOAD linker stubs
LOAD c:/st/stm32cubeide_1.12.0/stm32cubeide/plugins/com.st.stm32cube.ide.mcu.externaltools.gnu-tools-for-stm32.10.3-2021.10.win32_1.0.200.202301161003/tools/bin/../lib/gcc/arm-none-eabi/10.3.1/../../../../arm-none-eabi/lib/thumb/v7e-m+fp/hard\libc.a
LOAD c:/st/stm32cubeide_1.12.0/stm32cubeide/plugins/com.st.stm32cube.ide.mcu.externaltools.gnu-tools-for-stm32.10.3-2021.10.win32_1.0.200.202301161003/tools/bin/../lib/gcc/arm-none-eabi/10.3.1/../../../../arm-none-eabi/lib/thumb/v7e-m+fp/hard\libm.a
LOAD c:/st/stm32cubeide_1.12.0/stm32cubeide/plugins/com.st.stm32cube.ide.mcu.externaltools.gnu-tools-for-stm32.10.3-2021.10.win32_1.0.200.202301161003/tools/bin/../lib/gcc/arm-none-eabi/10.3.1/thumb/v7e-m+fp/hard\libgcc.a

.debug_info     0x0000000000000000     0x32a0
 .debug_info    0x0000000000000000      0x8e0 ./Src/main.o
 .debug_info    0x00000000000008e0      0x5d0 ./Src/max7219.o
 .debug_info    0x0000000000000eb0      0x548 ./Src/system_stm32f4xx.o
 .debug_info    0x00000000000013f8       0x22 ./Startup/startup_stm32f401retx.o
 .debug_info    0x000000000000141a      0xa59 D:\GITHUB\STM32\EDS_2023\MCAL_F40x\Debug\libMCAL.a(mcalGPIO.o)
 .debug_info    0x0000000000001e73      0xc4f D:\GITHUB\STM32\EDS_2023\MCAL_F40x\Debug\libMCAL.a(mcalSPI.o)
 .debug_info    0x0000000000002ac2      0x7de D:\GITHUB\STM32\EDS_2023\MCAL_F40x\Debug\libMCAL.a(mcalSysTick.o)

.debug_abbrev   0x0000000000000000      0x99d
 .debug_abbrev  0x0000000000000000      0x168 ./Src/main.o
 .debug_abbrev  0x0000000000000168      0x164 ./Src/max7219.o
 .debug_abbrev  0x00000000000002cc      0x116 ./Src/system_stm32f4xx.o
 .debug_abbrev  0x00000000000003e2       0x12 ./Startup/startup_stm32f401retx.o
 .debug_abbrev  0x00000000000003f4      0x1a4 D:\GITHUB\STM32\EDS_2023\MCAL_F40x\Debug\libMCAL.a(mcalGPIO.o)
 .debug_abbrev  0x0000000000000598      0x1f3 D:\GITHUB\STM32\EDS_2023\MCAL_F40x\Debug\libMCAL.a(mcalSPI.o)
 .debug_abbrev  0x000000000000078b      0x212 D:\GITHUB\STM32\EDS_2023\MCAL_F40x\Debug\libMCAL.a(mcalSysTick.o)

.debug_aranges  0x0000000000000000      0x2d0
 .debug_aranges
                0x0000000000000000       0x20 ./Src/main.o
 .debug_aranges
                0x0000000000000020       0x50 ./Src/max7219.o
 .debug_aranges
                0x0000000000000070       0x28 ./Src/system_stm32f4xx.o
 .debug_aranges
                0x0000000000000098       0x28 ./Startup/startup_stm32f401retx.o
 .debug_aranges
                0x00000000000000c0       0xd0 D:\GITHUB\STM32\EDS_2023\MCAL_F40x\Debug\libMCAL.a(mcalGPIO.o)
 .debug_aranges
                0x0000000000000190       0xd0 D:\GITHUB\STM32\EDS_2023\MCAL_F40x\Debug\libMCAL.a(mcalSPI.o)
 .debug_aranges
                0x0000000000000260       0x70 D:\GITHUB\STM32\EDS_2023\MCAL_F40x\Debug\libMCAL.a(mcalSysTick.o)

.debug_ranges   0x0000000000000000      0x268
 .debug_ranges  0x0000000000000000       0x10 ./Src/main.o
 .debug_ranges  0x0000000000000010       0x40 ./Src/max7219.o
 .debug_ranges  0x0000000000000050       0x18 ./Src/system_stm32f4xx.o
 .debug_ranges  0x0000000000000068       0x20 ./Startup/startup_stm32f401retx.o
 .debug_ranges  0x0000000000000088       0xc0 D:\GITHUB\STM32\EDS_2023\MCAL_F40x\Debug\libMCAL.a(mcalGPIO.o)
 .debug_ranges  0x0000000000000148       0xc0 D:\GITHUB\STM32\EDS_2023\MCAL_F40x\Debug\libMCAL.a(mcalSPI.o)
 .debug_ranges  0x0000000000000208       0x60 D:\GITHUB\STM32\EDS_2023\MCAL_F40x\Debug\libMCAL.a(mcalSysTick.o)

.debug_macro    0x0000000000000000     0xeb57
 .debug_macro   0x0000000000000000      0x109 ./Src/main.o
 .debug_macro   0x0000000000000109      0xa7e ./Src/main.o
 .debug_macro   0x0000000000000b87       0x2e ./Src/main.o
 .debug_macro   0x0000000000000bb5       0x28 ./Src/main.o
 .debug_macro   0x0000000000000bdd       0x22 ./Src/main.o
 .debug_macro   0x0000000000000bff       0x8e ./Src/main.o
 .debug_macro   0x0000000000000c8d       0x51 ./Src/main.o
 .debug_macro   0x0000000000000cde      0x103 ./Src/main.o
 .debug_macro   0x0000000000000de1       0x6a ./Src/main.o
 .debug_macro   0x0000000000000e4b      0x1df ./Src/main.o
 .debug_macro   0x000000000000102a       0x1c ./Src/main.o
 .debug_macro   0x0000000000001046       0x22 ./Src/main.o
 .debug_macro   0x0000000000001068       0xd9 ./Src/main.o
 .debug_macro   0x0000000000001141     0x102d ./Src/main.o
 .debug_macro   0x000000000000216e      0x11f ./Src/main.o
 .debug_macro   0x000000000000228d     0xb86c ./Src/main.o
 .debug_macro   0x000000000000daf9       0x6d ./Src/main.o
 .debug_macro   0x000000000000db66       0x22 ./Src/main.o
 .debug_macro   0x000000000000db88       0x3a ./Src/main.o
 .debug_macro   0x000000000000dbc2       0x22 ./Src/main.o
 .debug_macro   0x000000000000dbe4      0x109 ./Src/max7219.o
 .debug_macro   0x000000000000dced       0x1c ./Src/max7219.o
 .debug_macro   0x000000000000dd09       0x34 ./Src/max7219.o
 .debug_macro   0x000000000000dd3d       0xe0 ./Src/system_stm32f4xx.o
 .debug_macro   0x000000000000de1d       0xe1 D:\GITHUB\STM32\EDS_2023\MCAL_F40x\Debug\libMCAL.a(mcalGPIO.o)
 .debug_macro   0x000000000000defe      0xa7e D:\GITHUB\STM32\EDS_2023\MCAL_F40x\Debug\libMCAL.a(mcalGPIO.o)
 .debug_macro   0x000000000000e97c       0xeb D:\GITHUB\STM32\EDS_2023\MCAL_F40x\Debug\libMCAL.a(mcalSPI.o)
 .debug_macro   0x000000000000ea67       0xf0 D:\GITHUB\STM32\EDS_2023\MCAL_F40x\Debug\libMCAL.a(mcalSysTick.o)

.debug_line     0x0000000000000000     0x2b8f
 .debug_line    0x0000000000000000      0x5cc ./Src/main.o
 .debug_line    0x00000000000005cc      0x5fd ./Src/max7219.o
 .debug_line    0x0000000000000bc9      0x50c ./Src/system_stm32f4xx.o
 .debug_line    0x00000000000010d5       0x84 ./Startup/startup_stm32f401retx.o
 .debug_line    0x0000000000001159      0xa98 D:\GITHUB\STM32\EDS_2023\MCAL_F40x\Debug\libMCAL.a(mcalGPIO.o)
 .debug_line    0x0000000000001bf1      0x953 D:\GITHUB\STM32\EDS_2023\MCAL_F40x\Debug\libMCAL.a(mcalSPI.o)
 .debug_line    0x0000000000002544      0x64b D:\GITHUB\STM32\EDS_2023\MCAL_F40x\Debug\libMCAL.a(mcalSysTick.o)

.debug_str      0x0000000000000000    0x506e3
 .debug_str     0x0000000000000000    0x4fae2 ./Src/main.o
                                      0x4fc76 (size before relaxing)
 .debug_str     0x000000000004fae2       0x71 ./Src/max7219.o
                                      0x4f961 (size before relaxing)
 .debug_str     0x000000000004fb53      0x231 ./Src/system_stm32f4xx.o
                                      0x4f5d2 (size before relaxing)
 .debug_str     0x000000000004fd84       0x31 ./Startup/startup_stm32f401retx.o
                                         0x5b (size before relaxing)
 .debug_str     0x000000000004fdb5      0x2c3 D:\GITHUB\STM32\EDS_2023\MCAL_F40x\Debug\libMCAL.a(mcalGPIO.o)
                                      0x4f92a (size before relaxing)
 .debug_str     0x0000000000050078      0x19a D:\GITHUB\STM32\EDS_2023\MCAL_F40x\Debug\libMCAL.a(mcalSPI.o)
                                      0x4faec (size before relaxing)
 .debug_str     0x0000000000050212      0x4d1 D:\GITHUB\STM32\EDS_2023\MCAL_F40x\Debug\libMCAL.a(mcalSysTick.o)
                                      0x4faa4 (size before relaxing)

.comment        0x0000000000000000       0x50
 .comment       0x0000000000000000       0x50 ./Src/main.o
                                         0x51 (size before relaxing)
 .comment       0x0000000000000050       0x51 ./Src/max7219.o
 .comment       0x0000000000000050       0x51 ./Src/system_stm32f4xx.o
 .comment       0x0000000000000050       0x51 D:\GITHUB\STM32\EDS_2023\MCAL_F40x\Debug\libMCAL.a(mcalGPIO.o)
 .comment       0x0000000000000050       0x51 D:\GITHUB\STM32\EDS_2023\MCAL_F40x\Debug\libMCAL.a(mcalSPI.o)
 .comment       0x0000000000000050       0x51 D:\GITHUB\STM32\EDS_2023\MCAL_F40x\Debug\libMCAL.a(mcalSysTick.o)

.debug_frame    0x0000000000000000      0xa7c
 .debug_frame   0x0000000000000000       0x30 ./Src/main.o
 .debug_frame   0x0000000000000030      0x10c ./Src/max7219.o
 .debug_frame   0x000000000000013c       0x58 ./Src/system_stm32f4xx.o
 .debug_frame   0x0000000000000194      0x37c D:\GITHUB\STM32\EDS_2023\MCAL_F40x\Debug\libMCAL.a(mcalGPIO.o)
 .debug_frame   0x0000000000000510      0x38c D:\GITHUB\STM32\EDS_2023\MCAL_F40x\Debug\libMCAL.a(mcalSPI.o)
 .debug_frame   0x000000000000089c      0x1b4 D:\GITHUB\STM32\EDS_2023\MCAL_F40x\Debug\libMCAL.a(mcalSysTick.o)
 .debug_frame   0x0000000000000a50       0x2c c:/st/stm32cubeide_1.12.0/stm32cubeide/plugins/com.st.stm32cube.ide.mcu.externaltools.gnu-tools-for-stm32.10.3-2021.10.win32_1.0.200.202301161003/tools/bin/../lib/gcc/arm-none-eabi/10.3.1/../../../../arm-none-eabi/lib/thumb/v7e-m+fp/hard\libc_nano.a(lib_a-init.o)
