../Src/ST7735.c:192:13:commandList	24	static
../Src/ST7735.c:215:13:commonInit	16	static
../Src/ST7735.c:233:6:lcd7735_initB	8	static
../Src/ST7735.c:239:6:lcd7735_initR	16	static
../Src/ST7735.c:262:6:lcd7735_setAddrWindow	24	static
../Src/ST7735.c:277:6:lcd7735_pushColor	16	static
../Src/ST7735.c:283:6:lcd7735_drawPixel	16	static
../Src/ST7735.c:292:6:lcd7735_fillRect	24	static
../Src/ST7735.c:313:6:lcd7735_drawFastVLine	24	static
../Src/ST7735.c:325:6:lcd7735_drawFastHLine	24	static
../Src/ST7735.c:337:6:lcd7735_drawFastLine	48	static
../Src/ST7735.c:380:6:lcd7735_drawRect	24	static
../Src/ST7735.c:387:6:lcd7735_drawCircle	56	static
../Src/ST7735.c:431:6:lcd7735_fillCircle	32	static
../Src/ST7735.c:442:6:lcd7735_drawBitmap	56	static
../Src/ST7735.c:484:6:lcd7735_drawBitmapRotate	80	static
../Src/ST7735.c:504:6:lcd7735_setFont	16	static
../Src/ST7735.c:512:6:printChar	48	static
../Src/ST7735.c:562:6:rotateChar	88	static
../Src/ST7735.c:595:6:lcd7735_print	40	static
../Src/ST7735.c:651:13:_scrollup	16	static
../Src/ST7735.c:675:13:cursor_expose	40	static
../Src/ST7735.c:697:13:cursor_nl	8	static
../Src/ST7735.c:705:13:cursor_fwd	8	static
../Src/ST7735.c:713:13:cursor_init	4	static
../Src/ST7735.c:718:13:_putch	48	static
../Src/ST7735.c:748:6:lcd7735_init_screen	24	static
../Src/ST7735.c:767:6:lcd7735_putc	16	static
../Src/ST7735.c:778:6:lcd7735_puts	24	static
../Src/ST7735.c:792:6:lcd7735_cursor_set	16	static
../Src/ST7735.c:806:6:lcd7735_fillScreen	24	static
../Src/ST7735.c:811:10:lcd7735_Color565	16	static
../Src/ST7735.c:815:6:lcd7735_setRotation	24	static
../Src/ST7735.c:846:6:lcd7735_invertDisplay	16	static
../Src/ST7735.c:851:6:lcd7735_lcdOff	8	static
../Src/ST7735.c:855:6:lcd7735_lcdOn	8	static
../Src/ST7735.c:859:9:lcd7735_getWidth	4	static
../Src/ST7735.c:862:9:lcd7735_getHeight	4	static
